\BOOKMARK [1][-]{titlepage.1}{\376\377\000T\000i\000t\000l\000e\000p\000a\000g\000e}{}% 1
\BOOKMARK [1][-]{abstract.1}{\376\377\000A\000b\000s\000t\000r\000a\000c\000t}{}% 2
\BOOKMARK [1][-]{abstractgenaud.1}{\376\377\000G\000e\000n\000e\000r\000a\000l\000\040\000A\000u\000d\000i\000e\000n\000c\000e\000\040\000A\000b\000s\000t\000r\000a\000c\000t}{}% 3
\BOOKMARK [1][-]{dedication.1}{\376\377\000D\000e\000d\000i\000c\000a\000t\000i\000o\000n}{}% 4
\BOOKMARK [1][-]{acknowledgements.1}{\376\377\000A\000c\000k\000n\000o\000w\000l\000e\000d\000g\000e\000m\000e\000n\000t\000s}{}% 5
\BOOKMARK [0][-]{chapter*.4}{\376\377\000L\000i\000s\000t\000\040\000o\000f\000\040\000F\000i\000g\000u\000r\000e\000s}{}% 6
\BOOKMARK [0][-]{chapter*.5}{\376\377\000L\000i\000s\000t\000\040\000o\000f\000\040\000T\000a\000b\000l\000e\000s}{}% 7
\BOOKMARK [0][-]{chapter.1}{\376\377\000I\000n\000t\000r\000o\000d\000u\000c\000t\000i\000o\000n}{}% 8
\BOOKMARK [1][-]{section.1.1}{\376\377\000P\000r\000o\000b\000l\000e\000m\000\040\000S\000t\000a\000t\000e\000m\000e\000n\000t}{chapter.1}% 9
\BOOKMARK [1][-]{section.1.2}{\376\377\000P\000r\000o\000p\000o\000s\000e\000d\000\040\000S\000o\000l\000u\000t\000i\000o\000n}{chapter.1}% 10
\BOOKMARK [1][-]{section.1.3}{\376\377\000C\000o\000n\000t\000r\000i\000b\000u\000t\000i\000o\000n\000s}{chapter.1}% 11
\BOOKMARK [1][-]{section.1.4}{\376\377\000T\000h\000e\000s\000i\000s\000\040\000O\000r\000g\000a\000n\000i\000z\000a\000t\000i\000o\000n}{chapter.1}% 12
\BOOKMARK [0][-]{chapter.2}{\376\377\000R\000e\000v\000i\000e\000w\000\040\000o\000f\000\040\000L\000i\000t\000e\000r\000a\000t\000u\000r\000e}{}% 13
\BOOKMARK [0][-]{chapter.3}{\376\377\000M\000e\000t\000h\000o\000d\000o\000l\000o\000g\000y\000\040\000a\000n\000d\000\040\000I\000m\000p\000l\000e\000m\000e\000n\000t\000a\000t\000i\000o\000n}{}% 14
\BOOKMARK [1][-]{section.3.1}{\376\377\000S\000y\000s\000t\000e\000m\000\040\000A\000r\000c\000h\000i\000t\000e\000c\000t\000u\000r\000e}{chapter.3}% 15
\BOOKMARK [1][-]{section.3.2}{\376\377\000P\000r\000e\000p\000r\000o\000c\000e\000s\000s\000i\000n\000g\000\040\000a\000n\000d\000\040\000P\000a\000r\000s\000i\000n\000g\000\040\000S\000t\000r\000a\000t\000e\000g\000y}{chapter.3}% 16
\BOOKMARK [1][-]{section.3.3}{\376\377\000S\000t\000r\000u\000c\000t\000u\000r\000e\000\040\000A\000n\000a\000l\000y\000s\000i\000s\000\040\000a\000n\000d\000\040\000T\000y\000p\000e\000\040\000E\000x\000t\000r\000a\000c\000t\000i\000o\000n}{chapter.3}% 17
\BOOKMARK [2][-]{subsection.3.3.1}{\376\377\000P\000o\000i\000n\000t\000e\000r\000\040\000C\000l\000a\000s\000s\000i\000f\000i\000c\000a\000t\000i\000o\000n\000\040\000a\000n\000d\000\040\000M\000e\000t\000a\000d\000a\000t\000a\000\040\000E\000x\000t\000r\000a\000c\000t\000i\000o\000n}{section.3.3}% 18
\BOOKMARK [2][-]{subsection.3.3.2}{\376\377\000I\000n\000p\000u\000t\000\040\000I\000d\000e\000n\000t\000i\000f\000i\000c\000a\000t\000i\000o\000n\000\040\000S\000t\000r\000a\000t\000e\000g\000y}{section.3.3}% 19
\BOOKMARK [2][-]{subsection.3.3.3}{\376\377\000T\000y\000p\000e\000\040\000S\000y\000s\000t\000e\000m\000\040\000M\000a\000p\000p\000i\000n\000g}{section.3.3}% 20
\BOOKMARK [1][-]{section.3.4}{\376\377\000P\000r\000o\000t\000o\000c\000o\000l\000\040\000B\000u\000f\000f\000e\000r\000\040\000S\000c\000h\000e\000m\000a\000\040\000G\000e\000n\000e\000r\000a\000t\000i\000o\000n}{chapter.3}% 21
\BOOKMARK [2][-]{subsection.3.4.1}{\376\377\000H\000e\000l\000p\000e\000r\000\040\000M\000e\000s\000s\000a\000g\000e\000\040\000G\000e\000n\000e\000r\000a\000t\000i\000o\000n\000\040\000S\000t\000r\000a\000t\000e\000g\000y}{section.3.4}% 22
\BOOKMARK [2][-]{subsection.3.4.2}{\376\377\000M\000e\000s\000s\000a\000g\000e\000\040\000D\000e\000f\000i\000n\000i\000t\000i\000o\000n\000\040\000C\000r\000e\000a\000t\000i\000o\000n}{section.3.4}% 23
\BOOKMARK [2][-]{subsection.3.4.3}{\376\377\000T\000y\000p\000e\000\040\000R\000e\000s\000o\000l\000u\000t\000i\000o\000n\000\040\000a\000n\000d\000\040\000V\000a\000l\000i\000d\000a\000t\000i\000o\000n}{section.3.4}% 24
\BOOKMARK [1][-]{section.3.5}{\376\377\000W\000r\000a\000p\000p\000e\000r\000\040\000C\000o\000d\000e\000\040\000G\000e\000n\000e\000r\000a\000t\000i\000o\000n}{chapter.3}% 25
\BOOKMARK [2][-]{subsection.3.5.1}{\376\377\000N\000a\000n\000o\000p\000b\000\040\000I\000n\000t\000e\000g\000r\000a\000t\000i\000o\000n}{section.3.5}% 26
\BOOKMARK [2][-]{subsection.3.5.2}{\376\377\000P\000o\000i\000n\000t\000e\000r\000\040\000R\000e\000c\000o\000n\000s\000t\000r\000u\000c\000t\000i\000o\000n\000\040\000S\000t\000r\000a\000t\000e\000g\000y}{section.3.5}% 27
\BOOKMARK [2][-]{subsection.3.5.3}{\376\377\000M\000e\000m\000o\000r\000y\000\040\000M\000a\000n\000a\000g\000e\000m\000e\000n\000t\000\040\000a\000n\000d\000\040\000C\000l\000e\000a\000n\000u\000p}{section.3.5}% 28
\BOOKMARK [1][-]{section.3.6}{\376\377\000E\000M\000I\000\040\000V\000a\000l\000i\000d\000a\000t\000i\000o\000n\000\040\000P\000o\000l\000i\000c\000y}{chapter.3}% 29
\BOOKMARK [2][-]{subsection.3.6.1}{\376\377\000E\000M\000I\000\040\000G\000u\000a\000r\000d\000\040\000C\000l\000a\000s\000s\000i\000f\000i\000c\000a\000t\000i\000o\000n}{section.3.6}% 30
\BOOKMARK [2][-]{subsection.3.6.2}{\376\377\000E\000M\000I\000\040\000R\000e\000j\000e\000c\000t\000i\000o\000n\000\040\000P\000r\000o\000t\000o\000c\000o\000l}{section.3.6}% 31
\BOOKMARK [2][-]{subsection.3.6.3}{\376\377\000E\000M\000I\000\040\000P\000o\000l\000i\000c\000y\000\040\000R\000a\000t\000i\000o\000n\000a\000l\000e}{section.3.6}% 32
\BOOKMARK [1][-]{section.3.7}{\376\377\000P\000a\000s\000s\000-\000T\000h\000r\000o\000u\000g\000h\000\040\000M\000o\000d\000e\000\040\000f\000o\000r\000\040\000P\000a\000r\000s\000e\000r\000\040\000F\000u\000n\000c\000t\000i\000o\000n\000s}{chapter.3}% 33
\BOOKMARK [2][-]{subsection.3.7.1}{\376\377\000P\000a\000r\000s\000e\000r\000\040\000D\000e\000t\000e\000c\000t\000i\000o\000n\000\040\000H\000e\000u\000r\000i\000s\000t\000i\000c\000s}{section.3.7}% 34
\BOOKMARK [2][-]{subsection.3.7.2}{\376\377\000P\000a\000s\000s\000-\000T\000h\000r\000o\000u\000g\000h\000\040\000W\000r\000a\000p\000p\000e\000r\000\040\000G\000e\000n\000e\000r\000a\000t\000i\000o\000n}{section.3.7}% 35
\BOOKMARK [2][-]{subsection.3.7.3}{\376\377\000U\000s\000e\000\040\000C\000a\000s\000e\000s\000\040\000a\000n\000d\000\040\000E\000v\000a\000l\000u\000a\000t\000i\000o\000n}{section.3.7}% 36
\BOOKMARK [1][-]{section.3.8}{\376\377\000T\000e\000s\000t\000i\000n\000g\000\040\000a\000n\000d\000\040\000V\000a\000l\000i\000d\000a\000t\000i\000o\000n\000\040\000F\000r\000a\000m\000e\000w\000o\000r\000k}{chapter.3}% 37
\BOOKMARK [2][-]{subsection.3.8.1}{\376\377\000S\000t\000a\000g\000e\000\040\000A\000:\000\040\000C\000o\000r\000p\000u\000s\000\040\000D\000i\000s\000c\000o\000v\000e\000r\000y\000\040\000v\000i\000a\000\040\000l\000i\000b\000F\000u\000z\000z\000e\000r}{section.3.8}% 38
\BOOKMARK [2][-]{subsection.3.8.2}{\376\377\000S\000t\000a\000g\000e\000\040\000B\000:\000\040\000D\000i\000f\000f\000e\000r\000e\000n\000t\000i\000a\000l\000\040\000R\000e\000p\000l\000a\000y\000\040\000a\000n\000d\000\040\000C\000l\000a\000s\000s\000i\000f\000i\000c\000a\000t\000i\000o\000n}{section.3.8}% 39
\BOOKMARK [2][-]{subsection.3.8.3}{\376\377\000C\000l\000a\000s\000s\000i\000f\000i\000c\000a\000t\000i\000o\000n\000\040\000C\000r\000i\000t\000e\000r\000i\000a}{section.3.8}% 40
\BOOKMARK [2][-]{subsection.3.8.4}{\376\377\000D\000u\000a\000l\000-\000M\000o\000d\000e\000\040\000A\000r\000c\000h\000i\000t\000e\000c\000t\000u\000r\000e}{section.3.8}% 41
\BOOKMARK [1][-]{section.3.9}{\376\377\000B\000u\000i\000l\000d\000\040\000S\000y\000s\000t\000e\000m\000\040\000a\000n\000d\000\040\000C\000o\000m\000p\000i\000l\000a\000t\000i\000o\000n}{chapter.3}% 42
\BOOKMARK [1][-]{section.3.10}{\376\377\000I\000m\000p\000l\000e\000m\000e\000n\000t\000a\000t\000i\000o\000n\000\040\000C\000h\000a\000l\000l\000e\000n\000g\000e\000s\000\040\000a\000n\000d\000\040\000S\000o\000l\000u\000t\000i\000o\000n\000s}{chapter.3}% 43
\BOOKMARK [2][-]{subsection.3.10.1}{\376\377\000S\000t\000r\000i\000n\000g\000\040\000B\000u\000f\000f\000e\000r\000\040\000I\000n\000i\000t\000i\000a\000l\000i\000z\000a\000t\000i\000o\000n\000\040\000\050\000F\000i\000x\000e\000d\000\040\000A\000u\000g\000u\000s\000t\000\040\0002\0000\0002\0005\000\051}{section.3.10}% 44
\BOOKMARK [2][-]{subsection.3.10.2}{\376\377\000U\000T\000F\000-\0008\000\040\000V\000a\000l\000i\000d\000a\000t\000i\000o\000n\000\040\000M\000i\000s\000m\000a\000t\000c\000h}{section.3.10}% 45
\BOOKMARK [2][-]{subsection.3.10.3}{\376\377\000C\000\040\000L\000a\000n\000g\000u\000a\000g\000e\000\040\000C\000o\000m\000p\000l\000e\000x\000i\000t\000y}{section.3.10}% 46
\BOOKMARK [0][-]{chapter.4}{\376\377\000E\000v\000a\000l\000u\000a\000t\000i\000o\000n}{}% 47
\BOOKMARK [1][-]{section.4.1}{\376\377\000E\000v\000a\000l\000u\000a\000t\000i\000o\000n\000\040\000M\000e\000t\000h\000o\000d\000o\000l\000o\000g\000y}{chapter.4}% 48
\BOOKMARK [2][-]{subsection.4.1.1}{\376\377\000T\000e\000s\000t\000\040\000C\000o\000r\000p\000u\000s}{section.4.1}% 49
\BOOKMARK [2][-]{subsection.4.1.2}{\376\377\000E\000x\000p\000e\000r\000i\000m\000e\000n\000t\000a\000l\000\040\000S\000e\000t\000u\000p}{section.4.1}% 50
\BOOKMARK [1][-]{section.4.2}{\376\377\000N\000a\000n\000o\000p\000b\000\040\000R\000e\000f\000e\000r\000e\000n\000c\000e\000\040\000D\000e\000c\000o\000d\000e\000r\000\040\000R\000e\000s\000u\000l\000t\000s}{chapter.4}% 51
\BOOKMARK [2][-]{subsection.4.2.1}{\376\377\0000\000\045\000\040\000F\000a\000l\000s\000e\000\040\000P\000o\000s\000i\000t\000i\000v\000e\000\040\000A\000c\000h\000i\000e\000v\000e\000m\000e\000n\000t}{section.4.2}% 52
\BOOKMARK [2][-]{subsection.4.2.2}{\376\377\000C\000o\000m\000p\000a\000r\000i\000s\000o\000n\000\040\000w\000i\000t\000h\000\040\000C\000+\000+\000\040\000P\000r\000o\000t\000o\000b\000u\000f\000\040\000R\000e\000f\000e\000r\000e\000n\000c\000e}{section.4.2}% 53
\BOOKMARK [1][-]{section.4.3}{\376\377\000E\000M\000I\000\040\000G\000u\000a\000r\000d\000\040\000V\000a\000l\000i\000d\000a\000t\000i\000o\000n\000\040\000R\000e\000s\000u\000l\000t\000s}{chapter.4}% 54
\BOOKMARK [2][-]{subsection.4.3.1}{\376\377\000S\000l\000i\000c\000e\000\040\000P\000o\000i\000n\000t\000e\000r\000\040\000S\000e\000m\000a\000n\000t\000i\000c\000\040\000V\000i\000o\000l\000a\000t\000i\000o\000n\000s}{section.4.3}% 55
\BOOKMARK [2][-]{subsection.4.3.2}{\376\377\000E\000M\000I\000\040\000R\000e\000j\000e\000c\000t\000i\000o\000n\000\040\000R\000e\000a\000s\000o\000n\000s\000\040\000D\000i\000s\000t\000r\000i\000b\000u\000t\000i\000o\000n}{section.4.3}% 56
\BOOKMARK [1][-]{section.4.4}{\376\377\000D\000e\000c\000o\000d\000e\000r\000\040\000C\000o\000n\000s\000i\000s\000t\000e\000n\000c\000y\000\040\000A\000n\000a\000l\000y\000s\000i\000s}{chapter.4}% 57
\BOOKMARK [2][-]{subsection.4.4.1}{\376\377\000D\000I\000F\000F\000\040\000C\000a\000t\000e\000g\000o\000r\000y\000\040\000B\000r\000e\000a\000k\000d\000o\000w\000n}{section.4.4}% 58
\BOOKMARK [2][-]{subsection.4.4.2}{\376\377\000E\000m\000p\000i\000r\000i\000c\000a\000l\000\040\000V\000a\000l\000i\000d\000a\000t\000i\000o\000n\000\040\000T\000i\000m\000e\000l\000i\000n\000e}{section.4.4}% 59
\BOOKMARK [1][-]{section.4.5}{\376\377\000P\000a\000s\000s\000-\000T\000h\000r\000o\000u\000g\000h\000\040\000M\000o\000d\000e\000\040\000R\000e\000s\000u\000l\000t\000s}{chapter.4}% 60
\BOOKMARK [2][-]{subsection.4.5.1}{\376\377\000P\000a\000r\000s\000e\000r\000\040\000F\000u\000n\000c\000t\000i\000o\000n\000\040\000E\000v\000a\000l\000u\000a\000t\000i\000o\000n}{section.4.5}% 61
\BOOKMARK [2][-]{subsection.4.5.2}{\376\377\000P\000a\000s\000s\000-\000T\000h\000r\000o\000u\000g\000h\000\040\000v\000s\000\040\000P\000r\000o\000t\000o\000b\000u\000f\000\040\000C\000o\000m\000p\000a\000r\000i\000s\000o\000n}{section.4.5}% 62
\BOOKMARK [1][-]{section.4.6}{\376\377\000P\000o\000i\000n\000t\000e\000r\000\040\000F\000i\000x\000t\000u\000r\000e\000\040\000C\000o\000v\000e\000r\000a\000g\000e}{chapter.4}% 63
\BOOKMARK [1][-]{section.4.7}{\376\377\000P\000e\000r\000f\000o\000r\000m\000a\000n\000c\000e\000\040\000O\000v\000e\000r\000h\000e\000a\000d\000\040\000A\000n\000a\000l\000y\000s\000i\000s}{chapter.4}% 64
\BOOKMARK [1][-]{section.4.8}{\376\377\000S\000u\000m\000m\000a\000r\000y\000\040\000o\000f\000\040\000E\000v\000a\000l\000u\000a\000t\000i\000o\000n\000\040\000R\000e\000s\000u\000l\000t\000s}{chapter.4}% 65
\BOOKMARK [0][-]{chapter.5}{\376\377\000D\000i\000s\000c\000u\000s\000s\000i\000o\000n}{}% 66
\BOOKMARK [1][-]{section.5.1}{\376\377\000P\000o\000i\000n\000t\000e\000r\000\040\000M\000a\000n\000a\000g\000e\000m\000e\000n\000t\000\040\000i\000n\000\040\000P\000r\000a\000c\000t\000i\000c\000e}{chapter.5}% 67
\BOOKMARK [1][-]{section.5.2}{\376\377\000E\000M\000I\000\040\000a\000s\000\040\000a\000\040\000F\000r\000a\000m\000i\000n\000g\000\040\000D\000e\000v\000i\000c\000e}{chapter.5}% 68
\BOOKMARK [1][-]{section.5.3}{\376\377\000D\000e\000c\000o\000d\000e\000r\000\040\000S\000e\000l\000e\000c\000t\000i\000o\000n\000\040\000I\000m\000p\000l\000i\000c\000a\000t\000i\000o\000n\000s}{chapter.5}% 69
\BOOKMARK [2][-]{subsection.5.3.1}{\376\377\000T\000o\000o\000l\000\040\000V\000a\000l\000i\000d\000a\000t\000i\000o\000n\000\040\000M\000o\000d\000e\000\040\000\050\000C\000+\000+\000\040\000P\000r\000o\000t\000o\000b\000u\000f\000\040\000R\000e\000f\000e\000r\000e\000n\000c\000e\000\051}{section.5.3}% 70
\BOOKMARK [2][-]{subsection.5.3.2}{\376\377\000P\000r\000o\000d\000u\000c\000t\000i\000o\000n\000\040\000F\000u\000z\000z\000i\000n\000g\000\040\000M\000o\000d\000e\000\040\000\050\000N\000a\000n\000o\000p\000b\000\040\000R\000e\000f\000e\000r\000e\000n\000c\000e\000,\000\040\000D\000e\000f\000a\000u\000l\000t\000\051}{section.5.3}% 71
\BOOKMARK [2][-]{subsection.5.3.3}{\376\377\000R\000e\000c\000o\000m\000m\000e\000n\000d\000e\000d\000\040\000W\000o\000r\000k\000f\000l\000o\000w}{section.5.3}% 72
\BOOKMARK [1][-]{section.5.4}{\376\377\000T\000h\000r\000e\000a\000t\000s\000\040\000t\000o\000\040\000V\000a\000l\000i\000d\000i\000t\000y}{chapter.5}% 73
\BOOKMARK [2][-]{subsection.5.4.1}{\376\377\000E\000M\000I\000\040\000G\000u\000a\000r\000d\000\040\000H\000e\000u\000r\000i\000s\000t\000i\000c\000s}{section.5.4}% 74
\BOOKMARK [2][-]{subsection.5.4.2}{\376\377\000D\000e\000t\000e\000r\000m\000i\000n\000i\000s\000t\000i\000c\000\040\000P\000r\000o\000g\000r\000a\000m\000\040\000A\000s\000s\000u\000m\000p\000t\000i\000o\000n}{section.5.4}% 75
\BOOKMARK [2][-]{subsection.5.4.3}{\376\377\000B\000e\000n\000c\000h\000m\000a\000r\000k\000\040\000D\000i\000v\000e\000r\000s\000i\000t\000y}{section.5.4}% 76
\BOOKMARK [2][-]{subsection.5.4.4}{\376\377\000E\000x\000t\000e\000r\000n\000a\000l\000\040\000L\000i\000b\000r\000a\000r\000y\000\040\000I\000n\000t\000e\000g\000r\000a\000t\000i\000o\000n}{section.5.4}% 77
\BOOKMARK [1][-]{section.5.5}{\376\377\000C\000o\000m\000p\000a\000r\000i\000s\000o\000n\000\040\000w\000i\000t\000h\000\040\000R\000e\000l\000a\000t\000e\000d\000\040\000W\000o\000r\000k}{chapter.5}% 78
\BOOKMARK [2][-]{subsection.5.5.1}{\376\377\000v\000s\000.\000\040\000M\000a\000n\000u\000a\000l\000\040\000H\000a\000r\000n\000e\000s\000s\000\040\000W\000r\000i\000t\000i\000n\000g}{section.5.5}% 79
\BOOKMARK [2][-]{subsection.5.5.2}{\376\377\000v\000s\000.\000\040\000F\000u\000z\000z\000G\000e\000n\000\040\000/\000\040\000L\000L\000M\000-\000B\000a\000s\000e\000d\000\040\000A\000p\000p\000r\000o\000a\000c\000h\000e\000s}{section.5.5}% 80
\BOOKMARK [2][-]{subsection.5.5.3}{\376\377\000v\000s\000.\000\040\000S\000y\000m\000b\000o\000l\000i\000c\000\040\000E\000x\000e\000c\000u\000t\000i\000o\000n\000\040\000\050\000K\000L\000E\000E\000,\000\040\000D\000A\000R\000T\000\051}{section.5.5}% 81
\BOOKMARK [0][-]{chapter.6}{\376\377\000C\000o\000n\000c\000l\000u\000s\000i\000o\000n\000s}{}% 82
\BOOKMARK [0][-]{chapter.7}{\376\377\000S\000u\000m\000m\000a\000r\000y}{}% 83
\BOOKMARK [0][-]{chapter*.16}{\376\377\000B\000i\000b\000l\000i\000o\000g\000r\000a\000p\000h\000y}{}% 84
\BOOKMARK [0][-]{section*.17}{\376\377\000A\000p\000p\000e\000n\000d\000i\000c\000e\000s}{}% 85
\BOOKMARK [0][-]{appendix.a.A}{\376\377\000A\000p\000p\000e\000n\000d\000i\000x\000\040\000P\000I\000N\000\040\000I\000m\000p\000l\000e\000m\000e\000n\000t\000a\000t\000i\000o\000n\000\040\000D\000e\000t\000a\000i\000l\000s}{}% 86
\BOOKMARK [1][-]{section.a.A.1}{\376\377\000T\000y\000p\000e\000\040\000M\000a\000p\000p\000i\000n\000g\000\040\000R\000e\000f\000e\000r\000e\000n\000c\000e}{appendix.a.A}% 87
\BOOKMARK [1][-]{section.a.A.2}{\376\377\000C\000o\000m\000m\000a\000n\000d\000\040\000L\000i\000n\000e\000\040\000I\000n\000t\000e\000r\000f\000a\000c\000e}{appendix.a.A}% 88
\BOOKMARK [0][-]{appendix.a.B}{\376\377\000A\000p\000p\000e\000n\000d\000i\000x\000\040\000E\000v\000a\000l\000u\000a\000t\000i\000o\000n\000\040\000D\000a\000t\000a}{}% 89
\BOOKMARK [1][-]{section.a.B.1}{\376\377\000C\000o\000m\000p\000l\000e\000t\000e\000\040\000T\000e\000s\000t\000\040\000R\000e\000s\000u\000l\000t\000s}{appendix.a.B}% 90
\BOOKMARK [1][-]{section.a.B.2}{\376\377\000E\000r\000r\000o\000r\000\040\000A\000n\000a\000l\000y\000s\000i\000s}{appendix.a.B}% 91
\BOOKMARK [1][-]{section.a.B.3}{\376\377\000P\000e\000r\000f\000o\000r\000m\000a\000n\000c\000e\000\040\000P\000r\000o\000f\000i\000l\000i\000n\000g}{appendix.a.B}% 92
\BOOKMARK [0][-]{appendix.a.C}{\376\377\000A\000p\000p\000e\000n\000d\000i\000x\000\040\000G\000e\000n\000e\000r\000a\000t\000e\000d\000\040\000C\000o\000d\000e\000\040\000E\000x\000a\000m\000p\000l\000e\000s}{}% 93
\BOOKMARK [1][-]{section.a.C.1}{\376\377\000S\000a\000m\000p\000l\000e\000\040\000P\000r\000o\000t\000o\000c\000o\000l\000\040\000B\000u\000f\000f\000e\000r\000\040\000S\000c\000h\000e\000m\000a}{appendix.a.C}% 94
\BOOKMARK [1][-]{section.a.C.2}{\376\377\000S\000a\000m\000p\000l\000e\000\040\000W\000r\000a\000p\000p\000e\000r\000\040\000C\000o\000d\000e}{appendix.a.C}% 95
\BOOKMARK [0][-]{appendix.a.D}{\376\377\000A\000p\000p\000e\000n\000d\000i\000x\000\040\000E\000x\000t\000e\000r\000n\000a\000l\000\040\000L\000i\000b\000r\000a\000r\000y\000\040\000I\000n\000t\000e\000g\000r\000a\000t\000i\000o\000n}{}% 96
\BOOKMARK [1][-]{section.a.D.1}{\376\377\000H\000a\000n\000d\000l\000e\000\040\000A\000c\000q\000u\000i\000s\000i\000t\000i\000o\000n\000\040\000P\000a\000t\000t\000e\000r\000n\000s}{appendix.a.D}% 97
