DEBUG: Wrapper parse found struct MyStruct with fields [('int', 'id'), ('float', 'score'), ('char[32]', 'name'), ('double[3]', 'values'), ('struct (unnamed struct at /home/priyatam/pin/examples/simple_benchs/myprog.c:6:5)', 'sub')]
DEBUG: Wrapper parse found struct AnonymousStruct1 with fields [('int', 'code'), ('char[16]', 'desc')]
DEBUG: Wrapper parse found struct AnonymousStruct2 with fields [('int', 'code'), ('char[16]', 'desc')]
DEBUG: Wrapper parse found struct MyStruct with fields [('int', 'id'), ('float', 'score'), ('char[32]', 'name'), ('double[3]', 'values'), ('struct (unnamed struct at /home/priyatam/pin/examples/simple_benchs/myprog.c:6:5)', 'sub')]
DEBUG: Wrapper parse found struct AnonymousStruct3 with fields [('int', 'code'), ('char[16]', 'desc')]
DEBUG: Wrapper parse found struct AnonymousStruct4 with fields [('int', 'code'), ('char[16]', 'desc')]
DEBUG: Wrapper parse found struct __fsid_t with fields [('int[2]', '__val')]
DEBUG: Wrapper parse found struct __fsid_t with fields [('int[2]', '__val')]
DEBUG: Wrapper parse found struct __mbstate_t with fields [('int', '__count'), ('union (unnamed union at /usr/include/x86_64-linux-gnu/bits/types/__mbstate_t.h:16:3)', '__value')]
DEBUG: Wrapper parse found struct __mbstate_t with fields [('int', '__count'), ('union (unnamed union at /usr/include/x86_64-linux-gnu/bits/types/__mbstate_t.h:16:3)', '__value')]
DEBUG: Wrapper parse found struct _G_fpos_t with fields [('__off_t', '__pos'), ('__mbstate_t', '__state')]
DEBUG: Wrapper parse found struct _G_fpos_t with fields [('__off_t', '__pos'), ('__mbstate_t', '__state')]
DEBUG: Wrapper parse found struct _G_fpos64_t with fields [('__off64_t', '__pos'), ('__mbstate_t', '__state')]
DEBUG: Wrapper parse found struct _G_fpos64_t with fields [('__off64_t', '__pos'), ('__mbstate_t', '__state')]
DEBUG: Wrapper parse found struct _IO_FILE with fields []
DEBUG: Wrapper parse found struct _IO_FILE with fields []
DEBUG: Wrapper parse found struct _IO_FILE with fields []
DEBUG: Wrapper parse found struct _IO_marker with fields []
DEBUG: Wrapper parse found struct _IO_codecvt with fields []
DEBUG: Wrapper parse found struct _IO_wide_data with fields []
DEBUG: Wrapper parse found struct _IO_FILE with fields [('int', '_flags'), ('char *', '_IO_read_ptr'), ('char *', '_IO_read_end'), ('char *', '_IO_read_base'), ('char *', '_IO_write_base'), ('char *', '_IO_write_ptr'), ('char *', '_IO_write_end'), ('char *', '_IO_buf_base'), ('char *', '_IO_buf_end'), ('char *', '_IO_save_base'), ('char *', '_IO_backup_base'), ('char *', '_IO_save_end'), ('struct _IO_marker *', '_markers'), ('struct _IO_FILE *', '_chain'), ('int', '_fileno'), ('int', '_flags2'), ('__off_t', '_old_offset'), ('unsigned short', '_cur_column'), ('signed char', '_vtable_offset'), ('char[1]', '_shortbuf'), ('_IO_lock_t *', '_lock'), ('__off64_t', '_offset'), ('struct _IO_codecvt *', '_codecvt'), ('struct _IO_wide_data *', '_wide_data'), ('struct _IO_FILE *', '_freeres_list'), ('void *', '_freeres_buf'), ('int', '__pad5'), ('int', '_mode'), ('char', '_unused2')]
DEBUG: pointer context {}
DEBUG: walk_decls called with 3 fields, prefix='', depth=0, parser=libclang
DEBUG: Processing field ('const MyStruct *', 'input'), name=input, is_struct=False, is_ptr=True
DEBUG: Processing field ('const char *', 'name_buf'), name=name_buf, is_struct=False, is_ptr=True
DEBUG: Processing field ('const char *', 'sub_desc_buf'), name=sub_desc_buf, is_struct=False, is_ptr=True
Traceback (most recent call last):
  File "/home/priyatam/pin/src/generate_wrapper_ast.py", line 1347, in <module>
    generate_wrapper(
  File "/home/priyatam/pin/src/generate_wrapper_ast.py", line 1170, in generate_wrapper
    call_str_cpp = make_cpp_call_expr(call_str)
                   ^^^^^^^^^^^^^^^^^^^^^^^^^^^^
  File "/home/priyatam/pin/src/generate_wrapper_ast.py", line 1167, in make_cpp_call_expr
    raise RuntimeError("C++ reference runner could not translate all arguments")
RuntimeError: C++ reference runner could not translate all arguments
