INFO: Running with entropic power schedule (0xFF, 100).
INFO: Seed: 1727178952
INFO: Loaded 1 modules   (4 inline 8-bit counters): 4 [0x5627e992bea0, 0x5627e992bea4), 
INFO: Loaded 1 PC tables (4 PCs): 4 [0x5627e992bea8,0x5627e992bee8), 
INFO:       17 files found in corpus
INFO: -max_len is not provided; libFuzzer will not generate inputs larger than 4096 bytes
INFO: seed corpus: files: 17 min: 2b max: 132b total: 447b rss: 32Mb
#18	INITED cov: 4 ft: 13 corp: 5/18b exec/s: 0 rss: 33Mb
#1048576	pulse  cov: 4 ft: 13 corp: 5/18b lim: 4096 exec/s: 524288 rss: 111Mb
#2097152	pulse  cov: 4 ft: 13 corp: 5/18b lim: 4096 exec/s: 524288 rss: 190Mb
#4194304	pulse  cov: 4 ft: 13 corp: 5/18b lim: 4096 exec/s: 524288 rss: 347Mb
#8388608	pulse  cov: 4 ft: 13 corp: 5/18b lim: 4096 exec/s: 466033 rss: 589Mb
#16777216	pulse  cov: 4 ft: 13 corp: 5/18b lim: 4096 exec/s: 453438 rss: 590Mb
#27426743	DONE   cov: 4 ft: 13 corp: 5/18b lim: 4096 exec/s: 449618 rss: 590Mb
Done 27426743 runs in 61 second(s)
stat::number_of_executed_units: 27426743
stat::average_exec_per_sec:     449618
stat::new_units_added:          0
stat::slowest_unit_time_sec:    0
stat::peak_rss_mb:              590
