DEBUG: Wrapper parse found struct __fsid_t with fields [('int[2]', '__val')]
DEBUG: Wrapper parse found struct __fsid_t with fields [('int[2]', '__val')]
DEBUG: Wrapper parse found struct flock with fields [('short', 'l_type'), ('short', 'l_whence'), ('__off_t', 'l_start'), ('__off_t', 'l_len'), ('__pid_t', 'l_pid')]
DEBUG: Wrapper parse found struct timespec with fields [('__time_t', 'tv_sec'), ('__syscall_slong_t', 'tv_nsec')]
DEBUG: Wrapper parse found struct stat with fields [('__dev_t', 'st_dev'), ('__ino_t', 'st_ino'), ('__nlink_t', 'st_nlink'), ('__mode_t', 'st_mode'), ('__uid_t', 'st_uid'), ('__gid_t', 'st_gid'), ('int', '__pad0'), ('__dev_t', 'st_rdev'), ('__off_t', 'st_size'), ('__blksize_t', 'st_blksize'), ('__blkcnt_t', 'st_blocks'), ('struct timespec', 'st_atim'), ('struct timespec', 'st_mtim'), ('struct timespec', 'st_ctim'), ('__syscall_slong_t[3]', '__glibc_reserved')]
DEBUG: Wrapper parse found struct __sigset_t with fields [('unsigned long[16]', '__val')]
DEBUG: Wrapper parse found struct __sigset_t with fields [('unsigned long[16]', '__val')]
DEBUG: Wrapper parse found struct timeval with fields [('__time_t', 'tv_sec'), ('__suseconds_t', 'tv_usec')]
DEBUG: Wrapper parse found struct fd_set with fields [('__fd_mask[16]', '__fds_bits')]
DEBUG: Wrapper parse found struct fd_set with fields [('__fd_mask[16]', '__fds_bits')]
DEBUG: Wrapper parse found struct AnonymousStruct1 with fields [('unsigned int', '__low'), ('unsigned int', '__high')]
DEBUG: Wrapper parse found struct AnonymousStruct2 with fields [('unsigned int', '__low'), ('unsigned int', '__high')]
DEBUG: Wrapper parse found struct AnonymousStruct3 with fields [('unsigned int', '__low'), ('unsigned int', '__high')]
DEBUG: Wrapper parse found struct AnonymousStruct4 with fields [('unsigned int', '__low'), ('unsigned int', '__high')]
DEBUG: Wrapper parse found struct __pthread_internal_list with fields [('struct __pthread_internal_list *', '__prev'), ('struct __pthread_internal_list *', '__next')]
DEBUG: Wrapper parse found struct __pthread_internal_list with fields [('struct __pthread_internal_list *', '__prev'), ('struct __pthread_internal_list *', '__next')]
DEBUG: Wrapper parse found struct __pthread_internal_slist with fields [('struct __pthread_internal_slist *', '__next')]
DEBUG: Wrapper parse found struct __pthread_internal_slist with fields [('struct __pthread_internal_slist *', '__next')]
DEBUG: Wrapper parse found struct __pthread_mutex_s with fields [('int', '__lock'), ('unsigned int', '__count'), ('int', '__owner'), ('unsigned int', '__nusers'), ('int', '__kind'), ('short', '__spins'), ('short', '__elision'), ('__pthread_list_t', '__list')]
DEBUG: Wrapper parse found struct __pthread_rwlock_arch_t with fields [('unsigned int', '__readers'), ('unsigned int', '__writers'), ('unsigned int', '__wrphase_futex'), ('unsigned int', '__writers_futex'), ('unsigned int', '__pad3'), ('unsigned int', '__pad4'), ('int', '__cur_writer'), ('int', '__shared'), ('signed char', '__rwelision'), ('unsigned char[7]', '__pad1'), ('unsigned long', '__pad2'), ('unsigned int', '__flags')]
DEBUG: Wrapper parse found struct __pthread_cond_s with fields [('__atomic_wide_counter', '__wseq'), ('__atomic_wide_counter', '__g1_start'), ('unsigned int[2]', '__g_refs'), ('unsigned int[2]', '__g_size'), ('unsigned int', '__g1_orig_size'), ('unsigned int', '__wrefs'), ('unsigned int[2]', '__g_signals')]
DEBUG: Wrapper parse found struct __once_flag with fields [('int', '__data')]
DEBUG: Wrapper parse found struct __once_flag with fields [('int', '__data')]
DEBUG: Wrapper parse found struct __locale_struct with fields [('struct __locale_data *[13]', '__locales'), ('const unsigned short *', '__ctype_b'), ('const int *', '__ctype_tolower'), ('const int *', '__ctype_toupper'), ('const char *[13]', '__names')]
DEBUG: Wrapper parse found struct __locale_data with fields []
DEBUG: Wrapper parse found struct entry with fields [('char *', 'key'), ('void *', 'data')]
DEBUG: Wrapper parse found struct entry with fields [('char *', 'key'), ('void *', 'data')]
DEBUG: Wrapper parse found struct _ENTRY with fields []
DEBUG: Wrapper parse found struct TIFFHeaderCommon with fields [('uint16', 'tiff_magic'), ('uint16', 'tiff_version')]
DEBUG: Wrapper parse found struct TIFFHeaderCommon with fields [('uint16', 'tiff_magic'), ('uint16', 'tiff_version')]
DEBUG: Wrapper parse found struct TIFFHeaderClassic with fields [('uint16', 'tiff_magic'), ('uint16', 'tiff_version'), ('uint32', 'tiff_diroff')]
DEBUG: Wrapper parse found struct TIFFHeaderClassic with fields [('uint16', 'tiff_magic'), ('uint16', 'tiff_version'), ('uint32', 'tiff_diroff')]
DEBUG: Wrapper parse found struct TIFFHeaderBig with fields [('uint16', 'tiff_magic'), ('uint16', 'tiff_version'), ('uint16', 'tiff_offsetsize'), ('uint16', 'tiff_unused'), ('uint64', 'tiff_diroff')]
DEBUG: Wrapper parse found struct TIFFHeaderBig with fields [('uint16', 'tiff_magic'), ('uint16', 'tiff_version'), ('uint16', 'tiff_offsetsize'), ('uint16', 'tiff_unused'), ('uint64', 'tiff_diroff')]
DEBUG: Wrapper parse found struct tiff with fields []
DEBUG: Wrapper parse found struct TIFFDisplay with fields [('float[3][3]', 'd_mat'), ('float', 'd_YCR'), ('float', 'd_YCG'), ('float', 'd_YCB'), ('uint32', 'd_Vrwr'), ('uint32', 'd_Vrwg'), ('uint32', 'd_Vrwb'), ('float', 'd_Y0R'), ('float', 'd_Y0G'), ('float', 'd_Y0B'), ('float', 'd_gammaR'), ('float', 'd_gammaG'), ('float', 'd_gammaB')]
DEBUG: Wrapper parse found struct TIFFDisplay with fields [('float[3][3]', 'd_mat'), ('float', 'd_YCR'), ('float', 'd_YCG'), ('float', 'd_YCB'), ('uint32', 'd_Vrwr'), ('uint32', 'd_Vrwg'), ('uint32', 'd_Vrwb'), ('float', 'd_Y0R'), ('float', 'd_Y0G'), ('float', 'd_Y0B'), ('float', 'd_gammaR'), ('float', 'd_gammaG'), ('float', 'd_gammaB')]
DEBUG: Wrapper parse found struct TIFFYCbCrToRGB with fields [('TIFFRGBValue *', 'clamptab'), ('int *', 'Cr_r_tab'), ('int *', 'Cb_b_tab'), ('int32 *', 'Cr_g_tab'), ('int32 *', 'Cb_g_tab'), ('int32 *', 'Y_tab')]
DEBUG: Wrapper parse found struct TIFFYCbCrToRGB with fields [('TIFFRGBValue *', 'clamptab'), ('int *', 'Cr_r_tab'), ('int *', 'Cb_b_tab'), ('int32 *', 'Cr_g_tab'), ('int32 *', 'Cb_g_tab'), ('int32 *', 'Y_tab')]
DEBUG: Wrapper parse found struct TIFFCIELabToRGB with fields [('int', 'range'), ('float', 'rstep'), ('float', 'gstep'), ('float', 'bstep'), ('float', 'X0'), ('float', 'Y0'), ('float', 'Z0'), ('TIFFDisplay', 'display'), ('float[1501]', 'Yr2r'), ('float[1501]', 'Yg2g'), ('float[1501]', 'Yb2b')]
DEBUG: Wrapper parse found struct TIFFCIELabToRGB with fields [('int', 'range'), ('float', 'rstep'), ('float', 'gstep'), ('float', 'bstep'), ('float', 'X0'), ('float', 'Y0'), ('float', 'Z0'), ('TIFFDisplay', 'display'), ('float[1501]', 'Yr2r'), ('float[1501]', 'Yg2g'), ('float[1501]', 'Yb2b')]
DEBUG: Wrapper parse found struct _TIFFRGBAImage with fields []
DEBUG: Wrapper parse found struct _TIFFRGBAImage with fields [('TIFF *', 'tif'), ('int', 'stoponerr'), ('int', 'isContig'), ('int', 'alpha'), ('uint32', 'width'), ('uint32', 'height'), ('uint16', 'bitspersample'), ('uint16', 'samplesperpixel'), ('uint16', 'orientation'), ('uint16', 'req_orientation'), ('uint16', 'photometric'), ('uint16 *', 'redcmap'), ('uint16 *', 'greencmap'), ('uint16 *', 'bluecmap'), ('int (*)(TIFFRGBAImage *, uint32 *, uint32, uint32)', 'get'), ('union (unnamed union at /home/priyatam/pin/../libtiff/libtiff/tiffio.h:217:2)', 'put'), ('TIFFRGBValue *', 'Map'), ('uint32 **', 'BWmap'), ('uint32 **', 'PALmap'), ('TIFFYCbCrToRGB *', 'ycbcr'), ('TIFFCIELabToRGB *', 'cielab'), ('uint8 *', 'UaToAa'), ('uint8 *', 'Bitdepth16To8'), ('int', 'row_offset'), ('int', 'col_offset')]
DEBUG: Wrapper parse found struct TIFFCodec with fields [('char *', 'name'), ('uint16', 'scheme'), ('TIFFInitMethod', 'init')]
DEBUG: Wrapper parse found struct TIFFCodec with fields [('char *', 'name'), ('uint16', 'scheme'), ('TIFFInitMethod', 'init')]
DEBUG: Wrapper parse found struct __mbstate_t with fields [('int', '__count'), ('union (unnamed union at /usr/include/x86_64-linux-gnu/bits/types/__mbstate_t.h:16:3)', '__value')]
DEBUG: Wrapper parse found struct __mbstate_t with fields [('int', '__count'), ('union (unnamed union at /usr/include/x86_64-linux-gnu/bits/types/__mbstate_t.h:16:3)', '__value')]
DEBUG: Wrapper parse found struct _G_fpos_t with fields [('__off_t', '__pos'), ('__mbstate_t', '__state')]
DEBUG: Wrapper parse found struct _G_fpos_t with fields [('__off_t', '__pos'), ('__mbstate_t', '__state')]
DEBUG: Wrapper parse found struct _G_fpos64_t with fields [('__off64_t', '__pos'), ('__mbstate_t', '__state')]
DEBUG: Wrapper parse found struct _G_fpos64_t with fields [('__off64_t', '__pos'), ('__mbstate_t', '__state')]
DEBUG: Wrapper parse found struct _IO_FILE with fields []
DEBUG: Wrapper parse found struct _IO_FILE with fields []
DEBUG: Wrapper parse found struct _IO_FILE with fields []
DEBUG: Wrapper parse found struct _IO_marker with fields []
DEBUG: Wrapper parse found struct _IO_codecvt with fields []
DEBUG: Wrapper parse found struct _IO_wide_data with fields []
DEBUG: Wrapper parse found struct _IO_FILE with fields [('int', '_flags'), ('char *', '_IO_read_ptr'), ('char *', '_IO_read_end'), ('char *', '_IO_read_base'), ('char *', '_IO_write_base'), ('char *', '_IO_write_ptr'), ('char *', '_IO_write_end'), ('char *', '_IO_buf_base'), ('char *', '_IO_buf_end'), ('char *', '_IO_save_base'), ('char *', '_IO_backup_base'), ('char *', '_IO_save_end'), ('struct _IO_marker *', '_markers'), ('struct _IO_FILE *', '_chain'), ('int', '_fileno'), ('int', '_flags2'), ('__off_t', '_old_offset'), ('unsigned short', '_cur_column'), ('signed char', '_vtable_offset'), ('char[1]', '_shortbuf'), ('_IO_lock_t *', '_lock'), ('__off64_t', '_offset'), ('struct _IO_codecvt *', '_codecvt'), ('struct _IO_wide_data *', '_wide_data'), ('struct _IO_FILE *', '_freeres_list'), ('void *', '_freeres_buf'), ('int', '__pad5'), ('int', '_mode'), ('char', '_unused2')]
DEBUG: Wrapper parse found struct _TIFFField with fields []
DEBUG: Wrapper parse found struct _TIFFFieldArray with fields []
DEBUG: Wrapper parse found struct TIFFTagMethods with fields [('TIFFVSetMethod', 'vsetfield'), ('TIFFVGetMethod', 'vgetfield'), ('TIFFPrintMethod', 'printdir')]
DEBUG: Wrapper parse found struct TIFFTagMethods with fields [('TIFFVSetMethod', 'vsetfield'), ('TIFFVGetMethod', 'vgetfield'), ('TIFFPrintMethod', 'printdir')]
DEBUG: Wrapper parse found struct TIFFFieldInfo with fields [('ttag_t', 'field_tag'), ('short', 'field_readcount'), ('short', 'field_writecount'), ('TIFFDataType', 'field_type'), ('unsigned short', 'field_bit'), ('unsigned char', 'field_oktochange'), ('unsigned char', 'field_passcount'), ('char *', 'field_name')]
DEBUG: Wrapper parse found struct TIFFFieldInfo with fields [('ttag_t', 'field_tag'), ('short', 'field_readcount'), ('short', 'field_writecount'), ('TIFFDataType', 'field_type'), ('unsigned short', 'field_bit'), ('unsigned char', 'field_oktochange'), ('unsigned char', 'field_passcount'), ('char *', 'field_name')]
DEBUG: Wrapper parse found struct TIFFTagValue with fields [('const TIFFField *', 'info'), ('int', 'count'), ('void *', 'value')]
DEBUG: Wrapper parse found struct TIFFTagValue with fields [('const TIFFField *', 'info'), ('int', 'count'), ('void *', 'value')]
DEBUG: Wrapper parse found struct TIFFDirEntry with fields [('uint16', 'tdir_tag'), ('uint16', 'tdir_type'), ('uint64', 'tdir_count'), ('union (unnamed union at /home/priyatam/pin/../libtiff/libtiff/tif_dir.h:54:2)', 'tdir_offset')]
DEBUG: Wrapper parse found struct TIFFDirEntry with fields [('uint16', 'tdir_tag'), ('uint16', 'tdir_type'), ('uint64', 'tdir_count'), ('union (unnamed union at /home/priyatam/pin/../libtiff/libtiff/tif_dir.h:54:2)', 'tdir_offset')]
DEBUG: Wrapper parse found struct TIFFDirectory with fields [('unsigned long[4]', 'td_fieldsset'), ('uint32', 'td_imagewidth'), ('uint32', 'td_imagelength'), ('uint32', 'td_imagedepth'), ('uint32', 'td_tilewidth'), ('uint32', 'td_tilelength'), ('uint32', 'td_tiledepth'), ('uint32', 'td_subfiletype'), ('uint16', 'td_bitspersample'), ('uint16', 'td_sampleformat'), ('uint16', 'td_compression'), ('uint16', 'td_photometric'), ('uint16', 'td_threshholding'), ('uint16', 'td_fillorder'), ('uint16', 'td_orientation'), ('uint16', 'td_samplesperpixel'), ('uint32', 'td_rowsperstrip'), ('uint16', 'td_minsamplevalue'), ('uint16', 'td_maxsamplevalue'), ('double *', 'td_sminsamplevalue'), ('double *', 'td_smaxsamplevalue'), ('float', 'td_xresolution'), ('float', 'td_yresolution'), ('uint16', 'td_resolutionunit'), ('uint16', 'td_planarconfig'), ('float', 'td_xposition'), ('float', 'td_yposition'), ('uint16[2]', 'td_pagenumber'), ('uint16 *[3]', 'td_colormap'), ('uint16[2]', 'td_halftonehints'), ('uint16', 'td_extrasamples'), ('uint16 *', 'td_sampleinfo'), ('uint32', 'td_stripsperimage'), ('uint32', 'td_nstrips'), ('uint64 *', 'td_stripoffset'), ('uint64 *', 'td_stripbytecount'), ('int', 'td_stripbytecountsorted'), ('uint16', 'td_nsubifd'), ('uint64 *', 'td_subifd'), ('uint16[2]', 'td_ycbcrsubsampling'), ('uint16', 'td_ycbcrpositioning'), ('uint16 *[3]', 'td_transferfunction'), ('float *', 'td_refblackwhite'), ('int', 'td_inknameslen'), ('char *', 'td_inknames'), ('int', 'td_customValueCount'), ('TIFFTagValue *', 'td_customValues')]
DEBUG: Wrapper parse found struct TIFFDirectory with fields [('unsigned long[4]', 'td_fieldsset'), ('uint32', 'td_imagewidth'), ('uint32', 'td_imagelength'), ('uint32', 'td_imagedepth'), ('uint32', 'td_tilewidth'), ('uint32', 'td_tilelength'), ('uint32', 'td_tiledepth'), ('uint32', 'td_subfiletype'), ('uint16', 'td_bitspersample'), ('uint16', 'td_sampleformat'), ('uint16', 'td_compression'), ('uint16', 'td_photometric'), ('uint16', 'td_threshholding'), ('uint16', 'td_fillorder'), ('uint16', 'td_orientation'), ('uint16', 'td_samplesperpixel'), ('uint32', 'td_rowsperstrip'), ('uint16', 'td_minsamplevalue'), ('uint16', 'td_maxsamplevalue'), ('double *', 'td_sminsamplevalue'), ('double *', 'td_smaxsamplevalue'), ('float', 'td_xresolution'), ('float', 'td_yresolution'), ('uint16', 'td_resolutionunit'), ('uint16', 'td_planarconfig'), ('float', 'td_xposition'), ('float', 'td_yposition'), ('uint16[2]', 'td_pagenumber'), ('uint16 *[3]', 'td_colormap'), ('uint16[2]', 'td_halftonehints'), ('uint16', 'td_extrasamples'), ('uint16 *', 'td_sampleinfo'), ('uint32', 'td_stripsperimage'), ('uint32', 'td_nstrips'), ('uint64 *', 'td_stripoffset'), ('uint64 *', 'td_stripbytecount'), ('int', 'td_stripbytecountsorted'), ('uint16', 'td_nsubifd'), ('uint64 *', 'td_subifd'), ('uint16[2]', 'td_ycbcrsubsampling'), ('uint16', 'td_ycbcrpositioning'), ('uint16 *[3]', 'td_transferfunction'), ('float *', 'td_refblackwhite'), ('int', 'td_inknameslen'), ('char *', 'td_inknames'), ('int', 'td_customValueCount'), ('TIFFTagValue *', 'td_customValues')]
DEBUG: Wrapper parse found struct _TIFFFieldArray with fields [('TIFFFieldArrayType', 'type'), ('uint32', 'allocated_size'), ('uint32', 'count'), ('TIFFField *', 'fields')]
DEBUG: Wrapper parse found struct _TIFFField with fields [('uint32', 'field_tag'), ('short', 'field_readcount'), ('short', 'field_writecount'), ('TIFFDataType', 'field_type'), ('uint32', 'reserved'), ('TIFFSetGetFieldType', 'set_field_type'), ('TIFFSetGetFieldType', 'get_field_type'), ('unsigned short', 'field_bit'), ('unsigned char', 'field_oktochange'), ('unsigned char', 'field_passcount'), ('char *', 'field_name'), ('TIFFFieldArray *', 'field_subfields')]
DEBUG: Wrapper parse found struct client_info with fields [('struct client_info *', 'next'), ('void *', 'data'), ('char *', 'name')]
DEBUG: Wrapper parse found struct client_info with fields [('struct client_info *', 'next'), ('void *', 'data'), ('char *', 'name')]
Generated main.c for wrapper.
Generated reference_runner.cc.
DEBUG: Wrapper parse found struct tiff with fields [('char *', 'tif_name'), ('int', 'tif_fd'), ('int', 'tif_mode'), ('uint32', 'tif_flags'), ('uint64', 'tif_diroff'), ('uint64', 'tif_nextdiroff'), ('uint64 *', 'tif_dirlist'), ('uint16', 'tif_dirlistsize'), ('uint16', 'tif_dirnumber'), ('TIFFDirectory', 'tif_dir'), ('TIFFDirectory', 'tif_customdir'), ('union (unnamed union at /home/priyatam/pin/../libtiff/libtiff/tiffiop.h:138:2)', 'tif_header'), ('uint16', 'tif_header_size'), ('uint32', 'tif_row'), ('uint16', 'tif_curdir'), ('uint32', 'tif_curstrip'), ('uint64', 'tif_curoff'), ('uint64', 'tif_dataoff'), ('uint16', 'tif_nsubifd'), ('uint64', 'tif_subifdoff'), ('uint32', 'tif_col'), ('uint32', 'tif_curtile'), ('tmsize_t', 'tif_tilesize'), ('int', 'tif_decodestatus'), ('TIFFBoolMethod', 'tif_fixuptags'), ('TIFFBoolMethod', 'tif_setupdecode'), ('TIFFPreMethod', 'tif_predecode'), ('TIFFBoolMethod', 'tif_setupencode'), ('int', 'tif_encodestatus'), ('TIFFPreMethod', 'tif_preencode'), ('TIFFBoolMethod', 'tif_postencode'), ('TIFFCodeMethod', 'tif_decoderow'), ('TIFFCodeMethod', 'tif_encoderow'), ('TIFFCodeMethod', 'tif_decodestrip'), ('TIFFCodeMethod', 'tif_encodestrip'), ('TIFFCodeMethod', 'tif_decodetile'), ('TIFFCodeMethod', 'tif_encodetile'), ('TIFFVoidMethod', 'tif_close'), ('TIFFSeekMethod', 'tif_seek'), ('TIFFVoidMethod', 'tif_cleanup'), ('TIFFStripMethod', 'tif_defstripsize'), ('TIFFTileMethod', 'tif_deftilesize'), ('uint8 *', 'tif_data'), ('tmsize_t', 'tif_scanlinesize'), ('tmsize_t', 'tif_scanlineskew'), ('uint8 *', 'tif_rawdata'), ('tmsize_t', 'tif_rawdatasize'), ('tmsize_t', 'tif_rawdataoff'), ('tmsize_t', 'tif_rawdataloaded'), ('uint8 *', 'tif_rawcp'), ('tmsize_t', 'tif_rawcc'), ('uint8 *', 'tif_base'), ('tmsize_t', 'tif_size'), ('TIFFMapFileProc', 'tif_mapproc'), ('TIFFUnmapFileProc', 'tif_unmapproc'), ('thandle_t', 'tif_clientdata'), ('TIFFReadWriteProc', 'tif_readproc'), ('TIFFReadWriteProc', 'tif_writeproc'), ('TIFFSeekProc', 'tif_seekproc'), ('TIFFCloseProc', 'tif_closeproc'), ('TIFFSizeProc', 'tif_sizeproc'), ('TIFFPostMethod', 'tif_postdecode'), ('TIFFField **', 'tif_fields'), ('int', 'tif_nfields'), ('const TIFFField *', 'tif_foundfield'), ('TIFFTagMethods', 'tif_tagmethods'), ('TIFFClientInfoLink *', 'tif_clientinfo'), ('TIFFFieldArray *', 'tif_fieldscompat'), ('int', 'tif_nfieldscompat')]
DEBUG: Wrapper parse found struct div_t with fields [('int', 'quot'), ('int', 'rem')]
DEBUG: Wrapper parse found struct div_t with fields [('int', 'quot'), ('int', 'rem')]
DEBUG: Wrapper parse found struct ldiv_t with fields [('long', 'quot'), ('long', 'rem')]
DEBUG: Wrapper parse found struct ldiv_t with fields [('long', 'quot'), ('long', 'rem')]
DEBUG: Wrapper parse found struct lldiv_t with fields [('long long', 'quot'), ('long long', 'rem')]
DEBUG: Wrapper parse found struct lldiv_t with fields [('long long', 'quot'), ('long long', 'rem')]
DEBUG: Wrapper parse found struct random_data with fields [('int32_t *', 'fptr'), ('int32_t *', 'rptr'), ('int32_t *', 'state'), ('int', 'rand_type'), ('int', 'rand_deg'), ('int', 'rand_sep'), ('int32_t *', 'end_ptr')]
DEBUG: Wrapper parse found struct drand48_data with fields [('unsigned short[3]', '__x'), ('unsigned short[3]', '__old_x'), ('unsigned short', '__c'), ('unsigned short', '__init'), ('unsigned long long', '__a')]
DEBUG: Wrapper parse found struct logLuvState with fields []
DEBUG: Wrapper parse found struct logLuvState with fields [('int', 'user_datafmt'), ('int', 'encode_meth'), ('int', 'pixel_size'), ('uint8 *', 'tbuf'), ('tmsize_t', 'tbuflen'), ('void (*)(LogLuvState *, uint8 *, tmsize_t)', 'tfunc'), ('TIFFVSetMethod', 'vgetparent'), ('TIFFVSetMethod', 'vsetparent')]
DEBUG: Wrapper parse found struct AnonymousStruct5 with fields [('float', 'ustart'), ('short', 'nus'), ('short', 'ncum')]
DEBUG: Wrapper parse found struct AnonymousStruct6 with fields [('float', 'ustart'), ('short', 'nus'), ('short', 'ncum')]
DEBUG: pointer context {}
DEBUG: pointer context {}
DEBUG: walk_decls called with 2 fields, prefix='', depth=0, parser=libclang
DEBUG: Processing field ('double', 'Y'), name=Y, is_struct=False, is_ptr=False
DEBUG: Processing field ('int', 'em'), name=em, is_struct=False, is_ptr=False
