INFO: Running with entropic power schedule (0xFF, 100).
INFO: Seed: 3504880479
INFO: Loaded 1 modules   (4 inline 8-bit counters): 4 [0x5644043c2ea0, 0x5644043c2ea4), 
INFO: Loaded 1 PC tables (4 PCs): 4 [0x5644043c2ea8,0x5644043c2ee8), 
INFO:       19 files found in corpus
INFO: -max_len is not provided; libFuzzer will not generate inputs larger than 4096 bytes
INFO: seed corpus: files: 19 min: 2b max: 132b total: 455b rss: 32Mb
#20	INITED cov: 4 ft: 16 corp: 7/26b exec/s: 0 rss: 33Mb
#1048576	pulse  cov: 4 ft: 16 corp: 7/26b lim: 4096 exec/s: 524288 rss: 112Mb
#2097152	pulse  cov: 4 ft: 16 corp: 7/26b lim: 4096 exec/s: 524288 rss: 191Mb
#4194304	pulse  cov: 4 ft: 16 corp: 7/26b lim: 4096 exec/s: 466033 rss: 348Mb
#8388608	pulse  cov: 4 ft: 16 corp: 7/26b lim: 4096 exec/s: 441505 rss: 587Mb
#16777216	pulse  cov: 4 ft: 16 corp: 7/26b lim: 4096 exec/s: 453438 rss: 588Mb
#28179535	DONE   cov: 4 ft: 16 corp: 7/26b lim: 4096 exec/s: 461959 rss: 588Mb
Done 28179535 runs in 61 second(s)
stat::number_of_executed_units: 28179535
stat::average_exec_per_sec:     461959
stat::new_units_added:          0
stat::slowest_unit_time_sec:    0
stat::peak_rss_mb:              588
