Generated main.c for wrapper.
Generated reference_runner.cc.
DEBUG: Wrapper parse found struct __fsid_t with fields [('int[2]', '__val')]
DEBUG: Wrapper parse found struct __fsid_t with fields [('int[2]', '__val')]
DEBUG: Wrapper parse found struct __mbstate_t with fields [('int', '__count'), ('union (unnamed union at /usr/include/x86_64-linux-gnu/bits/types/__mbstate_t.h:16:3)', '__value')]
DEBUG: Wrapper parse found struct __mbstate_t with fields [('int', '__count'), ('union (unnamed union at /usr/include/x86_64-linux-gnu/bits/types/__mbstate_t.h:16:3)', '__value')]
DEBUG: Wrapper parse found struct _G_fpos_t with fields [('__off_t', '__pos'), ('__mbstate_t', '__state')]
DEBUG: Wrapper parse found struct _G_fpos_t with fields [('__off_t', '__pos'), ('__mbstate_t', '__state')]
DEBUG: Wrapper parse found struct _G_fpos64_t with fields [('__off64_t', '__pos'), ('__mbstate_t', '__state')]
DEBUG: Wrapper parse found struct _G_fpos64_t with fields [('__off64_t', '__pos'), ('__mbstate_t', '__state')]
DEBUG: Wrapper parse found struct _IO_FILE with fields []
DEBUG: Wrapper parse found struct _IO_FILE with fields []
DEBUG: Wrapper parse found struct _IO_FILE with fields []
DEBUG: Wrapper parse found struct _IO_marker with fields []
DEBUG: Wrapper parse found struct _IO_codecvt with fields []
DEBUG: Wrapper parse found struct _IO_wide_data with fields []
DEBUG: Wrapper parse found struct _IO_FILE with fields [('int', '_flags'), ('char *', '_IO_read_ptr'), ('char *', '_IO_read_end'), ('char *', '_IO_read_base'), ('char *', '_IO_write_base'), ('char *', '_IO_write_ptr'), ('char *', '_IO_write_end'), ('char *', '_IO_buf_base'), ('char *', '_IO_buf_end'), ('char *', '_IO_save_base'), ('char *', '_IO_backup_base'), ('char *', '_IO_save_end'), ('struct _IO_marker *', '_markers'), ('struct _IO_FILE *', '_chain'), ('int', '_fileno'), ('int', '_flags2'), ('__off_t', '_old_offset'), ('unsigned short', '_cur_column'), ('signed char', '_vtable_offset'), ('char[1]', '_shortbuf'), ('_IO_lock_t *', '_lock'), ('__off64_t', '_offset'), ('struct _IO_codecvt *', '_codecvt'), ('struct _IO_wide_data *', '_wide_data'), ('struct _IO_FILE *', '_freeres_list'), ('void *', '_freeres_buf'), ('int', '__pad5'), ('int', '_mode'), ('char', '_unused2')]
DEBUG: Wrapper parse found struct _IO_cookie_io_functions_t with fields [('cookie_read_function_t *', 'read'), ('cookie_write_function_t *', 'write'), ('cookie_seek_function_t *', 'seek'), ('cookie_close_function_t *', 'close')]
DEBUG: Wrapper parse found struct _IO_cookie_io_functions_t with fields [('cookie_read_function_t *', 'read'), ('cookie_write_function_t *', 'write'), ('cookie_seek_function_t *', 'seek'), ('cookie_close_function_t *', 'close')]
DEBUG: Wrapper parse found struct obstack with fields []
DEBUG: Wrapper parse found struct __sigset_t with fields [('unsigned long[16]', '__val')]
DEBUG: Wrapper parse found struct __sigset_t with fields [('unsigned long[16]', '__val')]
DEBUG: Wrapper parse found struct timeval with fields [('__time_t', 'tv_sec'), ('__suseconds_t', 'tv_usec')]
DEBUG: Wrapper parse found struct timespec with fields [('__time_t', 'tv_sec'), ('__syscall_slong_t', 'tv_nsec')]
DEBUG: Wrapper parse found struct fd_set with fields [('__fd_mask[16]', 'fds_bits')]
DEBUG: Wrapper parse found struct fd_set with fields [('__fd_mask[16]', 'fds_bits')]
DEBUG: Wrapper parse found struct AnonymousStruct1 with fields [('unsigned int', '__low'), ('unsigned int', '__high')]
DEBUG: Wrapper parse found struct AnonymousStruct2 with fields [('unsigned int', '__low'), ('unsigned int', '__high')]
DEBUG: Wrapper parse found struct AnonymousStruct3 with fields [('unsigned int', '__low'), ('unsigned int', '__high')]
DEBUG: Wrapper parse found struct AnonymousStruct4 with fields [('unsigned int', '__low'), ('unsigned int', '__high')]
DEBUG: Wrapper parse found struct __pthread_internal_list with fields [('struct __pthread_internal_list *', '__prev'), ('struct __pthread_internal_list *', '__next')]
DEBUG: Wrapper parse found struct __pthread_internal_list with fields [('struct __pthread_internal_list *', '__prev'), ('struct __pthread_internal_list *', '__next')]
DEBUG: Wrapper parse found struct __pthread_internal_slist with fields [('struct __pthread_internal_slist *', '__next')]
DEBUG: Wrapper parse found struct __pthread_internal_slist with fields [('struct __pthread_internal_slist *', '__next')]
DEBUG: Wrapper parse found struct __pthread_mutex_s with fields [('int', '__lock'), ('unsigned int', '__count'), ('int', '__owner'), ('unsigned int', '__nusers'), ('int', '__kind'), ('short', '__spins'), ('short', '__elision'), ('__pthread_list_t', '__list')]
DEBUG: Wrapper parse found struct __pthread_rwlock_arch_t with fields [('unsigned int', '__readers'), ('unsigned int', '__writers'), ('unsigned int', '__wrphase_futex'), ('unsigned int', '__writers_futex'), ('unsigned int', '__pad3'), ('unsigned int', '__pad4'), ('int', '__cur_writer'), ('int', '__shared'), ('signed char', '__rwelision'), ('unsigned char[7]', '__pad1'), ('unsigned long', '__pad2'), ('unsigned int', '__flags')]
DEBUG: Wrapper parse found struct __pthread_cond_s with fields [('__atomic_wide_counter', '__wseq'), ('__atomic_wide_counter', '__g1_start'), ('unsigned int[2]', '__g_refs'), ('unsigned int[2]', '__g_size'), ('unsigned int', '__g1_orig_size'), ('unsigned int', '__wrefs'), ('unsigned int[2]', '__g_signals')]
DEBUG: Wrapper parse found struct __once_flag with fields [('int', '__data')]
DEBUG: Wrapper parse found struct __once_flag with fields [('int', '__data')]
DEBUG: Wrapper parse found struct exception with fields [('exception_type', 'type'), ('const char *', 'name'), ('double', 'arg1'), ('double', 'arg2'), ('double', 'retval')]
DEBUG: Wrapper parse found struct fenv_t with fields [('unsigned short', '__control_word'), ('unsigned short', '__unused1'), ('unsigned short', '__status_word'), ('unsigned short', '__unused2'), ('unsigned short', '__tags'), ('unsigned short', '__unused3'), ('unsigned int', '__eip'), ('unsigned short', '__cs_selector'), ('unsigned int', '__opcode'), ('unsigned int', '__unused4'), ('unsigned int', '__data_offset'), ('unsigned short', '__data_selector'), ('unsigned short', '__unused5'), ('unsigned int', '__mxcsr')]
DEBUG: Wrapper parse found struct fenv_t with fields [('unsigned short', '__control_word'), ('unsigned short', '__unused1'), ('unsigned short', '__status_word'), ('unsigned short', '__unused2'), ('unsigned short', '__tags'), ('unsigned short', '__unused3'), ('unsigned int', '__eip'), ('unsigned short', '__cs_selector'), ('unsigned int', '__opcode'), ('unsigned int', '__unused4'), ('unsigned int', '__data_offset'), ('unsigned short', '__data_selector'), ('unsigned short', '__unused5'), ('unsigned int', '__mxcsr')]
DEBUG: Wrapper parse found struct AnonymousStruct5 with fields [('uint32_t', 'lsw'), ('uint32_t', 'msw')]
DEBUG: Wrapper parse found struct AnonymousStruct6 with fields [('uint32_t', 'lsw'), ('uint32_t', 'msw')]
DEBUG: Wrapper parse found struct AnonymousStruct7 with fields [('uint32_t', 'lsw'), ('uint32_t', 'msw')]
DEBUG: Wrapper parse found struct AnonymousStruct8 with fields [('uint32_t', 'lsw'), ('uint32_t', 'msw')]
DEBUG: Wrapper parse found struct AnonymousStruct9 with fields [('uint32_t', 'lsw'), ('uint32_t', 'msw'), ('int', 'sign_exponent'), ('unsigned int', 'empty')]
DEBUG: Wrapper parse found struct AnonymousStruct10 with fields [('uint32_t', 'lsw'), ('uint32_t', 'msw'), ('int', 'sign_exponent'), ('unsigned int', 'empty')]
DEBUG: Wrapper parse found struct AnonymousStruct11 with fields [('uint32_t', 'lsw'), ('uint32_t', 'msw'), ('int', 'sign_exponent'), ('unsigned int', 'empty')]
DEBUG: Wrapper parse found struct AnonymousStruct12 with fields [('uint32_t', 'lsw'), ('uint32_t', 'msw'), ('int', 'sign_exponent'), ('unsigned int', 'empty')]
DEBUG: pointer context {}
DEBUG: pointer context {}
DEBUG: walk_decls called with 1 fields, prefix='', depth=0, parser=libclang
DEBUG: Processing field ('double', 'x'), name=x, is_struct=False, is_ptr=False
