DEBUG: Wrapper parse found struct __locale_struct with fields [('struct __locale_data *[13]', '__locales'), ('const unsigned short *', '__ctype_b'), ('const int *', '__ctype_tolower'), ('const int *', '__ctype_toupper'), ('const char *[13]', '__names')]
DEBUG: Wrapper parse found struct __locale_data with fields []
DEBUG: Wrapper parse found struct __fsid_t with fields [('int[2]', '__val')]
DEBUG: Wrapper parse found struct __fsid_t with fields [('int[2]', '__val')]
DEBUG: Wrapper parse found struct __mbstate_t with fields [('int', '__count'), ('union (unnamed union at /usr/include/x86_64-linux-gnu/bits/types/__mbstate_t.h:16:3)', '__value')]
DEBUG: Wrapper parse found struct __mbstate_t with fields [('int', '__count'), ('union (unnamed union at /usr/include/x86_64-linux-gnu/bits/types/__mbstate_t.h:16:3)', '__value')]
DEBUG: Wrapper parse found struct _G_fpos_t with fields [('__off_t', '__pos'), ('__mbstate_t', '__state')]
DEBUG: Wrapper parse found struct _G_fpos_t with fields [('__off_t', '__pos'), ('__mbstate_t', '__state')]
DEBUG: Wrapper parse found struct _G_fpos64_t with fields [('__off64_t', '__pos'), ('__mbstate_t', '__state')]
DEBUG: Wrapper parse found struct _G_fpos64_t with fields [('__off64_t', '__pos'), ('__mbstate_t', '__state')]
DEBUG: Wrapper parse found struct _IO_FILE with fields []
DEBUG: Wrapper parse found struct _IO_FILE with fields []
DEBUG: Wrapper parse found struct _IO_FILE with fields []
DEBUG: Wrapper parse found struct _IO_marker with fields []
DEBUG: Wrapper parse found struct _IO_codecvt with fields []
DEBUG: Wrapper parse found struct _IO_wide_data with fields []
DEBUG: Wrapper parse found struct _IO_FILE with fields [('int', '_flags'), ('char *', '_IO_read_ptr'), ('char *', '_IO_read_end'), ('char *', '_IO_read_base'), ('char *', '_IO_write_base'), ('char *', '_IO_write_ptr'), ('char *', '_IO_write_end'), ('char *', '_IO_buf_base'), ('char *', '_IO_buf_end'), ('char *', '_IO_save_base'), ('char *', '_IO_backup_base'), ('char *', '_IO_save_end'), ('struct _IO_marker *', '_markers'), ('struct _IO_FILE *', '_chain'), ('int', '_fileno'), ('int', '_flags2'), ('__off_t', '_old_offset'), ('unsigned short', '_cur_column'), ('signed char', '_vtable_offset'), ('char[1]', '_shortbuf'), ('_IO_lock_t *', '_lock'), ('__off64_t', '_offset'), ('struct _IO_codecvt *', '_codecvt'), ('struct _IO_wide_data *', '_wide_data'), ('struct _IO_FILE *', '_freeres_list'), ('void *', '_freeres_buf'), ('int', '__pad5'), ('int', '_mode'), ('char', '_unused2')]
DEBUG: Wrapper parse found struct div_t with fields [('int', 'quot'), ('int', 'rem')]
DEBUG: Wrapper parse found struct div_t with fields [('int', 'quot'), ('int', 'rem')]
DEBUG: Wrapper parse found struct ldiv_t with fields [('long', 'quot'), ('long', 'rem')]
DEBUG: Wrapper parse found struct ldiv_t with fields [('long', 'quot'), ('long', 'rem')]
DEBUG: Wrapper parse found struct lldiv_t with fields [('long long', 'quot'), ('long long', 'rem')]
DEBUG: Wrapper parse found struct lldiv_t with fields [('long long', 'quot'), ('long long', 'rem')]
DEBUG: Wrapper parse found struct __sigset_t with fields [('unsigned long[16]', '__val')]
DEBUG: Wrapper parse found struct __sigset_t with fields [('unsigned long[16]', '__val')]
DEBUG: Wrapper parse found struct timeval with fields [('__time_t', 'tv_sec'), ('__suseconds_t', 'tv_usec')]
DEBUG: Wrapper parse found struct timespec with fields [('__time_t', 'tv_sec'), ('__syscall_slong_t', 'tv_nsec')]
DEBUG: Wrapper parse found struct fd_set with fields [('__fd_mask[16]', '__fds_bits')]
DEBUG: Wrapper parse found struct fd_set with fields [('__fd_mask[16]', '__fds_bits')]
DEBUG: Wrapper parse found struct AnonymousStruct1 with fields [('unsigned int', '__low'), ('unsigned int', '__high')]
DEBUG: Wrapper parse found struct AnonymousStruct2 with fields [('unsigned int', '__low'), ('unsigned int', '__high')]
DEBUG: Wrapper parse found struct AnonymousStruct3 with fields [('unsigned int', '__low'), ('unsigned int', '__high')]
DEBUG: Wrapper parse found struct AnonymousStruct4 with fields [('unsigned int', '__low'), ('unsigned int', '__high')]
DEBUG: Wrapper parse found struct __pthread_internal_list with fields [('struct __pthread_internal_list *', '__prev'), ('struct __pthread_internal_list *', '__next')]
DEBUG: Wrapper parse found struct __pthread_internal_list with fields [('struct __pthread_internal_list *', '__prev'), ('struct __pthread_internal_list *', '__next')]
DEBUG: Wrapper parse found struct __pthread_internal_slist with fields [('struct __pthread_internal_slist *', '__next')]
DEBUG: Wrapper parse found struct __pthread_internal_slist with fields [('struct __pthread_internal_slist *', '__next')]
DEBUG: Wrapper parse found struct __pthread_mutex_s with fields [('int', '__lock'), ('unsigned int', '__count'), ('int', '__owner'), ('unsigned int', '__nusers'), ('int', '__kind'), ('short', '__spins'), ('short', '__elision'), ('__pthread_list_t', '__list')]
DEBUG: Wrapper parse found struct __pthread_rwlock_arch_t with fields [('unsigned int', '__readers'), ('unsigned int', '__writers'), ('unsigned int', '__wrphase_futex'), ('unsigned int', '__writers_futex'), ('unsigned int', '__pad3'), ('unsigned int', '__pad4'), ('int', '__cur_writer'), ('int', '__shared'), ('signed char', '__rwelision'), ('unsigned char[7]', '__pad1'), ('unsigned long', '__pad2'), ('unsigned int', '__flags')]
DEBUG: Wrapper parse found struct __pthread_cond_s with fields [('__atomic_wide_counter', '__wseq'), ('__atomic_wide_counter', '__g1_start'), ('unsigned int[2]', '__g_refs'), ('unsigned int[2]', '__g_size'), ('unsigned int', '__g1_orig_size'), ('unsigned int', '__wrefs'), ('unsigned int[2]', '__g_signals')]
DEBUG: Wrapper parse found struct __once_flag with fields [('int', '__data')]
DEBUG: Wrapper parse found struct __once_flag with fields [('int', '__data')]
DEBUG: Wrapper parse found struct random_data with fields [('int32_t *', 'fptr'), ('int32_t *', 'rptr'), ('int32_t *', 'state'), ('int', 'rand_type'), ('int', 'rand_deg'), ('int', 'rand_sep'), ('int32_t *', 'end_ptr')]
DEBUG: Wrapper parse found struct drand48_data with fields [('unsigned short[3]', '__x'), ('unsigned short[3]', '__old_x'), ('unsigned short', '__c'), ('unsigned short', '__init'), ('unsigned long long', '__a')]
DEBUG: Wrapper parse found struct cJSON with fields [('struct cJSON *', 'next'), ('struct cJSON *', 'prev'), ('struct cJSON *', 'child'), ('int', 'type'), ('char *', 'valuestring'), ('int', 'valueint'), ('double', 'valuedouble'), ('char *', 'string')]
DEBUG: Wrapper parse found struct cJSON with fields [('struct cJSON *', 'next'), ('struct cJSON *', 'prev'), ('struct cJSON *', 'child'), ('int', 'type'), ('char *', 'valuestring'), ('int', 'valueint'), ('double', 'valuedouble'), ('char *', 'string')]
DEBUG: Wrapper parse found struct cJSON_Hooks with fields [('void *(*)(int)', 'malloc_fn'), ('void (*)(void *)', 'free_fn')]
DEBUG: Wrapper parse found struct cJSON_Hooks with fields [('void *(*)(int)', 'malloc_fn'), ('void (*)(void *)', 'free_fn')]
DEBUG: Wrapper parse found struct AnonymousStruct5 with fields [('const unsigned char *', 'json'), ('int', 'position')]
DEBUG: Wrapper parse found struct AnonymousStruct6 with fields [('const unsigned char *', 'json'), ('int', 'position')]
DEBUG: Wrapper parse found struct internal_hooks with fields [('void *(*)(int)', 'allocate'), ('void (*)(void *)', 'deallocate'), ('void *(*)(void *, int)', 'reallocate')]
DEBUG: Wrapper parse found struct internal_hooks with fields [('void *(*)(int)', 'allocate'), ('void (*)(void *)', 'deallocate'), ('void *(*)(void *, int)', 'reallocate')]
DEBUG: Wrapper parse found struct AnonymousStruct7 with fields [('const unsigned char *', 'content'), ('int', 'length'), ('int', 'offset'), ('int', 'depth'), ('internal_hooks', 'hooks')]
DEBUG: Wrapper parse found struct AnonymousStruct8 with fields [('const unsigned char *', 'content'), ('int', 'length'), ('int', 'offset'), ('int', 'depth'), ('internal_hooks', 'hooks')]
Generated main.c for wrapper.
Generated reference_runner.cc.
DEBUG: Wrapper parse found struct AnonymousStruct9 with fields [('unsigned char *', 'buffer'), ('int', 'length'), ('int', 'offset'), ('int', 'depth'), ('cJSON_bool', 'noalloc'), ('cJSON_bool', 'format'), ('internal_hooks', 'hooks')]
DEBUG: Wrapper parse found struct AnonymousStruct10 with fields [('unsigned char *', 'buffer'), ('int', 'length'), ('int', 'offset'), ('int', 'depth'), ('cJSON_bool', 'noalloc'), ('cJSON_bool', 'format'), ('internal_hooks', 'hooks')]
DEBUG: pointer context {'item': {'name': 'item', 'pointer_type': 'const cJSON * const', 'kind': 'struct_ptr', 'base_type': 'struct cJSON', 'storage_type': 'cJSON', 'qualifiers': ['const'], 'var_name': 'item_ptr', 'storage_var': 'item_storage', 'used': False, 'field_path': None, 'msg_accessor': None, 'msg_var': 'item_msg', 'is_slice': False, 'length_field': None, 'length_type': None, 'length_proto': None, 'helper_name': None, 'data_proto': 'cJSON', 'storage_ptr_type': 'cJSON *', 'presence_field': 'present', 'include_header': 'cJSON.h', 'typedef_target': None, 'external_handle': True, 'external_fn': 'pin_acquire_handle_item', 'external_call': 'pin_acquire_handle_item()'}}
DEBUG: pointer context {'item': {'name': 'item', 'pointer_type': 'const cJSON * const', 'kind': 'struct_ptr', 'base_type': 'struct cJSON', 'storage_type': 'cJSON', 'qualifiers': ['const'], 'var_name': 'item_ptr', 'storage_var': 'item_storage', 'used': False, 'field_path': None, 'msg_accessor': None, 'msg_var': 'item_msg', 'is_slice': False, 'length_field': None, 'length_type': None, 'length_proto': None, 'helper_name': None, 'data_proto': 'cJSON', 'storage_ptr_type': 'cJSON *', 'presence_field': 'present', 'include_header': 'cJSON.h', 'typedef_target': None, 'external_handle': True, 'external_fn': 'pin_acquire_handle_item', 'external_call': 'pin_acquire_handle_item()'}}
DEBUG: walk_decls called with 1 fields, prefix='', depth=0, parser=libclang
DEBUG: Processing field ('const cJSON *const', 'item'), name=item, is_struct=False, is_ptr=True
