DEBUG: Wrapper parse found struct __fsid_t with fields [('int[2]', '__val')]
DEBUG: Wrapper parse found struct __fsid_t with fields [('int[2]', '__val')]
DEBUG: Wrapper parse found struct iovec with fields [('void *', 'iov_base'), ('int', 'iov_len')]
DEBUG: Wrapper parse found struct __sigset_t with fields [('unsigned long[16]', '__val')]
DEBUG: Wrapper parse found struct __sigset_t with fields [('unsigned long[16]', '__val')]
DEBUG: Wrapper parse found struct timeval with fields [('__time_t', 'tv_sec'), ('__suseconds_t', 'tv_usec')]
DEBUG: Wrapper parse found struct timespec with fields [('__time_t', 'tv_sec'), ('__syscall_slong_t', 'tv_nsec')]
DEBUG: Wrapper parse found struct fd_set with fields [('__fd_mask[16]', '__fds_bits')]
DEBUG: Wrapper parse found struct fd_set with fields [('__fd_mask[16]', '__fds_bits')]
DEBUG: Wrapper parse found struct AnonymousStruct1 with fields [('unsigned int', '__low'), ('unsigned int', '__high')]
DEBUG: Wrapper parse found struct AnonymousStruct2 with fields [('unsigned int', '__low'), ('unsigned int', '__high')]
DEBUG: Wrapper parse found struct AnonymousStruct3 with fields [('unsigned int', '__low'), ('unsigned int', '__high')]
DEBUG: Wrapper parse found struct AnonymousStruct4 with fields [('unsigned int', '__low'), ('unsigned int', '__high')]
DEBUG: Wrapper parse found struct __pthread_internal_list with fields [('struct __pthread_internal_list *', '__prev'), ('struct __pthread_internal_list *', '__next')]
DEBUG: Wrapper parse found struct __pthread_internal_list with fields [('struct __pthread_internal_list *', '__prev'), ('struct __pthread_internal_list *', '__next')]
DEBUG: Wrapper parse found struct __pthread_internal_slist with fields [('struct __pthread_internal_slist *', '__next')]
DEBUG: Wrapper parse found struct __pthread_internal_slist with fields [('struct __pthread_internal_slist *', '__next')]
DEBUG: Wrapper parse found struct __pthread_mutex_s with fields [('int', '__lock'), ('unsigned int', '__count'), ('int', '__owner'), ('unsigned int', '__nusers'), ('int', '__kind'), ('short', '__spins'), ('short', '__elision'), ('__pthread_list_t', '__list')]
DEBUG: Wrapper parse found struct __pthread_rwlock_arch_t with fields [('unsigned int', '__readers'), ('unsigned int', '__writers'), ('unsigned int', '__wrphase_futex'), ('unsigned int', '__writers_futex'), ('unsigned int', '__pad3'), ('unsigned int', '__pad4'), ('int', '__cur_writer'), ('int', '__shared'), ('signed char', '__rwelision'), ('unsigned char[7]', '__pad1'), ('unsigned long', '__pad2'), ('unsigned int', '__flags')]
DEBUG: Wrapper parse found struct __pthread_cond_s with fields [('__atomic_wide_counter', '__wseq'), ('__atomic_wide_counter', '__g1_start'), ('unsigned int[2]', '__g_refs'), ('unsigned int[2]', '__g_size'), ('unsigned int', '__g1_orig_size'), ('unsigned int', '__wrefs'), ('unsigned int[2]', '__g_signals')]
DEBUG: Wrapper parse found struct __once_flag with fields [('int', '__data')]
DEBUG: Wrapper parse found struct __once_flag with fields [('int', '__data')]
DEBUG: Wrapper parse found struct sockaddr with fields [('sa_family_t', 'sa_family'), ('char[14]', 'sa_data')]
DEBUG: Wrapper parse found struct sockaddr_storage with fields [('sa_family_t', 'ss_family'), ('char[118]', '__ss_padding'), ('unsigned long', '__ss_align')]
DEBUG: Wrapper parse found struct msghdr with fields [('void *', 'msg_name'), ('socklen_t', 'msg_namelen'), ('struct iovec *', 'msg_iov'), ('int', 'msg_iovlen'), ('void *', 'msg_control'), ('int', 'msg_controllen'), ('int', 'msg_flags')]
DEBUG: Wrapper parse found struct cmsghdr with fields [('int', 'cmsg_len'), ('int', 'cmsg_level'), ('int', 'cmsg_type'), ('unsigned char[]', '__cmsg_data')]
DEBUG: Wrapper parse found struct __kernel_fd_set with fields [('unsigned long[16]', 'fds_bits')]
DEBUG: Wrapper parse found struct __kernel_fd_set with fields [('unsigned long[16]', 'fds_bits')]
DEBUG: Wrapper parse found struct __kernel_fsid_t with fields [('int[2]', 'val')]
DEBUG: Wrapper parse found struct __kernel_fsid_t with fields [('int[2]', 'val')]
DEBUG: Wrapper parse found struct linger with fields [('int', 'l_onoff'), ('int', 'l_linger')]
DEBUG: Wrapper parse found struct osockaddr with fields [('unsigned short', 'sa_family'), ('unsigned char[14]', 'sa_data')]
DEBUG: Wrapper parse found struct in_addr with fields [('in_addr_t', 's_addr')]
DEBUG: Wrapper parse found struct ip_opts with fields [('struct in_addr', 'ip_dst'), ('char[40]', 'ip_opts')]
DEBUG: Wrapper parse found struct in_pktinfo with fields [('int', 'ipi_ifindex'), ('struct in_addr', 'ipi_spec_dst'), ('struct in_addr', 'ipi_addr')]
DEBUG: Wrapper parse found struct in6_addr with fields [('union (unnamed union at /usr/include/netinet/in.h:221:5)', '__in6_u')]
DEBUG: Wrapper parse found struct sockaddr_in with fields [('sa_family_t', 'sin_family'), ('in_port_t', 'sin_port'), ('struct in_addr', 'sin_addr'), ('unsigned char[8]', 'sin_zero')]
DEBUG: Wrapper parse found struct sockaddr_in6 with fields [('sa_family_t', 'sin6_family'), ('in_port_t', 'sin6_port'), ('uint32_t', 'sin6_flowinfo'), ('struct in6_addr', 'sin6_addr'), ('uint32_t', 'sin6_scope_id')]
DEBUG: Wrapper parse found struct ip_mreq with fields [('struct in_addr', 'imr_multiaddr'), ('struct in_addr', 'imr_interface')]
DEBUG: Wrapper parse found struct ip_mreqn with fields [('struct in_addr', 'imr_multiaddr'), ('struct in_addr', 'imr_address'), ('int', 'imr_ifindex')]
DEBUG: Wrapper parse found struct ip_mreq_source with fields [('struct in_addr', 'imr_multiaddr'), ('struct in_addr', 'imr_interface'), ('struct in_addr', 'imr_sourceaddr')]
DEBUG: Wrapper parse found struct ipv6_mreq with fields [('struct in6_addr', 'ipv6mr_multiaddr'), ('unsigned int', 'ipv6mr_interface')]
DEBUG: Wrapper parse found struct group_req with fields [('uint32_t', 'gr_interface'), ('struct sockaddr_storage', 'gr_group')]
DEBUG: Wrapper parse found struct group_source_req with fields [('uint32_t', 'gsr_interface'), ('struct sockaddr_storage', 'gsr_group'), ('struct sockaddr_storage', 'gsr_source')]
DEBUG: Wrapper parse found struct ip_msfilter with fields [('struct in_addr', 'imsf_multiaddr'), ('struct in_addr', 'imsf_interface'), ('uint32_t', 'imsf_fmode'), ('uint32_t', 'imsf_numsrc'), ('struct in_addr[1]', 'imsf_slist')]
DEBUG: Wrapper parse found struct group_filter with fields [('uint32_t', 'gf_interface'), ('struct sockaddr_storage', 'gf_group'), ('uint32_t', 'gf_fmode'), ('uint32_t', 'gf_numsrc'), ('struct sockaddr_storage[1]', 'gf_slist')]
DEBUG: Wrapper parse found struct __locale_struct with fields [('struct __locale_data *[13]', '__locales'), ('const unsigned short *', '__ctype_b'), ('const int *', '__ctype_tolower'), ('const int *', '__ctype_toupper'), ('const char *[13]', '__names')]
DEBUG: Wrapper parse found struct __locale_data with fields []
DEBUG: Wrapper parse found struct dirent with fields [('__ino_t', 'd_ino'), ('__off_t', 'd_off'), ('unsigned short', 'd_reclen'), ('unsigned char', 'd_type'), ('char[256]', 'd_name')]
DEBUG: Wrapper parse found struct __dirstream with fields []
DEBUG: Wrapper parse found struct flock with fields [('short', 'l_type'), ('short', 'l_whence'), ('__off_t', 'l_start'), ('__off_t', 'l_len'), ('__pid_t', 'l_pid')]
DEBUG: Wrapper parse found struct stat with fields [('__dev_t', 'st_dev'), ('__ino_t', 'st_ino'), ('__nlink_t', 'st_nlink'), ('__mode_t', 'st_mode'), ('__uid_t', 'st_uid'), ('__gid_t', 'st_gid'), ('int', '__pad0'), ('__dev_t', 'st_rdev'), ('__off_t', 'st_size'), ('__blksize_t', 'st_blksize'), ('__blkcnt_t', 'st_blocks'), ('struct timespec', 'st_atim'), ('struct timespec', 'st_mtim'), ('struct timespec', 'st_ctim'), ('__syscall_slong_t[3]', '__glibc_reserved')]
DEBUG: Wrapper parse found struct imaxdiv_t with fields [('long', 'quot'), ('long', 'rem')]
DEBUG: Wrapper parse found struct imaxdiv_t with fields [('long', 'quot'), ('long', 'rem')]
DEBUG: Wrapper parse found struct rpcent with fields [('char *', 'r_name'), ('char **', 'r_aliases'), ('int', 'r_number')]
DEBUG: Wrapper parse found struct netent with fields [('char *', 'n_name'), ('char **', 'n_aliases'), ('int', 'n_addrtype'), ('uint32_t', 'n_net')]
DEBUG: Wrapper parse found struct hostent with fields [('char *', 'h_name'), ('char **', 'h_aliases'), ('int', 'h_addrtype'), ('int', 'h_length'), ('char **', 'h_addr_list')]
DEBUG: Wrapper parse found struct servent with fields [('char *', 's_name'), ('char **', 's_aliases'), ('int', 's_port'), ('char *', 's_proto')]
DEBUG: Wrapper parse found struct protoent with fields [('char *', 'p_name'), ('char **', 'p_aliases'), ('int', 'p_proto')]
DEBUG: Wrapper parse found struct addrinfo with fields [('int', 'ai_flags'), ('int', 'ai_family'), ('int', 'ai_socktype'), ('int', 'ai_protocol'), ('socklen_t', 'ai_addrlen'), ('struct sockaddr *', 'ai_addr'), ('char *', 'ai_canonname'), ('struct addrinfo *', 'ai_next')]
DEBUG: Wrapper parse found struct tcphdr with fields []
DEBUG: Wrapper parse found struct AnonymousStruct5 with fields [('uint16_t', 'th_sport'), ('uint16_t', 'th_dport'), ('tcp_seq', 'th_seq'), ('tcp_seq', 'th_ack'), ('uint8_t', 'th_x2'), ('uint8_t', 'th_off'), ('uint8_t', 'th_flags'), ('uint16_t', 'th_win'), ('uint16_t', 'th_sum'), ('uint16_t', 'th_urp')]
DEBUG: Wrapper parse found struct AnonymousStruct6 with fields [('uint16_t', 'source'), ('uint16_t', 'dest'), ('uint32_t', 'seq'), ('uint32_t', 'ack_seq'), ('uint16_t', 'res1'), ('uint16_t', 'doff'), ('uint16_t', 'fin'), ('uint16_t', 'syn'), ('uint16_t', 'rst'), ('uint16_t', 'psh'), ('uint16_t', 'ack'), ('uint16_t', 'urg'), ('uint16_t', 'res2'), ('uint16_t', 'window'), ('uint16_t', 'check'), ('uint16_t', 'urg_ptr')]
DEBUG: Wrapper parse found struct tcp_info with fields [('uint8_t', 'tcpi_state'), ('uint8_t', 'tcpi_ca_state'), ('uint8_t', 'tcpi_retransmits'), ('uint8_t', 'tcpi_probes'), ('uint8_t', 'tcpi_backoff'), ('uint8_t', 'tcpi_options'), ('uint8_t', 'tcpi_snd_wscale'), ('uint8_t', 'tcpi_rcv_wscale'), ('uint32_t', 'tcpi_rto'), ('uint32_t', 'tcpi_ato'), ('uint32_t', 'tcpi_snd_mss'), ('uint32_t', 'tcpi_rcv_mss'), ('uint32_t', 'tcpi_unacked'), ('uint32_t', 'tcpi_sacked'), ('uint32_t', 'tcpi_lost'), ('uint32_t', 'tcpi_retrans'), ('uint32_t', 'tcpi_fackets'), ('uint32_t', 'tcpi_last_data_sent'), ('uint32_t', 'tcpi_last_ack_sent'), ('uint32_t', 'tcpi_last_data_recv'), ('uint32_t', 'tcpi_last_ack_recv'), ('uint32_t', 'tcpi_pmtu'), ('uint32_t', 'tcpi_rcv_ssthresh'), ('uint32_t', 'tcpi_rtt'), ('uint32_t', 'tcpi_rttvar'), ('uint32_t', 'tcpi_snd_ssthresh'), ('uint32_t', 'tcpi_snd_cwnd'), ('uint32_t', 'tcpi_advmss'), ('uint32_t', 'tcpi_reordering'), ('uint32_t', 'tcpi_rcv_rtt'), ('uint32_t', 'tcpi_rcv_space'), ('uint32_t', 'tcpi_total_retrans')]
DEBUG: Wrapper parse found struct tcp_md5sig with fields [('struct sockaddr_storage', 'tcpm_addr'), ('uint8_t', 'tcpm_flags'), ('uint8_t', 'tcpm_prefixlen'), ('uint16_t', 'tcpm_keylen'), ('uint32_t', '__tcpm_pad'), ('uint8_t[80]', 'tcpm_key')]
DEBUG: Wrapper parse found struct tcp_repair_opt with fields [('uint32_t', 'opt_code'), ('uint32_t', 'opt_val')]
DEBUG: Wrapper parse found struct tcp_cookie_transactions with fields [('uint16_t', 'tcpct_flags'), ('uint8_t', '__tcpct_pad1'), ('uint8_t', 'tcpct_cookie_desired'), ('uint16_t', 'tcpct_s_data_desired'), ('uint16_t', 'tcpct_used'), ('uint8_t[536]', 'tcpct_value')]
DEBUG: Wrapper parse found struct tcp_repair_window with fields [('uint32_t', 'snd_wl1'), ('uint32_t', 'snd_wnd'), ('uint32_t', 'max_window'), ('uint32_t', 'rcv_wnd'), ('uint32_t', 'rcv_wup')]
DEBUG: Wrapper parse found struct tcp_zerocopy_receive with fields [('uint64_t', 'address'), ('uint32_t', 'length'), ('uint32_t', 'recv_skip_hint')]
DEBUG: Wrapper parse found struct siginfo_t with fields [('int', 'si_signo'), ('int', 'si_errno'), ('int', 'si_code'), ('int', '__pad0'), ('union (unnamed union at /usr/include/x86_64-linux-gnu/bits/types/siginfo_t.h:51:5)', '_sifields')]
DEBUG: Wrapper parse found struct AnonymousStruct7 with fields [('__pid_t', 'si_pid'), ('__uid_t', 'si_uid')]
DEBUG: Wrapper parse found struct AnonymousStruct8 with fields [('__pid_t', 'si_pid'), ('__uid_t', 'si_uid')]
DEBUG: Wrapper parse found struct AnonymousStruct9 with fields [('int', 'si_tid'), ('int', 'si_overrun'), ('__sigval_t', 'si_sigval')]
DEBUG: Wrapper parse found struct AnonymousStruct10 with fields [('int', 'si_tid'), ('int', 'si_overrun'), ('__sigval_t', 'si_sigval')]
DEBUG: Wrapper parse found struct AnonymousStruct11 with fields [('__pid_t', 'si_pid'), ('__uid_t', 'si_uid'), ('__sigval_t', 'si_sigval')]
DEBUG: Wrapper parse found struct AnonymousStruct12 with fields [('__pid_t', 'si_pid'), ('__uid_t', 'si_uid'), ('__sigval_t', 'si_sigval')]
DEBUG: Wrapper parse found struct AnonymousStruct13 with fields [('__pid_t', 'si_pid'), ('__uid_t', 'si_uid'), ('int', 'si_status'), ('__clock_t', 'si_utime'), ('__clock_t', 'si_stime')]
DEBUG: Wrapper parse found struct AnonymousStruct14 with fields [('__pid_t', 'si_pid'), ('__uid_t', 'si_uid'), ('int', 'si_status'), ('__clock_t', 'si_utime'), ('__clock_t', 'si_stime')]
DEBUG: Wrapper parse found struct AnonymousStruct15 with fields [('void *', 'si_addr'), ('short', 'si_addr_lsb'), ('union (unnamed union at /usr/include/x86_64-linux-gnu/bits/types/siginfo_t.h:94:6)', '_bounds')]
DEBUG: Wrapper parse found struct AnonymousStruct16 with fields [('void *', '_lower'), ('void *', '_upper')]
DEBUG: Wrapper parse found struct AnonymousStruct17 with fields [('void *', '_lower'), ('void *', '_upper')]
DEBUG: Wrapper parse found struct AnonymousStruct18 with fields [('void *', '_lower'), ('void *', '_upper')]
DEBUG: Wrapper parse found struct AnonymousStruct19 with fields [('void *', '_lower'), ('void *', '_upper')]
DEBUG: Wrapper parse found struct AnonymousStruct20 with fields [('void *', 'si_addr'), ('short', 'si_addr_lsb'), ('union (unnamed union at /usr/include/x86_64-linux-gnu/bits/types/siginfo_t.h:94:6)', '_bounds')]
DEBUG: Wrapper parse found struct AnonymousStruct21 with fields [('void *', '_lower'), ('void *', '_upper')]
DEBUG: Wrapper parse found struct AnonymousStruct22 with fields [('void *', '_lower'), ('void *', '_upper')]
DEBUG: Wrapper parse found struct AnonymousStruct23 with fields [('void *', '_lower'), ('void *', '_upper')]
DEBUG: Wrapper parse found struct AnonymousStruct24 with fields [('void *', '_lower'), ('void *', '_upper')]
DEBUG: Wrapper parse found struct AnonymousStruct25 with fields [('long', 'si_band'), ('int', 'si_fd')]
DEBUG: Wrapper parse found struct AnonymousStruct26 with fields [('long', 'si_band'), ('int', 'si_fd')]
DEBUG: Wrapper parse found struct AnonymousStruct27 with fields [('void *', '_call_addr'), ('int', '_syscall'), ('unsigned int', '_arch')]
DEBUG: Wrapper parse found struct AnonymousStruct28 with fields [('void *', '_call_addr'), ('int', '_syscall'), ('unsigned int', '_arch')]
DEBUG: Wrapper parse found struct AnonymousStruct29 with fields [('__pid_t', 'si_pid'), ('__uid_t', 'si_uid')]
DEBUG: Wrapper parse found struct AnonymousStruct30 with fields [('__pid_t', 'si_pid'), ('__uid_t', 'si_uid')]
DEBUG: Wrapper parse found struct AnonymousStruct31 with fields [('int', 'si_tid'), ('int', 'si_overrun'), ('__sigval_t', 'si_sigval')]
DEBUG: Wrapper parse found struct AnonymousStruct32 with fields [('int', 'si_tid'), ('int', 'si_overrun'), ('__sigval_t', 'si_sigval')]
DEBUG: Wrapper parse found struct AnonymousStruct33 with fields [('__pid_t', 'si_pid'), ('__uid_t', 'si_uid'), ('__sigval_t', 'si_sigval')]
DEBUG: Wrapper parse found struct AnonymousStruct34 with fields [('__pid_t', 'si_pid'), ('__uid_t', 'si_uid'), ('__sigval_t', 'si_sigval')]
DEBUG: Wrapper parse found struct AnonymousStruct35 with fields [('__pid_t', 'si_pid'), ('__uid_t', 'si_uid'), ('int', 'si_status'), ('__clock_t', 'si_utime'), ('__clock_t', 'si_stime')]
DEBUG: Wrapper parse found struct AnonymousStruct36 with fields [('__pid_t', 'si_pid'), ('__uid_t', 'si_uid'), ('int', 'si_status'), ('__clock_t', 'si_utime'), ('__clock_t', 'si_stime')]
DEBUG: Wrapper parse found struct AnonymousStruct37 with fields [('void *', 'si_addr'), ('short', 'si_addr_lsb'), ('union (unnamed union at /usr/include/x86_64-linux-gnu/bits/types/siginfo_t.h:94:6)', '_bounds')]
DEBUG: Wrapper parse found struct AnonymousStruct38 with fields [('void *', '_lower'), ('void *', '_upper')]
DEBUG: Wrapper parse found struct AnonymousStruct39 with fields [('void *', '_lower'), ('void *', '_upper')]
DEBUG: Wrapper parse found struct AnonymousStruct40 with fields [('void *', '_lower'), ('void *', '_upper')]
DEBUG: Wrapper parse found struct AnonymousStruct41 with fields [('void *', '_lower'), ('void *', '_upper')]
DEBUG: Wrapper parse found struct AnonymousStruct42 with fields [('void *', 'si_addr'), ('short', 'si_addr_lsb'), ('union (unnamed union at /usr/include/x86_64-linux-gnu/bits/types/siginfo_t.h:94:6)', '_bounds')]
DEBUG: Wrapper parse found struct AnonymousStruct43 with fields [('void *', '_lower'), ('void *', '_upper')]
DEBUG: Wrapper parse found struct AnonymousStruct44 with fields [('void *', '_lower'), ('void *', '_upper')]
DEBUG: Wrapper parse found struct AnonymousStruct45 with fields [('void *', '_lower'), ('void *', '_upper')]
DEBUG: Wrapper parse found struct AnonymousStruct46 with fields [('void *', '_lower'), ('void *', '_upper')]
DEBUG: Wrapper parse found struct AnonymousStruct47 with fields [('long', 'si_band'), ('int', 'si_fd')]
DEBUG: Wrapper parse found struct AnonymousStruct48 with fields [('long', 'si_band'), ('int', 'si_fd')]
DEBUG: Wrapper parse found struct AnonymousStruct49 with fields [('void *', '_call_addr'), ('int', '_syscall'), ('unsigned int', '_arch')]
DEBUG: Wrapper parse found struct AnonymousStruct50 with fields [('void *', '_call_addr'), ('int', '_syscall'), ('unsigned int', '_arch')]
DEBUG: Wrapper parse found struct siginfo_t with fields [('int', 'si_signo'), ('int', 'si_errno'), ('int', 'si_code'), ('int', '__pad0'), ('union (unnamed union at /usr/include/x86_64-linux-gnu/bits/types/siginfo_t.h:51:5)', '_sifields')]
DEBUG: Wrapper parse found struct AnonymousStruct51 with fields [('__pid_t', 'si_pid'), ('__uid_t', 'si_uid')]
DEBUG: Wrapper parse found struct AnonymousStruct52 with fields [('__pid_t', 'si_pid'), ('__uid_t', 'si_uid')]
DEBUG: Wrapper parse found struct AnonymousStruct53 with fields [('int', 'si_tid'), ('int', 'si_overrun'), ('__sigval_t', 'si_sigval')]
DEBUG: Wrapper parse found struct AnonymousStruct54 with fields [('int', 'si_tid'), ('int', 'si_overrun'), ('__sigval_t', 'si_sigval')]
DEBUG: Wrapper parse found struct AnonymousStruct55 with fields [('__pid_t', 'si_pid'), ('__uid_t', 'si_uid'), ('__sigval_t', 'si_sigval')]
DEBUG: Wrapper parse found struct AnonymousStruct56 with fields [('__pid_t', 'si_pid'), ('__uid_t', 'si_uid'), ('__sigval_t', 'si_sigval')]
DEBUG: Wrapper parse found struct AnonymousStruct57 with fields [('__pid_t', 'si_pid'), ('__uid_t', 'si_uid'), ('int', 'si_status'), ('__clock_t', 'si_utime'), ('__clock_t', 'si_stime')]
DEBUG: Wrapper parse found struct AnonymousStruct58 with fields [('__pid_t', 'si_pid'), ('__uid_t', 'si_uid'), ('int', 'si_status'), ('__clock_t', 'si_utime'), ('__clock_t', 'si_stime')]
DEBUG: Wrapper parse found struct AnonymousStruct59 with fields [('void *', 'si_addr'), ('short', 'si_addr_lsb'), ('union (unnamed union at /usr/include/x86_64-linux-gnu/bits/types/siginfo_t.h:94:6)', '_bounds')]
DEBUG: Wrapper parse found struct AnonymousStruct60 with fields [('void *', '_lower'), ('void *', '_upper')]
DEBUG: Wrapper parse found struct AnonymousStruct61 with fields [('void *', '_lower'), ('void *', '_upper')]
DEBUG: Wrapper parse found struct AnonymousStruct62 with fields [('void *', '_lower'), ('void *', '_upper')]
DEBUG: Wrapper parse found struct AnonymousStruct63 with fields [('void *', '_lower'), ('void *', '_upper')]
DEBUG: Wrapper parse found struct AnonymousStruct64 with fields [('void *', 'si_addr'), ('short', 'si_addr_lsb'), ('union (unnamed union at /usr/include/x86_64-linux-gnu/bits/types/siginfo_t.h:94:6)', '_bounds')]
DEBUG: Wrapper parse found struct AnonymousStruct65 with fields [('void *', '_lower'), ('void *', '_upper')]
DEBUG: Wrapper parse found struct AnonymousStruct66 with fields [('void *', '_lower'), ('void *', '_upper')]
DEBUG: Wrapper parse found struct AnonymousStruct67 with fields [('void *', '_lower'), ('void *', '_upper')]
DEBUG: Wrapper parse found struct AnonymousStruct68 with fields [('void *', '_lower'), ('void *', '_upper')]
DEBUG: Wrapper parse found struct AnonymousStruct69 with fields [('long', 'si_band'), ('int', 'si_fd')]
DEBUG: Wrapper parse found struct AnonymousStruct70 with fields [('long', 'si_band'), ('int', 'si_fd')]
DEBUG: Wrapper parse found struct AnonymousStruct71 with fields [('void *', '_call_addr'), ('int', '_syscall'), ('unsigned int', '_arch')]
DEBUG: Wrapper parse found struct AnonymousStruct72 with fields [('void *', '_call_addr'), ('int', '_syscall'), ('unsigned int', '_arch')]
DEBUG: Wrapper parse found struct AnonymousStruct73 with fields [('__pid_t', 'si_pid'), ('__uid_t', 'si_uid')]
DEBUG: Wrapper parse found struct AnonymousStruct74 with fields [('__pid_t', 'si_pid'), ('__uid_t', 'si_uid')]
DEBUG: Wrapper parse found struct AnonymousStruct75 with fields [('int', 'si_tid'), ('int', 'si_overrun'), ('__sigval_t', 'si_sigval')]
DEBUG: Wrapper parse found struct AnonymousStruct76 with fields [('int', 'si_tid'), ('int', 'si_overrun'), ('__sigval_t', 'si_sigval')]
DEBUG: Wrapper parse found struct AnonymousStruct77 with fields [('__pid_t', 'si_pid'), ('__uid_t', 'si_uid'), ('__sigval_t', 'si_sigval')]
DEBUG: Wrapper parse found struct AnonymousStruct78 with fields [('__pid_t', 'si_pid'), ('__uid_t', 'si_uid'), ('__sigval_t', 'si_sigval')]
DEBUG: Wrapper parse found struct AnonymousStruct79 with fields [('__pid_t', 'si_pid'), ('__uid_t', 'si_uid'), ('int', 'si_status'), ('__clock_t', 'si_utime'), ('__clock_t', 'si_stime')]
DEBUG: Wrapper parse found struct AnonymousStruct80 with fields [('__pid_t', 'si_pid'), ('__uid_t', 'si_uid'), ('int', 'si_status'), ('__clock_t', 'si_utime'), ('__clock_t', 'si_stime')]
DEBUG: Wrapper parse found struct AnonymousStruct81 with fields [('void *', 'si_addr'), ('short', 'si_addr_lsb'), ('union (unnamed union at /usr/include/x86_64-linux-gnu/bits/types/siginfo_t.h:94:6)', '_bounds')]
DEBUG: Wrapper parse found struct AnonymousStruct82 with fields [('void *', '_lower'), ('void *', '_upper')]
DEBUG: Wrapper parse found struct AnonymousStruct83 with fields [('void *', '_lower'), ('void *', '_upper')]
DEBUG: Wrapper parse found struct AnonymousStruct84 with fields [('void *', '_lower'), ('void *', '_upper')]
DEBUG: Wrapper parse found struct AnonymousStruct85 with fields [('void *', '_lower'), ('void *', '_upper')]
DEBUG: Wrapper parse found struct AnonymousStruct86 with fields [('void *', 'si_addr'), ('short', 'si_addr_lsb'), ('union (unnamed union at /usr/include/x86_64-linux-gnu/bits/types/siginfo_t.h:94:6)', '_bounds')]
DEBUG: Wrapper parse found struct AnonymousStruct87 with fields [('void *', '_lower'), ('void *', '_upper')]
DEBUG: Wrapper parse found struct AnonymousStruct88 with fields [('void *', '_lower'), ('void *', '_upper')]
DEBUG: Wrapper parse found struct AnonymousStruct89 with fields [('void *', '_lower'), ('void *', '_upper')]
DEBUG: Wrapper parse found struct AnonymousStruct90 with fields [('void *', '_lower'), ('void *', '_upper')]
DEBUG: Wrapper parse found struct AnonymousStruct91 with fields [('long', 'si_band'), ('int', 'si_fd')]
DEBUG: Wrapper parse found struct AnonymousStruct92 with fields [('long', 'si_band'), ('int', 'si_fd')]
DEBUG: Wrapper parse found struct AnonymousStruct93 with fields [('void *', '_call_addr'), ('int', '_syscall'), ('unsigned int', '_arch')]
DEBUG: Wrapper parse found struct AnonymousStruct94 with fields [('void *', '_call_addr'), ('int', '_syscall'), ('unsigned int', '_arch')]
DEBUG: Wrapper parse found struct sigevent with fields [('__sigval_t', 'sigev_value'), ('int', 'sigev_signo'), ('int', 'sigev_notify'), ('union (unnamed union at /usr/include/x86_64-linux-gnu/bits/types/sigevent_t.h:28:5)', '_sigev_un')]
DEBUG: Wrapper parse found struct AnonymousStruct95 with fields [('void (*)(__sigval_t)', '_function'), ('pthread_attr_t *', '_attribute')]
DEBUG: Wrapper parse found struct AnonymousStruct96 with fields [('void (*)(__sigval_t)', '_function'), ('pthread_attr_t *', '_attribute')]
DEBUG: Wrapper parse found struct AnonymousStruct97 with fields [('void (*)(__sigval_t)', '_function'), ('pthread_attr_t *', '_attribute')]
DEBUG: Wrapper parse found struct AnonymousStruct98 with fields [('void (*)(__sigval_t)', '_function'), ('pthread_attr_t *', '_attribute')]
DEBUG: Wrapper parse found struct sigevent with fields [('__sigval_t', 'sigev_value'), ('int', 'sigev_signo'), ('int', 'sigev_notify'), ('union (unnamed union at /usr/include/x86_64-linux-gnu/bits/types/sigevent_t.h:28:5)', '_sigev_un')]
DEBUG: Wrapper parse found struct AnonymousStruct99 with fields [('void (*)(__sigval_t)', '_function'), ('pthread_attr_t *', '_attribute')]
DEBUG: Wrapper parse found struct AnonymousStruct100 with fields [('void (*)(__sigval_t)', '_function'), ('pthread_attr_t *', '_attribute')]
DEBUG: Wrapper parse found struct AnonymousStruct101 with fields [('void (*)(__sigval_t)', '_function'), ('pthread_attr_t *', '_attribute')]
DEBUG: Wrapper parse found struct AnonymousStruct102 with fields [('void (*)(__sigval_t)', '_function'), ('pthread_attr_t *', '_attribute')]
DEBUG: Wrapper parse found struct sigaction with fields [('union (unnamed union at /usr/include/x86_64-linux-gnu/bits/sigaction.h:31:5)', '__sigaction_handler'), ('__sigset_t', 'sa_mask'), ('int', 'sa_flags'), ('void (*)(void)', 'sa_restorer')]
DEBUG: Wrapper parse found struct _fpx_sw_bytes with fields [('__uint32_t', 'magic1'), ('__uint32_t', 'extended_size'), ('__uint64_t', 'xstate_bv'), ('__uint32_t', 'xstate_size'), ('__uint32_t[7]', '__glibc_reserved1')]
DEBUG: Wrapper parse found struct _fpreg with fields [('unsigned short[4]', 'significand'), ('unsigned short', 'exponent')]
DEBUG: Wrapper parse found struct _fpxreg with fields [('unsigned short[4]', 'significand'), ('unsigned short', 'exponent'), ('unsigned short[3]', '__glibc_reserved1')]
DEBUG: Wrapper parse found struct _xmmreg with fields [('__uint32_t[4]', 'element')]
DEBUG: Wrapper parse found struct _fpstate with fields [('__uint16_t', 'cwd'), ('__uint16_t', 'swd'), ('__uint16_t', 'ftw'), ('__uint16_t', 'fop'), ('__uint64_t', 'rip'), ('__uint64_t', 'rdp'), ('__uint32_t', 'mxcsr'), ('__uint32_t', 'mxcr_mask'), ('struct _fpxreg[8]', '_st'), ('struct _xmmreg[16]', '_xmm'), ('__uint32_t[24]', '__glibc_reserved1')]
DEBUG: Wrapper parse found struct sigcontext with fields [('__uint64_t', 'r8'), ('__uint64_t', 'r9'), ('__uint64_t', 'r10'), ('__uint64_t', 'r11'), ('__uint64_t', 'r12'), ('__uint64_t', 'r13'), ('__uint64_t', 'r14'), ('__uint64_t', 'r15'), ('__uint64_t', 'rdi'), ('__uint64_t', 'rsi'), ('__uint64_t', 'rbp'), ('__uint64_t', 'rbx'), ('__uint64_t', 'rdx'), ('__uint64_t', 'rax'), ('__uint64_t', 'rcx'), ('__uint64_t', 'rsp'), ('__uint64_t', 'rip'), ('__uint64_t', 'eflags'), ('unsigned short', 'cs'), ('unsigned short', 'gs'), ('unsigned short', 'fs'), ('unsigned short', '__pad0'), ('__uint64_t', 'err'), ('__uint64_t', 'trapno'), ('__uint64_t', 'oldmask'), ('__uint64_t', 'cr2'), ('__uint64_t[8]', '__reserved1')]
DEBUG: Wrapper parse found struct _xsave_hdr with fields [('__uint64_t', 'xstate_bv'), ('__uint64_t[2]', '__glibc_reserved1'), ('__uint64_t[5]', '__glibc_reserved2')]
DEBUG: Wrapper parse found struct _ymmh_state with fields [('__uint32_t[64]', 'ymmh_space')]
DEBUG: Wrapper parse found struct _xstate with fields [('struct _fpstate', 'fpstate'), ('struct _xsave_hdr', 'xstate_hdr'), ('struct _ymmh_state', 'ymmh')]
DEBUG: Wrapper parse found struct AnonymousStruct103 with fields [('void *', 'ss_sp'), ('int', 'ss_flags'), ('int', 'ss_size')]
DEBUG: Wrapper parse found struct AnonymousStruct104 with fields [('void *', 'ss_sp'), ('int', 'ss_flags'), ('int', 'ss_size')]
DEBUG: Wrapper parse found struct _libc_fpxreg with fields [('unsigned short[4]', 'significand'), ('unsigned short', 'exponent'), ('unsigned short[3]', '__glibc_reserved1')]
DEBUG: Wrapper parse found struct _libc_xmmreg with fields [('__uint32_t[4]', 'element')]
DEBUG: Wrapper parse found struct _libc_fpstate with fields [('__uint16_t', 'cwd'), ('__uint16_t', 'swd'), ('__uint16_t', 'ftw'), ('__uint16_t', 'fop'), ('__uint64_t', 'rip'), ('__uint64_t', 'rdp'), ('__uint32_t', 'mxcsr'), ('__uint32_t', 'mxcr_mask'), ('struct _libc_fpxreg[8]', '_st'), ('struct _libc_xmmreg[16]', '_xmm'), ('__uint32_t[24]', '__glibc_reserved1')]
DEBUG: Wrapper parse found struct mcontext_t with fields [('gregset_t', 'gregs'), ('fpregset_t', 'fpregs'), ('unsigned long long[8]', '__reserved1')]
DEBUG: Wrapper parse found struct mcontext_t with fields [('gregset_t', 'gregs'), ('fpregset_t', 'fpregs'), ('unsigned long long[8]', '__reserved1')]
DEBUG: Wrapper parse found struct ucontext_t with fields [('unsigned long', 'uc_flags'), ('struct ucontext_t *', 'uc_link'), ('stack_t', 'uc_stack'), ('mcontext_t', 'uc_mcontext'), ('sigset_t', 'uc_sigmask'), ('struct _libc_fpstate', '__fpregs_mem'), ('unsigned long long[4]', '__ssp')]
DEBUG: Wrapper parse found struct ucontext_t with fields [('unsigned long', 'uc_flags'), ('struct ucontext_t *', 'uc_link'), ('stack_t', 'uc_stack'), ('mcontext_t', 'uc_mcontext'), ('sigset_t', 'uc_sigmask'), ('struct _libc_fpstate', '__fpregs_mem'), ('unsigned long long[4]', '__ssp')]
DEBUG: Wrapper parse found struct sigstack with fields [('void *', 'ss_sp'), ('int', 'ss_onstack')]
DEBUG: Wrapper parse found struct __mbstate_t with fields [('int', '__count'), ('union (unnamed union at /usr/include/x86_64-linux-gnu/bits/types/__mbstate_t.h:16:3)', '__value')]
DEBUG: Wrapper parse found struct __mbstate_t with fields [('int', '__count'), ('union (unnamed union at /usr/include/x86_64-linux-gnu/bits/types/__mbstate_t.h:16:3)', '__value')]
DEBUG: Wrapper parse found struct _G_fpos_t with fields [('__off_t', '__pos'), ('__mbstate_t', '__state')]
DEBUG: Wrapper parse found struct _G_fpos_t with fields [('__off_t', '__pos'), ('__mbstate_t', '__state')]
DEBUG: Wrapper parse found struct _G_fpos64_t with fields [('__off64_t', '__pos'), ('__mbstate_t', '__state')]
DEBUG: Wrapper parse found struct _G_fpos64_t with fields [('__off64_t', '__pos'), ('__mbstate_t', '__state')]
DEBUG: Wrapper parse found struct _IO_FILE with fields []
DEBUG: Wrapper parse found struct _IO_FILE with fields []
DEBUG: Wrapper parse found struct _IO_FILE with fields []
DEBUG: Wrapper parse found struct _IO_marker with fields []
DEBUG: Wrapper parse found struct _IO_codecvt with fields []
DEBUG: Wrapper parse found struct _IO_wide_data with fields []
DEBUG: Wrapper parse found struct _IO_FILE with fields [('int', '_flags'), ('char *', '_IO_read_ptr'), ('char *', '_IO_read_end'), ('char *', '_IO_read_base'), ('char *', '_IO_write_base'), ('char *', '_IO_write_ptr'), ('char *', '_IO_write_end'), ('char *', '_IO_buf_base'), ('char *', '_IO_buf_end'), ('char *', '_IO_save_base'), ('char *', '_IO_backup_base'), ('char *', '_IO_save_end'), ('struct _IO_marker *', '_markers'), ('struct _IO_FILE *', '_chain'), ('int', '_fileno'), ('int', '_flags2'), ('__off_t', '_old_offset'), ('unsigned short', '_cur_column'), ('signed char', '_vtable_offset'), ('char[1]', '_shortbuf'), ('_IO_lock_t *', '_lock'), ('__off64_t', '_offset'), ('struct _IO_codecvt *', '_codecvt'), ('struct _IO_wide_data *', '_wide_data'), ('struct _IO_FILE *', '_freeres_list'), ('void *', '_freeres_buf'), ('int', '__pad5'), ('int', '_mode'), ('char', '_unused2')]
DEBUG: Wrapper parse found struct div_t with fields [('int', 'quot'), ('int', 'rem')]
DEBUG: Wrapper parse found struct div_t with fields [('int', 'quot'), ('int', 'rem')]
DEBUG: Wrapper parse found struct ldiv_t with fields [('long', 'quot'), ('long', 'rem')]
DEBUG: Wrapper parse found struct ldiv_t with fields [('long', 'quot'), ('long', 'rem')]
DEBUG: Wrapper parse found struct lldiv_t with fields [('long long', 'quot'), ('long long', 'rem')]
DEBUG: Wrapper parse found struct lldiv_t with fields [('long long', 'quot'), ('long long', 'rem')]
DEBUG: Wrapper parse found struct random_data with fields [('int32_t *', 'fptr'), ('int32_t *', 'rptr'), ('int32_t *', 'state'), ('int', 'rand_type'), ('int', 'rand_deg'), ('int', 'rand_sep'), ('int32_t *', 'end_ptr')]
DEBUG: Wrapper parse found struct drand48_data with fields [('unsigned short[3]', '__x'), ('unsigned short[3]', '__old_x'), ('unsigned short', '__c'), ('unsigned short', '__init'), ('unsigned long long', '__a')]
DEBUG: Wrapper parse found struct epoll_event with fields [('uint32_t', 'events'), ('epoll_data_t', 'data')]
DEBUG: Wrapper parse found struct timezone with fields [('int', 'tz_minuteswest'), ('int', 'tz_dsttime')]
DEBUG: Wrapper parse found struct itimerval with fields [('struct timeval', 'it_interval'), ('struct timeval', 'it_value')]
DEBUG: Wrapper parse found struct tm with fields [('int', 'tm_sec'), ('int', 'tm_min'), ('int', 'tm_hour'), ('int', 'tm_mday'), ('int', 'tm_mon'), ('int', 'tm_year'), ('int', 'tm_wday'), ('int', 'tm_yday'), ('int', 'tm_isdst'), ('long', 'tm_gmtoff'), ('const char *', 'tm_zone')]
DEBUG: Wrapper parse found struct itimerspec with fields [('struct timespec', 'it_interval'), ('struct timespec', 'it_value')]
DEBUG: Wrapper parse found struct sigevent with fields []
DEBUG: Wrapper parse found struct mg_str with fields [('const char *', 'ptr'), ('int', 'len')]
DEBUG: Wrapper parse found struct mg_queue with fields [('char *', 'buf'), ('int', 'size'), ('volatile int', 'tail'), ('volatile int', 'head')]
DEBUG: Wrapper parse found struct mg_timer with fields [('unsigned long', 'id'), ('uint64_t', 'period_ms'), ('uint64_t', 'expire'), ('unsigned int', 'flags'), ('void (*)(void *)', 'fn'), ('void *', 'arg'), ('struct mg_timer *', 'next')]
DEBUG: Wrapper parse found struct mg_fs with fields [('int (*)(const char *, size_t *, time_t *)', 'st'), ('void (*)(const char *, void (*)(const char *, void *), void *)', 'ls'), ('void *(*)(const char *, int)', 'op'), ('void (*)(void *)', 'cl'), ('int (*)(void *, void *, size_t *)', 'rd'), ('int (*)(void *, const void *, size_t *)', 'wr'), ('int (*)(void *, size_t *)', 'sk'), ('int ((int *))(const char *, const char *)', 'bool')]
DEBUG: Wrapper parse found struct mg_fd with fields [('void *', 'fd'), ('struct mg_fs *', 'fs')]
DEBUG: Wrapper parse found struct mg_iobuf with fields [('unsigned char *', 'buf'), ('size_t', 'size'), ('size_t', 'len'), ('size_t', 'align')]
DEBUG: Wrapper parse found struct mg_md5_ctx with fields [('uint32_t[4]', 'buf'), ('uint32_t[2]', 'bits'), ('unsigned char[64]', 'in')]
DEBUG: Wrapper parse found struct mg_md5_ctx with fields [('uint32_t[4]', 'buf'), ('uint32_t[2]', 'bits'), ('unsigned char[64]', 'in')]
DEBUG: Wrapper parse found struct mg_sha1_ctx with fields [('uint32_t[5]', 'state'), ('uint32_t[2]', 'count'), ('unsigned char[64]', 'buffer')]
DEBUG: Wrapper parse found struct mg_sha1_ctx with fields [('uint32_t[5]', 'state'), ('uint32_t[2]', 'count'), ('unsigned char[64]', 'buffer')]
DEBUG: Wrapper parse found struct mg_connection with fields []
DEBUG: Wrapper parse found struct mg_dns with fields [('const char *', 'url'), ('struct mg_connection *', 'c')]
DEBUG: Wrapper parse found struct mg_addr with fields [('uint16_t', 'port'), ('uint32_t', 'ip'), ('uint8_t[16]', 'ip6'), ('int', 'is_ip6')]
DEBUG: Wrapper parse found struct mg_mgr with fields [('struct mg_connection *', 'conns'), ('struct mg_dns', 'dns4'), ('struct mg_dns', 'dns6'), ('int', 'dnstimeout'), ('int', 'use_dns6'), ('unsigned long', 'nextid'), ('unsigned long', 'timerid'), ('void *', 'userdata'), ('uint16_t', 'mqtt_id'), ('void *', 'active_dns_requests'), ('struct mg_timer *', 'timers'), ('int', 'epoll_fd'), ('void *', 'priv'), ('size_t', 'extraconnsize')]
DEBUG: Wrapper parse found struct mg_connection with fields [('struct mg_connection *', 'next'), ('struct mg_mgr *', 'mgr'), ('struct mg_addr', 'loc'), ('struct mg_addr', 'rem'), ('void *', 'fd'), ('unsigned long', 'id'), ('struct mg_iobuf', 'recv'), ('struct mg_iobuf', 'send'), ('mg_event_handler_t', 'fn'), ('void *', 'fn_data'), ('mg_event_handler_t', 'pfn'), ('void *', 'pfn_data'), ('char[32]', 'data'), ('void *', 'tls'), ('unsigned int', 'is_listening'), ('unsigned int', 'is_client'), ('unsigned int', 'is_accepted'), ('unsigned int', 'is_resolving'), ('unsigned int', 'is_arplooking'), ('unsigned int', 'is_connecting'), ('unsigned int', 'is_tls'), ('unsigned int', 'is_tls_hs'), ('unsigned int', 'is_udp'), ('unsigned int', 'is_websocket'), ('unsigned int', 'is_mqtt5'), ('unsigned int', 'is_hexdumping'), ('unsigned int', 'is_draining'), ('unsigned int', 'is_closing'), ('unsigned int', 'is_full'), ('unsigned int', 'is_resp'), ('unsigned int', 'is_readable'), ('unsigned int', 'is_writable')]
DEBUG: Wrapper parse found struct mg_http_header with fields [('struct mg_str', 'name'), ('struct mg_str', 'value')]
DEBUG: Wrapper parse found struct mg_http_message with fields [('struct mg_str', 'method'), ('struct mg_str', 'uri'), ('struct mg_str', 'query'), ('struct mg_str', 'proto'), ('struct mg_http_header[30]', 'headers'), ('struct mg_str', 'body'), ('struct mg_str', 'head'), ('struct mg_str', 'chunk'), ('struct mg_str', 'message')]
DEBUG: Wrapper parse found struct mg_http_serve_opts with fields [('const char *', 'root_dir'), ('const char *', 'ssi_pattern'), ('const char *', 'extra_headers'), ('const char *', 'mime_types'), ('const char *', 'page404'), ('struct mg_fs *', 'fs')]
DEBUG: Wrapper parse found struct mg_http_part with fields [('struct mg_str', 'name'), ('struct mg_str', 'filename'), ('struct mg_str', 'body')]
DEBUG: Wrapper parse found struct mg_tls_opts with fields [('const char *', 'ca'), ('const char *', 'crl'), ('const char *', 'cert'), ('const char *', 'certkey'), ('const char *', 'ciphers'), ('struct mg_str', 'srvname'), ('struct mg_fs *', 'fs')]
DEBUG: Wrapper parse found struct mg_ws_message with fields [('struct mg_str', 'data'), ('uint8_t', 'flags')]
DEBUG: Wrapper parse found struct mg_mqtt_prop with fields [('uint8_t', 'id'), ('uint32_t', 'iv'), ('struct mg_str', 'key'), ('struct mg_str', 'val')]
DEBUG: Wrapper parse found struct mg_mqtt_opts with fields [('struct mg_str', 'user'), ('struct mg_str', 'pass'), ('struct mg_str', 'client_id'), ('struct mg_str', 'topic'), ('struct mg_str', 'message'), ('uint8_t', 'qos'), ('uint8_t', 'version'), ('uint16_t', 'keepalive'), ('int', 'retain'), ('int', 'clean'), ('struct mg_mqtt_prop *', 'props'), ('size_t', 'num_props'), ('struct mg_mqtt_prop *', 'will_props'), ('size_t', 'num_will_props')]
DEBUG: Wrapper parse found struct mg_mqtt_message with fields [('struct mg_str', 'topic'), ('struct mg_str', 'data'), ('struct mg_str', 'dgram'), ('uint16_t', 'id'), ('uint8_t', 'cmd'), ('uint8_t', 'qos'), ('uint8_t', 'ack'), ('size_t', 'props_start'), ('size_t', 'props_size')]
DEBUG: Wrapper parse found struct mg_dns_message with fields [('uint16_t', 'txnid'), ('int', 'resolved'), ('struct mg_addr', 'addr'), ('char[256]', 'name')]
DEBUG: Wrapper parse found struct mg_dns_header with fields [('uint16_t', 'txnid'), ('uint16_t', 'flags'), ('uint16_t', 'num_questions'), ('uint16_t', 'num_answers'), ('uint16_t', 'num_authority_prs'), ('uint16_t', 'num_other_prs')]
DEBUG: Wrapper parse found struct mg_dns_rr with fields [('uint16_t', 'nlen'), ('uint16_t', 'atype'), ('uint16_t', 'aclass'), ('uint16_t', 'alen')]
DEBUG: Wrapper parse found struct mg_rpc_req with fields [('struct mg_rpc **', 'head'), ('struct mg_rpc *', 'rpc'), ('mg_pfn_t', 'pfn'), ('void *', 'pfn_data'), ('void *', 'req_data'), ('struct mg_str', 'frame')]
DEBUG: Wrapper parse found struct mg_rpc with fields []
DEBUG: Wrapper parse found struct mg_rpc with fields [('struct mg_rpc *', 'next'), ('struct mg_str', 'method'), ('void (*)(struct mg_rpc_req *)', 'fn'), ('void *', 'fn_data')]
DEBUG: Wrapper parse found struct mg_tcpip_driver_imxrt1020_data with fields [('int', 'mdc_cr')]
DEBUG: Wrapper parse found struct mg_tcpip_driver_stm32_data with fields [('int', 'mdc_cr')]
DEBUG: Wrapper parse found struct mg_tcpip_driver_stm32h_data with fields [('int', 'mdc_cr')]
DEBUG: Wrapper parse found struct mg_tcpip_driver_tm4c_data with fields [('int', 'mdc_cr')]
DEBUG: Wrapper parse found struct dns_data with fields [('struct dns_data *', 'next'), ('struct mg_connection *', 'c'), ('uint64_t', 'expire'), ('uint16_t', 'txnid')]
Generated main.c for wrapper.
Generated reference_runner.cc.
DEBUG: Wrapper parse found struct AnonymousStruct105 with fields [('struct mg_dns_header', 'header'), ('uint8_t[256]', 'data')]
DEBUG: Wrapper parse found struct AnonymousStruct106 with fields [('struct mg_dns_header', 'header'), ('uint8_t[256]', 'data')]
DEBUG: Wrapper parse found struct packed_file with fields [('const char *', 'data'), ('size_t', 'size'), ('size_t', 'pos')]
DEBUG: Wrapper parse found struct printdirentrydata with fields [('struct mg_connection *', 'c'), ('struct mg_http_message *', 'hm'), ('const struct mg_http_serve_opts *', 'opts'), ('const char *', 'dir')]
DEBUG: Wrapper parse found struct mg_mqtt_pmap with fields [('uint8_t', 'id'), ('uint8_t', 'type')]
DEBUG: Wrapper parse found struct url with fields [('size_t', 'key'), ('size_t', 'user'), ('size_t', 'pass'), ('size_t', 'host'), ('size_t', 'port'), ('size_t', 'uri'), ('size_t', 'end')]
DEBUG: Wrapper parse found struct ws_msg with fields [('uint8_t', 'flags'), ('size_t', 'header_len'), ('size_t', 'data_len')]
DEBUG: pointer context {'buf': {'name': 'buf', 'pointer_type': 'void *', 'kind': 'scalar_ptr', 'base_type': 'void', 'storage_type': 'void', 'qualifiers': [], 'var_name': 'buf_ptr', 'storage_var': 'buf_storage', 'used': False, 'field_path': None, 'msg_accessor': None, 'msg_var': 'buf_msg', 'is_slice': True, 'length_field': 'len', 'length_type': 'size_t', 'length_proto': 'uint64', 'helper_name': 'BytesSlice', 'data_proto': 'bytes', 'storage_ptr_type': 'void *', 'presence_field': 'has_value', 'include_header': None, 'typedef_target': None, 'external_handle': False, 'external_fn': None, 'external_call': None}}
DEBUG: pointer context {'buf': {'name': 'buf', 'pointer_type': 'void *', 'kind': 'scalar_ptr', 'base_type': 'void', 'storage_type': 'void', 'qualifiers': [], 'var_name': 'buf_ptr', 'storage_var': 'buf_storage', 'used': False, 'field_path': None, 'msg_accessor': None, 'msg_var': 'buf_msg', 'is_slice': True, 'length_field': 'len', 'length_type': 'size_t', 'length_proto': 'uint64', 'helper_name': 'BytesSlice', 'data_proto': 'bytes', 'storage_ptr_type': 'void *', 'presence_field': 'has_value', 'include_header': None, 'typedef_target': None, 'external_handle': False, 'external_fn': None, 'external_call': None}}
DEBUG: walk_decls called with 2 fields, prefix='', depth=0, parser=libclang
DEBUG: Processing field ('void *', 'buf'), name=buf, is_struct=False, is_ptr=True
DEBUG: Processing field ('size_t', 'len'), name=len, is_struct=False, is_ptr=False
