DEBUG: Starting main with file /workspace/examples/mixed_scalars.c, func evaluate_sensor, parser libclang, headers 
DEBUG: Parsing file /workspace/examples/mixed_scalars.c with libclang
DEBUG: Libclang args: []
DEBUG: Scanning for function evaluate_sensor
DEBUG: Found target function evaluate_sensor
DEBUG: Function has 3 arguments
DEBUG: Param type: int
DEBUG: Param type: float
DEBUG: Param type: const char *
DEBUG: Found called function printf
DEBUG: Found called function strcmp
DEBUG: Found called function strcmp
DEBUG: Found called function printf
DEBUG: Found called function printf
DEBUG: Collecting structs from /workspace/examples/mixed_scalars.c
DEBUG: Skipped struct  from /usr/include/aarch64-linux-gnu/bits/types.h (not in main file or headers dir)
DEBUG: Skipped struct  from /usr/include/aarch64-linux-gnu/bits/types.h (not in main file or headers dir)
DEBUG: Skipped struct  from /usr/include/aarch64-linux-gnu/bits/types/__mbstate_t.h (not in main file or headers dir)
DEBUG: Skipped struct  from /usr/include/aarch64-linux-gnu/bits/types/__mbstate_t.h (not in main file or headers dir)
DEBUG: Skipped struct _G_fpos_t from /usr/include/aarch64-linux-gnu/bits/types/__fpos_t.h (not in main file or headers dir)
DEBUG: Skipped struct _G_fpos_t from /usr/include/aarch64-linux-gnu/bits/types/__fpos_t.h (not in main file or headers dir)
DEBUG: Skipped struct _G_fpos64_t from /usr/include/aarch64-linux-gnu/bits/types/__fpos64_t.h (not in main file or headers dir)
DEBUG: Skipped struct _G_fpos64_t from /usr/include/aarch64-linux-gnu/bits/types/__fpos64_t.h (not in main file or headers dir)
DEBUG: Skipped struct _IO_FILE from /usr/include/aarch64-linux-gnu/bits/types/__FILE.h (not in main file or headers dir)
DEBUG: Skipped struct _IO_FILE from /usr/include/aarch64-linux-gnu/bits/types/FILE.h (not in main file or headers dir)
DEBUG: Skipped struct _IO_FILE from /usr/include/aarch64-linux-gnu/bits/types/struct_FILE.h (not in main file or headers dir)
DEBUG: Skipped struct _IO_marker from /usr/include/aarch64-linux-gnu/bits/types/struct_FILE.h (not in main file or headers dir)
DEBUG: Skipped struct _IO_codecvt from /usr/include/aarch64-linux-gnu/bits/types/struct_FILE.h (not in main file or headers dir)
DEBUG: Skipped struct _IO_wide_data from /usr/include/aarch64-linux-gnu/bits/types/struct_FILE.h (not in main file or headers dir)
DEBUG: Skipped struct _IO_FILE from /usr/include/aarch64-linux-gnu/bits/types/struct_FILE.h (not in main file or headers dir)
DEBUG: Skipped struct __locale_struct from /usr/include/aarch64-linux-gnu/bits/types/__locale_t.h (not in main file or headers dir)
DEBUG: Skipped struct __locale_data from /usr/include/aarch64-linux-gnu/bits/types/__locale_t.h (not in main file or headers dir)
DEBUG: Function evaluate_sensor params: [('int', 'sensor_id'), ('float', 'temperature'), ('const char *', 'mode')]
DEBUG: CLI main function detected: False
DEBUG: Mapping type for decl: ('int', 'sensor_id')
DEBUG: Mapping type for decl: ('float', 'temperature')
DEBUG: Mapping type for decl: ('const char *', 'mode')
DEBUG: Using function params for Input: [('int32', 'sensor_id'), ('float', 'temperature'), ('string', 'mode')]
Wrote proto to input.proto:

syntax = "proto3";

message Input {
  int32 sensor_id = 1;
  float temperature = 2;
  string mode = 3;
}

