[1/30] Testing: mg_log_set
  [*] Building harness for mg_log_set...
  [✓] Build succeeded
  [*] Stage A: Fuzzing for 120 seconds...
  [✓] Fuzzing completed
  [*] Collecting coverage data...
  [✓] Coverage: 2/2 branches (100.00%), 4/4 lines (100.00%)
  [*] Stage B: Differential replay...
  [✓] Replay completed

[2/30] Testing: mg_ntohl
  [*] Building harness for mg_ntohl...
  [✓] Build succeeded
  [*] Stage A: Fuzzing for 120 seconds...
  [✓] Fuzzing completed
  [*] Collecting coverage data...
  [✓] Coverage: 0/0 branches (0.00%), 6/6 lines (100.00%)
  [*] Stage B: Differential replay...
  [✓] Replay completed

[3/30] Testing: mg_ntohs
  [*] Building harness for mg_ntohs...
  [✓] Build succeeded
  [*] Stage A: Fuzzing for 120 seconds...
  [✓] Fuzzing completed
  [*] Collecting coverage data...
  [✓] Coverage: 0/0 branches (0.00%), 5/5 lines (100.00%)
  [*] Stage B: Differential replay...
  [✓] Replay completed

[4/30] Testing: mg_timer_expired
  [*] Building harness for mg_timer_expired...
  [✓] Build succeeded
  [*] Stage A: Fuzzing for 120 seconds...
  [✓] Fuzzing completed
  [*] Collecting coverage data...
  [✓] Coverage: 6/8 branches (75.00%), 7/7 lines (100.00%)
  [*] Stage B: Differential replay...
  [✓] Replay completed

[5/30] Testing: mg_base64_update
  [*] Building harness for mg_base64_update...
  [✓] Build succeeded
  [*] Stage A: Fuzzing for 120 seconds...
  [✗] Fuzzing crashed (exit 1)
  [*] Collecting coverage data...
  [✓] Coverage: 4/4 branches (100.00%), 15/15 lines (100.00%)
  [*] Stage B: Differential replay...
  [✓] Replay completed

[6/30] Testing: mg_crc32
  [*] Building harness for mg_crc32...
  [✓] Build succeeded
  [*] Stage A: Fuzzing for 120 seconds...
  [✗] Fuzzing crashed (exit 1)
  [*] Collecting coverage data...
  [✓] Coverage: 2/2 branches (100.00%), 13/13 lines (100.00%)
  [*] Stage B: Differential replay...
  [✓] Replay completed

[7/30] Testing: mg_mqtt_parse
  [*] Building harness for mg_mqtt_parse...
  [✗] Build failed (see /home/priyatam/pin/build/mongoose_mg_mqtt_parse_diff/build.log)

[8/30] Testing: mg_url_decode
  [*] Building harness for mg_url_decode...
  [✓] Build succeeded
  [*] Stage A: Fuzzing for 120 seconds...
  [✗] Fuzzing crashed (exit 1)
  [*] Collecting coverage data...
  [✓] Coverage: 14/22 branches (63.64%), 12/19 lines (63.16%)
  [*] Stage B: Differential replay...
  [✓] Replay completed

[9/30] Testing: mg_base64_final
  [*] Building harness for mg_base64_final...
  [✓] Build succeeded
  [*] Stage A: Fuzzing for 120 seconds...
  [✗] Fuzzing crashed (exit 1)
  [*] Collecting coverage data...
  [✓] Coverage: 6/6 branches (100.00%), 8/8 lines (100.00%)
  [*] Stage B: Differential replay...
  [✓] Replay completed

[10/30] Testing: mg_check_ip_acl
  [*] Building harness for mg_check_ip_acl...
  [✗] Build failed (see /home/priyatam/pin/build/mongoose_mg_check_ip_acl_diff/build.log)

[11/30] Testing: mg_http_get_request_len
  [*] Building harness for mg_http_get_request_len...
  [✗] Build failed (see /home/priyatam/pin/build/mongoose_mg_http_get_request_len_diff/build.log)

[12/30] Testing: mg_md5_final
  [*] Building harness for mg_md5_final...
  [✗] Build failed (see /home/priyatam/pin/build/mongoose_mg_md5_final_diff/build.log)

[13/30] Testing: mg_sha1_final
  [*] Building harness for mg_sha1_final...
  [✗] Build failed (see /home/priyatam/pin/build/mongoose_mg_sha1_final_diff/build.log)

[14/30] Testing: mg_sntp_parse
  [*] Building harness for mg_sntp_parse...
  [✗] Build failed (see /home/priyatam/pin/build/mongoose_mg_sntp_parse_diff/build.log)

[15/30] Testing: mg_str_n
  [*] Building harness for mg_str_n...
  [✗] Build failed (see /home/priyatam/pin/build/mongoose_mg_str_n_diff/build.log)

[16/30] Testing: mg_unhexn
  [*] Building harness for mg_unhexn...
  [✓] Build succeeded
  [*] Stage A: Fuzzing for 120 seconds...
  [✗] Fuzzing crashed (exit 1)
  [*] Collecting coverage data...
  [✓] Coverage: 2/2 branches (100.00%), 5/5 lines (100.00%)
  [*] Stage B: Differential replay...
  [✓] Replay completed

[17/30] Testing: mg_dns_parse
  [*] Building harness for mg_dns_parse...
  [✗] Build failed (see /home/priyatam/pin/build/mongoose_mg_dns_parse_diff/build.log)

[18/30] Testing: mg_iobuf_del
  [*] Building harness for mg_iobuf_del...
  [✗] Build failed (see /home/priyatam/pin/build/mongoose_mg_iobuf_del_diff/build.log)

[19/30] Testing: mg_iobuf_init
  [*] Building harness for mg_iobuf_init...
  [✗] Build failed (see /home/priyatam/pin/build/mongoose_mg_iobuf_init_diff/build.log)

[20/30] Testing: mg_ws_wrap
  [*] Building harness for mg_ws_wrap...
  [✗] Build failed (see /home/priyatam/pin/build/mongoose_mg_ws_wrap_diff/build.log)

[21/30] Testing: mg_globmatch
  [*] Building harness for mg_globmatch...
  [✓] Build succeeded
  [*] Stage A: Fuzzing for 120 seconds...
  [⚠] Fuzzing timed out
  [*] Collecting coverage data...
  [✓] Coverage: 0/0 branches (0.00%), 3/3 lines (100.00%)
  [*] Stage B: Differential replay...

=== APPEND RUN Fri Nov  7 02:47:26 PM EST 2025 ===

[21/30] Testing: mg_globmatch
  [*] Building harness for mg_globmatch...

=== APPEND RUN Fri Nov  7 02:49:30 PM EST 2025 ===

[21/30] Testing: mg_globmatch
  [*] Building harness for mg_globmatch...
  [✗] Replay failed

[22/30] Testing: mg_url_encode
  [*] Building harness for mg_url_encode...
  [✓] Build succeeded
  [*] Stage A: Fuzzing for 120 seconds...
  [✗] Fuzzing crashed (exit 1)
  [*] Collecting coverage data...
  [✓] Coverage: 10/12 branches (83.33%), 16/17 lines (94.12%)
  [*] Stage B: Differential replay...
  [✓] Replay completed

[23/30] Testing: mg_log_prefix
  [*] Building harness for mg_log_prefix...
  [✓] Build succeeded
  [*] Stage A: Fuzzing for 120 seconds...

=== NEXT30 RUN Fri Nov  7 06:14:42 PM EST 2025 ===

[21/30] Testing: mg_globmatch
  [*] Building harness for mg_globmatch...
  [✓] Build succeeded
  [*] Stage A: Fuzzing for 60 seconds...
  [⚠] Fuzzing timed out
  [*] Collecting coverage data...
  [✓] Coverage: 0/0 branches (0.00%), 3/3 lines (100.00%)
  [*] Stage B: Differential replay...
  [✓] Replay completed

[22/30] Testing: mg_url_encode
  [*] Building harness for mg_url_encode...
  [✓] Build succeeded
  [*] Stage A: Fuzzing for 60 seconds...
  [✗] Fuzzing crashed (exit 1)
  [*] Collecting coverage data...
  [✓] Coverage: 6/12 branches (50.00%), 7/17 lines (41.18%)
  [*] Stage B: Differential replay...
  [✓] Replay completed

[23/30] Testing: mg_log_prefix
  [*] Building harness for mg_log_prefix...
  [✓] Build succeeded
  [*] Stage A: Fuzzing for 60 seconds...
  [✓] Fuzzing completed
  [*] Collecting coverage data...
  [✓] Coverage: 10/10 branches (100.00%), 16/16 lines (100.00%)
  [*] Stage B: Differential replay...
  [✓] Replay completed

[24/30] Testing: mg_base64_decode
  [*] Building harness for mg_base64_decode...
  [✓] Build succeeded
  [*] Stage A: Fuzzing for 60 seconds...
  [✓] Fuzzing completed
  [*] Collecting coverage data...
  [✓] Coverage: 20/22 branches (90.91%), 17/17 lines (100.00%)
  [*] Stage B: Differential replay...
  [✓] Replay completed

[25/30] Testing: mg_base64_encode
  [*] Building harness for mg_base64_encode...
  [✗] Build failed (see /home/priyatam/pin/build/mongoose_mg_base64_encode_diff/build.log)

[26/30] Testing: mg_json_get
  [*] Building harness for mg_json_get...
  [✗] Build failed (see /home/priyatam/pin/build/mongoose_mg_json_get_diff/build.log)

[27/30] Testing: mg_json_get_bool
  [*] Building harness for mg_json_get_bool...
  [✗] Build failed (see /home/priyatam/pin/build/mongoose_mg_json_get_bool_diff/build.log)

[28/30] Testing: mg_json_get_long
  [*] Building harness for mg_json_get_long...
  [✗] Build failed (see /home/priyatam/pin/build/mongoose_mg_json_get_long_diff/build.log)

[29/30] Testing: mg_json_get_num
  [*] Building harness for mg_json_get_num...
  [✗] Build failed (see /home/priyatam/pin/build/mongoose_mg_json_get_num_diff/build.log)

[30/30] Testing: mg_mqtt_next_sub
  [*] Building harness for mg_mqtt_next_sub...
  [✗] Build failed (see /home/priyatam/pin/build/mongoose_mg_mqtt_next_sub_diff/build.log)

[31/30] Testing: mg_md5_update
  [*] Building harness for mg_md5_update...
  [✗] Build failed (see /home/priyatam/pin/build/mongoose_mg_md5_update_diff/build.log)

[32/30] Testing: mg_ncasecmp
  [*] Building harness for mg_ncasecmp...
  [✓] Build succeeded
  [*] Stage A: Fuzzing for 60 seconds...
  [✓] Fuzzing completed
  [*] Collecting coverage data...
  [✓] Coverage: 8/8 branches (100.00%), 7/7 lines (100.00%)
  [*] Stage B: Differential replay...
  [✓] Replay completed

[33/30] Testing: mg_sha1_update
  [*] Building harness for mg_sha1_update...
  [✗] Build failed (see /home/priyatam/pin/build/mongoose_mg_sha1_update_diff/build.log)

[34/30] Testing: mg_unhex
  [*] Building harness for mg_unhex...
  [✗] Build failed (see /home/priyatam/pin/build/mongoose_mg_unhex_diff/build.log)

[35/30] Testing: mg_http_creds
  [*] Building harness for mg_http_creds...
  [✗] Build failed (see /home/priyatam/pin/build/mongoose_mg_http_creds_diff/build.log)

[36/30] Testing: mg_hexdump
  [*] Building harness for mg_hexdump...
  [✗] Build failed (see /home/priyatam/pin/build/mongoose_mg_hexdump_diff/build.log)

[37/30] Testing: mg_iobuf_resize
  [*] Building harness for mg_iobuf_resize...
  [✗] Build failed (see /home/priyatam/pin/build/mongoose_mg_iobuf_resize_diff/build.log)

[38/30] Testing: mg_mgr_poll
  [*] Building harness for mg_mgr_poll...
  [✗] Build failed (see /home/priyatam/pin/build/mongoose_mg_mgr_poll_diff/build.log)

[39/30] Testing: mg_queue_add
  [*] Building harness for mg_queue_add...
  [✗] Build failed (see /home/priyatam/pin/build/mongoose_mg_queue_add_diff/build.log)

[40/30] Testing: mg_queue_del
  [*] Building harness for mg_queue_del...
  [✗] Build failed (see /home/priyatam/pin/build/mongoose_mg_queue_del_diff/build.log)

[41/30] Testing: mg_random
  [*] Building harness for mg_random...
  [✗] Build failed (see /home/priyatam/pin/build/mongoose_mg_random_diff/build.log)

[42/30] Testing: mg_timer_poll
  [*] Building harness for mg_timer_poll...
  [✓] Build succeeded
  [*] Stage A: Fuzzing for 60 seconds...
  [✓] Fuzzing completed
  [*] Collecting coverage data...
  [✓] Coverage: 1/16 branches (6.25%), 4/14 lines (28.57%)
  [*] Stage B: Differential replay...
  [✓] Replay completed

[43/30] Testing: mg_iobuf_add
  [*] Building harness for mg_iobuf_add...
  [✗] Build failed (see /home/priyatam/pin/build/mongoose_mg_iobuf_add_diff/build.log)

[44/30] Testing: mg_ws_send
  [*] Building harness for mg_ws_send...
  [✗] Build failed (see /home/priyatam/pin/build/mongoose_mg_ws_send_diff/build.log)

[45/30] Testing: mg_http_next_multipart
  [*] Building harness for mg_http_next_multipart...
  [✗] Build failed (see /home/priyatam/pin/build/mongoose_mg_http_next_multipart_diff/build.log)

[46/30] Testing: mg_http_parse
  [*] Building harness for mg_http_parse...
  [✗] Build failed (see /home/priyatam/pin/build/mongoose_mg_http_parse_diff/build.log)

[47/30] Testing: mg_http_write_chunk
  [*] Building harness for mg_http_write_chunk...
  [✗] Build failed (see /home/priyatam/pin/build/mongoose_mg_http_write_chunk_diff/build.log)

[48/30] Testing: mg_queue_book
  [*] Building harness for mg_queue_book...
  [✗] Build failed (see /home/priyatam/pin/build/mongoose_mg_queue_book_diff/build.log)

[49/30] Testing: mg_queue_init
  [*] Building harness for mg_queue_init...
  [✗] Build failed (see /home/priyatam/pin/build/mongoose_mg_queue_init_diff/build.log)

[50/30] Testing: mg_http_get_var
  [*] Building harness for mg_http_get_var...
  [✗] Build failed (see /home/priyatam/pin/build/mongoose_mg_http_get_var_diff/build.log)

