INFO: Running with entropic power schedule (0xFF, 100).
INFO: Seed: 2863739307
INFO: Loaded 1 modules   (22 inline 8-bit counters): 22 [0x5557b5257748, 0x5557b525775e), 
INFO: Loaded 1 PC tables (22 PCs): 22 [0x5557b5257760,0x5557b52578c0), 
INFO:        0 files found in corpus
INFO: -max_len is not provided; libFuzzer will not generate inputs larger than 4096 bytes
INFO: A corpus is not provided, starting from an empty corpus
#2	INITED cov: 1 ft: 1 corp: 1/1b exec/s: 0 rss: 36Mb
	NEW_FUNC[1/1]: 0x5557b520c6f0 in __ieee754_remainder (/home/priyatam/pin/build/e_remainder_diff/fuzz_bytes+0x1206f0) (BuildId: e1cb1fd8e39687c98e61e37c6a5b901a863ade31)
#368	NEW    cov: 3 ft: 6 corp: 2/3b lim: 6 exec/s: 0 rss: 36Mb L: 2/2 MS: 1 InsertByte-
#3096	NEW    cov: 5 ft: 20 corp: 3/21b lim: 29 exec/s: 0 rss: 36Mb L: 18/18 MS: 3 ChangeBit-InsertByte-InsertRepeatedBytes-
#3117	NEW    cov: 5 ft: 21 corp: 4/39b lim: 29 exec/s: 0 rss: 36Mb L: 18/18 MS: 1 ChangeBit-
#3133	NEW    cov: 5 ft: 26 corp: 5/57b lim: 29 exec/s: 0 rss: 36Mb L: 18/18 MS: 1 ChangeByte-
#3142	NEW    cov: 5 ft: 31 corp: 6/84b lim: 29 exec/s: 0 rss: 36Mb L: 27/27 MS: 4 InsertByte-ShuffleBytes-InsertByte-CrossOver-
#3143	NEW    cov: 5 ft: 35 corp: 7/95b lim: 29 exec/s: 0 rss: 36Mb L: 11/27 MS: 1 CrossOver-
#3179	NEW    cov: 6 ft: 42 corp: 8/113b lim: 29 exec/s: 0 rss: 37Mb L: 18/27 MS: 1 CMP- DE: "\000\000"-
#3235	NEW    cov: 6 ft: 47 corp: 9/124b lim: 29 exec/s: 0 rss: 37Mb L: 11/27 MS: 1 ChangeBinInt-
#3276	NEW    cov: 6 ft: 48 corp: 10/135b lim: 29 exec/s: 0 rss: 37Mb L: 11/27 MS: 1 ChangeByte-
#3282	NEW    cov: 6 ft: 49 corp: 11/153b lim: 29 exec/s: 0 rss: 37Mb L: 18/27 MS: 1 ChangeBit-
#3309	NEW    cov: 6 ft: 52 corp: 12/164b lim: 29 exec/s: 0 rss: 37Mb L: 11/27 MS: 2 ChangeBinInt-ChangeByte-
#3340	NEW    cov: 6 ft: 53 corp: 13/175b lim: 29 exec/s: 0 rss: 37Mb L: 11/27 MS: 1 ChangeBit-
#3351	NEW    cov: 6 ft: 54 corp: 14/193b lim: 29 exec/s: 0 rss: 37Mb L: 18/27 MS: 1 CrossOver-
#3359	NEW    cov: 6 ft: 55 corp: 15/211b lim: 29 exec/s: 0 rss: 37Mb L: 18/27 MS: 3 CMP-ChangeBit-ChangeByte- DE: "\377\377\377\377"-
#3360	NEW    cov: 6 ft: 56 corp: 16/229b lim: 29 exec/s: 0 rss: 37Mb L: 18/27 MS: 1 ChangeByte-
#3381	NEW    cov: 6 ft: 59 corp: 17/247b lim: 29 exec/s: 0 rss: 37Mb L: 18/27 MS: 1 PersAutoDict- DE: "\000\000"-
#3382	NEW    cov: 7 ft: 66 corp: 18/258b lim: 29 exec/s: 0 rss: 37Mb L: 11/27 MS: 1 CMP- DE: "\377\377\377\377\377\377\377\377"-
#3398	NEW    cov: 7 ft: 69 corp: 19/269b lim: 29 exec/s: 0 rss: 37Mb L: 11/27 MS: 1 ChangeBinInt-
#3399	NEW    cov: 7 ft: 70 corp: 20/296b lim: 29 exec/s: 0 rss: 37Mb L: 27/27 MS: 1 ShuffleBytes-
#3410	NEW    cov: 7 ft: 71 corp: 21/307b lim: 29 exec/s: 0 rss: 37Mb L: 11/27 MS: 1 ChangeBinInt-
#3431	NEW    cov: 7 ft: 74 corp: 22/318b lim: 29 exec/s: 0 rss: 37Mb L: 11/27 MS: 1 PersAutoDict- DE: "\377\377\377\377"-
#3448	NEW    cov: 7 ft: 75 corp: 23/329b lim: 29 exec/s: 0 rss: 37Mb L: 11/27 MS: 2 ShuffleBytes-ChangeBit-
#3469	NEW    cov: 7 ft: 78 corp: 24/340b lim: 29 exec/s: 0 rss: 37Mb L: 11/27 MS: 1 ChangeBinInt-
#3515	NEW    cov: 7 ft: 79 corp: 25/358b lim: 29 exec/s: 0 rss: 37Mb L: 18/27 MS: 1 ChangeBinInt-
#3583	NEW    cov: 7 ft: 80 corp: 26/371b lim: 29 exec/s: 0 rss: 37Mb L: 13/27 MS: 3 CopyPart-ShuffleBytes-ChangeBinInt-
#3595	NEW    cov: 7 ft: 81 corp: 27/382b lim: 29 exec/s: 0 rss: 37Mb L: 11/27 MS: 2 ShuffleBytes-ChangeBinInt-
#3637	NEW    cov: 7 ft: 83 corp: 28/400b lim: 29 exec/s: 0 rss: 37Mb L: 18/27 MS: 2 ChangeBit-ChangeBinInt-
#3650	NEW    cov: 7 ft: 85 corp: 29/418b lim: 29 exec/s: 0 rss: 37Mb L: 18/27 MS: 3 ChangeBinInt-PersAutoDict-ChangeByte- DE: "\000\000"-
#3672	NEW    cov: 7 ft: 88 corp: 30/436b lim: 29 exec/s: 0 rss: 37Mb L: 18/27 MS: 2 PersAutoDict-EraseBytes- DE: "\377\377\377\377"-
#3673	NEW    cov: 7 ft: 94 corp: 31/447b lim: 29 exec/s: 0 rss: 37Mb L: 11/27 MS: 1 ShuffleBytes-
#3726	NEW    cov: 7 ft: 96 corp: 32/465b lim: 29 exec/s: 0 rss: 37Mb L: 18/27 MS: 3 ChangeBit-ChangeByte-CopyPart-
#3732	NEW    cov: 7 ft: 97 corp: 33/476b lim: 29 exec/s: 0 rss: 37Mb L: 11/27 MS: 1 PersAutoDict- DE: "\000\000"-
#3733	NEW    cov: 7 ft: 99 corp: 34/487b lim: 29 exec/s: 0 rss: 37Mb L: 11/27 MS: 1 ChangeBinInt-
#3734	NEW    cov: 7 ft: 101 corp: 35/498b lim: 29 exec/s: 0 rss: 37Mb L: 11/27 MS: 1 ChangeBit-
#3740	NEW    cov: 7 ft: 108 corp: 36/509b lim: 29 exec/s: 0 rss: 37Mb L: 11/27 MS: 1 ChangeBinInt-
#3751	NEW    cov: 7 ft: 109 corp: 37/520b lim: 29 exec/s: 0 rss: 37Mb L: 11/27 MS: 1 ChangeBinInt-
#3798	NEW    cov: 7 ft: 110 corp: 38/531b lim: 29 exec/s: 0 rss: 37Mb L: 11/27 MS: 2 ShuffleBytes-ChangeByte-
#3814	NEW    cov: 7 ft: 112 corp: 39/542b lim: 29 exec/s: 0 rss: 37Mb L: 11/27 MS: 1 ChangeBinInt-
#3840	NEW    cov: 7 ft: 113 corp: 40/553b lim: 29 exec/s: 0 rss: 37Mb L: 11/27 MS: 1 PersAutoDict- DE: "\000\000"-
#3877	NEW    cov: 7 ft: 116 corp: 41/564b lim: 29 exec/s: 0 rss: 37Mb L: 11/27 MS: 2 InsertByte-CrossOver-
#3881	NEW    cov: 7 ft: 118 corp: 42/575b lim: 29 exec/s: 0 rss: 37Mb L: 11/27 MS: 4 CopyPart-ChangeByte-ChangeByte-PersAutoDict- DE: "\000\000"-
#3894	NEW    cov: 7 ft: 121 corp: 43/593b lim: 29 exec/s: 0 rss: 37Mb L: 18/27 MS: 3 ChangeBinInt-CopyPart-PersAutoDict- DE: "\377\377\377\377"-
#3950	NEW    cov: 7 ft: 124 corp: 44/604b lim: 29 exec/s: 0 rss: 37Mb L: 11/27 MS: 1 ChangeBit-
#3951	REDUCE cov: 7 ft: 124 corp: 44/595b lim: 29 exec/s: 0 rss: 37Mb L: 9/27 MS: 1 EraseBytes-
#4007	NEW    cov: 7 ft: 127 corp: 45/606b lim: 29 exec/s: 0 rss: 37Mb L: 11/27 MS: 1 CopyPart-
#4019	NEW    cov: 7 ft: 129 corp: 46/615b lim: 29 exec/s: 0 rss: 37Mb L: 9/27 MS: 2 EraseBytes-ShuffleBytes-
#4020	NEW    cov: 7 ft: 130 corp: 47/626b lim: 29 exec/s: 0 rss: 37Mb L: 11/27 MS: 1 CopyPart-
#4026	NEW    cov: 7 ft: 133 corp: 48/637b lim: 29 exec/s: 0 rss: 37Mb L: 11/27 MS: 1 ChangeBinInt-
#4027	NEW    cov: 7 ft: 137 corp: 49/648b lim: 29 exec/s: 0 rss: 37Mb L: 11/27 MS: 1 CMP- DE: "\377\377\037\000"-
#4038	NEW    cov: 7 ft: 138 corp: 50/659b lim: 29 exec/s: 0 rss: 37Mb L: 11/27 MS: 1 CrossOver-
#4070	NEW    cov: 7 ft: 143 corp: 51/670b lim: 29 exec/s: 0 rss: 37Mb L: 11/27 MS: 2 CopyPart-ChangeBinInt-
#4086	NEW    cov: 7 ft: 144 corp: 52/681b lim: 29 exec/s: 0 rss: 38Mb L: 11/27 MS: 1 ChangeByte-
#4090	NEW    cov: 7 ft: 145 corp: 53/692b lim: 29 exec/s: 0 rss: 38Mb L: 11/27 MS: 4 EraseBytes-ChangeBit-CrossOver-ChangeBinInt-
#4112	NEW    cov: 7 ft: 146 corp: 54/703b lim: 29 exec/s: 0 rss: 38Mb L: 11/27 MS: 2 ChangeBit-PersAutoDict- DE: "\377\377\037\000"-
#4119	NEW    cov: 7 ft: 147 corp: 55/714b lim: 29 exec/s: 0 rss: 38Mb L: 11/27 MS: 2 ChangeByte-ChangeByte-
#4180	NEW    cov: 7 ft: 149 corp: 56/725b lim: 29 exec/s: 0 rss: 38Mb L: 11/27 MS: 1 ChangeBinInt-
#4181	NEW    cov: 7 ft: 151 corp: 57/736b lim: 29 exec/s: 0 rss: 38Mb L: 11/27 MS: 1 ShuffleBytes-
#4247	NEW    cov: 7 ft: 152 corp: 58/747b lim: 29 exec/s: 0 rss: 38Mb L: 11/27 MS: 1 PersAutoDict- DE: "\000\000"-
#4263	NEW    cov: 7 ft: 154 corp: 59/758b lim: 29 exec/s: 0 rss: 38Mb L: 11/27 MS: 1 CrossOver-
#4274	NEW    cov: 7 ft: 159 corp: 60/769b lim: 29 exec/s: 0 rss: 38Mb L: 11/27 MS: 1 ChangeBinInt-
#4346	NEW    cov: 7 ft: 160 corp: 61/780b lim: 29 exec/s: 0 rss: 38Mb L: 11/27 MS: 2 ShuffleBytes-ChangeBinInt-
#4377	NEW    cov: 7 ft: 161 corp: 62/789b lim: 29 exec/s: 0 rss: 38Mb L: 9/27 MS: 1 CMP- DE: "\000\000\000\000"-
#4411	NEW    cov: 7 ft: 162 corp: 63/798b lim: 29 exec/s: 0 rss: 38Mb L: 9/27 MS: 4 ChangeByte-EraseBytes-InsertByte-InsertByte-
#4472	NEW    cov: 7 ft: 164 corp: 64/809b lim: 29 exec/s: 0 rss: 38Mb L: 11/27 MS: 1 ChangeBit-
#4583	NEW    cov: 7 ft: 166 corp: 65/820b lim: 29 exec/s: 0 rss: 38Mb L: 11/27 MS: 1 ChangeBinInt-
#4606	NEW    cov: 7 ft: 167 corp: 66/831b lim: 29 exec/s: 0 rss: 38Mb L: 11/27 MS: 3 ChangeByte-ChangeBinInt-CopyPart-
#4663	NEW    cov: 7 ft: 168 corp: 67/842b lim: 29 exec/s: 0 rss: 38Mb L: 11/27 MS: 2 ShuffleBytes-ChangeBinInt-
#4664	NEW    cov: 7 ft: 169 corp: 68/853b lim: 29 exec/s: 0 rss: 38Mb L: 11/27 MS: 1 ChangeBinInt-
#4695	NEW    cov: 7 ft: 171 corp: 69/864b lim: 29 exec/s: 0 rss: 38Mb L: 11/27 MS: 1 ChangeBinInt-
#4771	NEW    cov: 7 ft: 172 corp: 70/875b lim: 29 exec/s: 0 rss: 38Mb L: 11/27 MS: 1 ShuffleBytes-
#4787	NEW    cov: 7 ft: 173 corp: 71/886b lim: 29 exec/s: 0 rss: 38Mb L: 11/27 MS: 1 ChangeByte-
#4813	NEW    cov: 7 ft: 174 corp: 72/897b lim: 29 exec/s: 0 rss: 38Mb L: 11/27 MS: 1 ChangeByte-
#4864	NEW    cov: 7 ft: 176 corp: 73/908b lim: 29 exec/s: 0 rss: 38Mb L: 11/27 MS: 1 ChangeBit-
#4872	NEW    cov: 7 ft: 178 corp: 74/935b lim: 29 exec/s: 0 rss: 38Mb L: 27/27 MS: 3 InsertByte-PersAutoDict-PersAutoDict- DE: "\000\000\000\000"-"\000\000\000\000"-
#4914	NEW    cov: 7 ft: 180 corp: 75/946b lim: 29 exec/s: 0 rss: 38Mb L: 11/27 MS: 2 ShuffleBytes-CopyPart-
#4927	NEW    cov: 7 ft: 182 corp: 76/957b lim: 29 exec/s: 0 rss: 38Mb L: 11/27 MS: 3 CrossOver-ChangeBit-ShuffleBytes-
#4943	NEW    cov: 7 ft: 183 corp: 77/968b lim: 29 exec/s: 0 rss: 38Mb L: 11/27 MS: 1 CopyPart-
#4946	REDUCE cov: 7 ft: 184 corp: 78/986b lim: 29 exec/s: 0 rss: 38Mb L: 18/27 MS: 3 CMP-EraseBytes-CrossOver- DE: "\001\000\000\000\000\000\000\000"-
#4992	NEW    cov: 7 ft: 185 corp: 79/997b lim: 29 exec/s: 0 rss: 38Mb L: 11/27 MS: 1 ChangeBinInt-
#5009	NEW    cov: 7 ft: 186 corp: 80/1015b lim: 29 exec/s: 0 rss: 38Mb L: 18/27 MS: 2 ChangeBit-ChangeByte-
#5016	NEW    cov: 7 ft: 192 corp: 81/1026b lim: 29 exec/s: 0 rss: 38Mb L: 11/27 MS: 2 ChangeBit-ChangeByte-
#5072	NEW    cov: 7 ft: 193 corp: 82/1037b lim: 29 exec/s: 0 rss: 38Mb L: 11/27 MS: 1 ChangeByte-
#5178	NEW    cov: 7 ft: 195 corp: 83/1048b lim: 29 exec/s: 0 rss: 38Mb L: 11/27 MS: 1 ChangeBit-
#5221	NEW    cov: 7 ft: 196 corp: 84/1059b lim: 29 exec/s: 0 rss: 38Mb L: 11/27 MS: 3 CMP-ShuffleBytes-ChangeBit- DE: "\377\377\377\377"-
#5227	NEW    cov: 7 ft: 198 corp: 85/1070b lim: 29 exec/s: 0 rss: 38Mb L: 11/27 MS: 1 CopyPart-
#5293	NEW    cov: 7 ft: 200 corp: 86/1081b lim: 29 exec/s: 0 rss: 38Mb L: 11/27 MS: 1 ChangeBinInt-
#5300	NEW    cov: 7 ft: 201 corp: 87/1092b lim: 29 exec/s: 0 rss: 38Mb L: 11/27 MS: 2 ChangeBinInt-ChangeBit-
#5311	NEW    cov: 7 ft: 202 corp: 88/1103b lim: 29 exec/s: 0 rss: 38Mb L: 11/27 MS: 1 ChangeBinInt-
#5462	NEW    cov: 7 ft: 204 corp: 89/1114b lim: 29 exec/s: 0 rss: 38Mb L: 11/27 MS: 1 ChangeByte-
#5508	NEW    cov: 7 ft: 206 corp: 90/1125b lim: 29 exec/s: 0 rss: 38Mb L: 11/27 MS: 1 ShuffleBytes-
#5529	NEW    cov: 7 ft: 207 corp: 91/1136b lim: 29 exec/s: 0 rss: 39Mb L: 11/27 MS: 1 PersAutoDict- DE: "\377\377\377\377"-
#5530	NEW    cov: 7 ft: 208 corp: 92/1147b lim: 29 exec/s: 0 rss: 39Mb L: 11/27 MS: 1 ChangeByte-
#5566	NEW    cov: 7 ft: 210 corp: 93/1158b lim: 29 exec/s: 0 rss: 39Mb L: 11/27 MS: 1 CrossOver-
#5666	NEW    cov: 7 ft: 211 corp: 94/1169b lim: 29 exec/s: 0 rss: 39Mb L: 11/27 MS: 5 InsertRepeatedBytes-ShuffleBytes-PersAutoDict-EraseBytes-EraseBytes- DE: "\377\377\377\377"-
#5672	NEW    cov: 7 ft: 212 corp: 95/1196b lim: 29 exec/s: 0 rss: 39Mb L: 27/27 MS: 1 ChangeByte-
#5678	NEW    cov: 7 ft: 213 corp: 96/1207b lim: 29 exec/s: 0 rss: 39Mb L: 11/27 MS: 1 PersAutoDict- DE: "\377\377\377\377"-
#5679	NEW    cov: 7 ft: 217 corp: 97/1218b lim: 29 exec/s: 0 rss: 39Mb L: 11/27 MS: 1 ChangeBinInt-
#5695	NEW    cov: 7 ft: 218 corp: 98/1229b lim: 29 exec/s: 0 rss: 39Mb L: 11/27 MS: 1 PersAutoDict- DE: "\001\000\000\000\000\000\000\000"-
#5746	NEW    cov: 7 ft: 219 corp: 99/1240b lim: 29 exec/s: 0 rss: 39Mb L: 11/27 MS: 1 PersAutoDict- DE: "\000\000\000\000"-
#5747	NEW    cov: 7 ft: 220 corp: 100/1249b lim: 29 exec/s: 0 rss: 39Mb L: 9/27 MS: 1 ChangeBinInt-
#5750	NEW    cov: 7 ft: 221 corp: 101/1274b lim: 29 exec/s: 0 rss: 39Mb L: 25/27 MS: 3 EraseBytes-CopyPart-CrossOver-
#5759	NEW    cov: 7 ft: 222 corp: 102/1285b lim: 29 exec/s: 0 rss: 39Mb L: 11/27 MS: 4 CopyPart-PersAutoDict-ChangeByte-ChangeByte- DE: "\000\000"-
#5770	NEW    cov: 7 ft: 223 corp: 103/1296b lim: 29 exec/s: 0 rss: 39Mb L: 11/27 MS: 1 ChangeBinInt-
#5867	NEW    cov: 7 ft: 225 corp: 104/1307b lim: 29 exec/s: 0 rss: 39Mb L: 11/27 MS: 2 ChangeByte-ChangeBinInt-
#5875	NEW    cov: 7 ft: 226 corp: 105/1336b lim: 29 exec/s: 0 rss: 39Mb L: 29/29 MS: 3 CMP-InsertRepeatedBytes-ChangeBit- DE: "\377\377\377\377\377\377\377\377"-
#5926	REDUCE cov: 7 ft: 226 corp: 105/1327b lim: 29 exec/s: 0 rss: 39Mb L: 20/27 MS: 1 EraseBytes-
#5983	NEW    cov: 7 ft: 227 corp: 106/1338b lim: 29 exec/s: 0 rss: 39Mb L: 11/27 MS: 2 CMP-PersAutoDict- DE: "\377\377\377\377\377\377\377\377"-"\000\000\000\000"-
#6012	NEW    cov: 7 ft: 228 corp: 107/1349b lim: 29 exec/s: 0 rss: 39Mb L: 11/27 MS: 4 CrossOver-CMP-ChangeByte-ChangeBit- DE: "\373\377\376\377"-
#6024	NEW    cov: 7 ft: 229 corp: 108/1360b lim: 29 exec/s: 0 rss: 39Mb L: 11/27 MS: 2 ShuffleBytes-PersAutoDict- DE: "\000\000"-
#6060	NEW    cov: 7 ft: 231 corp: 109/1371b lim: 29 exec/s: 0 rss: 39Mb L: 11/27 MS: 1 CMP- DE: "\232\356\356\351"-
#6101	NEW    cov: 7 ft: 232 corp: 110/1382b lim: 29 exec/s: 0 rss: 39Mb L: 11/27 MS: 1 PersAutoDict- DE: "\000\000"-
#6253	NEW    cov: 7 ft: 233 corp: 111/1391b lim: 29 exec/s: 0 rss: 39Mb L: 9/27 MS: 2 ChangeByte-CrossOver-
#6264	NEW    cov: 7 ft: 234 corp: 112/1402b lim: 29 exec/s: 0 rss: 39Mb L: 11/27 MS: 1 ChangeBit-
#6381	NEW    cov: 7 ft: 235 corp: 113/1413b lim: 29 exec/s: 0 rss: 39Mb L: 11/27 MS: 2 ShuffleBytes-ChangeByte-
#6507	NEW    cov: 7 ft: 236 corp: 114/1424b lim: 29 exec/s: 0 rss: 39Mb L: 11/27 MS: 1 PersAutoDict- DE: "\373\377\376\377"-
#6542	NEW    cov: 7 ft: 237 corp: 115/1453b lim: 29 exec/s: 0 rss: 39Mb L: 29/29 MS: 5 CrossOver-InsertRepeatedBytes-ChangeByte-ChangeByte-CrossOver-
#6604	NEW    cov: 7 ft: 239 corp: 116/1464b lim: 29 exec/s: 0 rss: 39Mb L: 11/29 MS: 2 ChangeByte-PersAutoDict- DE: "\232\356\356\351"-
#6631	NEW    cov: 7 ft: 240 corp: 117/1475b lim: 29 exec/s: 0 rss: 39Mb L: 11/29 MS: 2 ChangeBinInt-ChangeBinInt-
#6653	NEW    cov: 7 ft: 241 corp: 118/1493b lim: 29 exec/s: 0 rss: 39Mb L: 18/29 MS: 2 ChangeBinInt-CMP- DE: "~\357\377\377"-
#6694	NEW    cov: 7 ft: 242 corp: 119/1504b lim: 29 exec/s: 0 rss: 39Mb L: 11/29 MS: 1 ChangeByte-
#6696	NEW    cov: 7 ft: 243 corp: 120/1513b lim: 29 exec/s: 0 rss: 39Mb L: 9/29 MS: 2 PersAutoDict-ChangeBit- DE: "\001\000\000\000\000\000\000\000"-
#6713	NEW    cov: 7 ft: 244 corp: 121/1524b lim: 29 exec/s: 0 rss: 39Mb L: 11/29 MS: 2 CopyPart-PersAutoDict- DE: "~\357\377\377"-
#6722	NEW    cov: 7 ft: 245 corp: 122/1542b lim: 29 exec/s: 0 rss: 39Mb L: 18/29 MS: 4 ChangeBinInt-ChangeBinInt-CrossOver-PersAutoDict- DE: "\000\000\000\000"-
#6743	NEW    cov: 7 ft: 246 corp: 123/1553b lim: 29 exec/s: 0 rss: 39Mb L: 11/29 MS: 1 CMP- DE: "\365\244\364\215"-
#6759	NEW    cov: 7 ft: 247 corp: 124/1564b lim: 29 exec/s: 0 rss: 39Mb L: 11/29 MS: 1 ChangeByte-
#6856	NEW    cov: 7 ft: 249 corp: 125/1579b lim: 29 exec/s: 0 rss: 39Mb L: 15/29 MS: 2 PersAutoDict-ChangeBit- DE: "\232\356\356\351"-
#6857	NEW    cov: 7 ft: 250 corp: 126/1597b lim: 29 exec/s: 0 rss: 39Mb L: 18/29 MS: 1 ChangeBit-
#6878	NEW    cov: 7 ft: 251 corp: 127/1606b lim: 29 exec/s: 0 rss: 40Mb L: 9/29 MS: 1 ShuffleBytes-
#6879	NEW    cov: 7 ft: 252 corp: 128/1617b lim: 29 exec/s: 0 rss: 40Mb L: 11/29 MS: 1 CMP- DE: "\023\033\021\277"-
#6941	NEW    cov: 7 ft: 253 corp: 129/1628b lim: 29 exec/s: 0 rss: 40Mb L: 11/29 MS: 2 EraseBytes-PersAutoDict- DE: "\000\000\000\000"-
#6949	NEW    cov: 7 ft: 254 corp: 130/1639b lim: 29 exec/s: 0 rss: 40Mb L: 11/29 MS: 3 ChangeBinInt-PersAutoDict-ChangeByte- DE: "~\357\377\377"-
#6955	NEW    cov: 7 ft: 255 corp: 131/1650b lim: 29 exec/s: 0 rss: 40Mb L: 11/29 MS: 1 ChangeBit-
#7142	NEW    cov: 7 ft: 256 corp: 132/1661b lim: 29 exec/s: 0 rss: 40Mb L: 11/29 MS: 2 CrossOver-ChangeByte-
#7303	NEW    cov: 7 ft: 258 corp: 133/1672b lim: 29 exec/s: 0 rss: 40Mb L: 11/29 MS: 1 PersAutoDict- DE: "\232\356\356\351"-
#7315	NEW    cov: 7 ft: 260 corp: 134/1683b lim: 29 exec/s: 0 rss: 40Mb L: 11/29 MS: 2 CrossOver-ChangeBinInt-
#7401	NEW    cov: 7 ft: 261 corp: 135/1694b lim: 29 exec/s: 0 rss: 40Mb L: 11/29 MS: 1 CopyPart-
#7527	NEW    cov: 7 ft: 262 corp: 136/1705b lim: 29 exec/s: 0 rss: 40Mb L: 11/29 MS: 1 PersAutoDict- DE: "\000\000"-
#7743	NEW    cov: 7 ft: 263 corp: 137/1716b lim: 29 exec/s: 0 rss: 40Mb L: 11/29 MS: 1 CopyPart-
#7864	NEW    cov: 7 ft: 264 corp: 138/1727b lim: 29 exec/s: 0 rss: 40Mb L: 11/29 MS: 1 CopyPart-
#7875	NEW    cov: 7 ft: 265 corp: 139/1738b lim: 29 exec/s: 0 rss: 40Mb L: 11/29 MS: 1 CMP- DE: "\024\360\021\020"-
#7891	NEW    cov: 7 ft: 266 corp: 140/1749b lim: 29 exec/s: 0 rss: 40Mb L: 11/29 MS: 1 ChangeByte-
#7947	REDUCE cov: 7 ft: 266 corp: 140/1740b lim: 29 exec/s: 0 rss: 40Mb L: 9/29 MS: 1 EraseBytes-
#8027	NEW    cov: 8 ft: 269 corp: 141/1751b lim: 29 exec/s: 0 rss: 40Mb L: 11/29 MS: 5 ChangeBit-ChangeBit-CrossOver-ChangeByte-ChangeBinInt-
#8109	NEW    cov: 8 ft: 270 corp: 142/1762b lim: 29 exec/s: 0 rss: 40Mb L: 11/29 MS: 2 ChangeBinInt-ChangeByte-
#8257	NEW    cov: 8 ft: 271 corp: 143/1773b lim: 29 exec/s: 0 rss: 40Mb L: 11/29 MS: 3 ShuffleBytes-ChangeBit-CopyPart-
#8268	NEW    cov: 8 ft: 272 corp: 144/1784b lim: 29 exec/s: 0 rss: 40Mb L: 11/29 MS: 1 ChangeBit-
#8384	NEW    cov: 8 ft: 273 corp: 145/1795b lim: 29 exec/s: 0 rss: 40Mb L: 11/29 MS: 1 ChangeBinInt-
#8405	NEW    cov: 8 ft: 274 corp: 146/1806b lim: 29 exec/s: 0 rss: 40Mb L: 11/29 MS: 1 ChangeBinInt-
#8506	NEW    cov: 8 ft: 276 corp: 147/1817b lim: 29 exec/s: 0 rss: 40Mb L: 11/29 MS: 1 ChangeBit-
#8537	REDUCE cov: 8 ft: 276 corp: 147/1808b lim: 29 exec/s: 0 rss: 40Mb L: 9/29 MS: 1 EraseBytes-
#8683	REDUCE cov: 8 ft: 276 corp: 147/1799b lim: 29 exec/s: 0 rss: 40Mb L: 18/29 MS: 1 EraseBytes-
#8709	NEW    cov: 8 ft: 277 corp: 148/1810b lim: 29 exec/s: 0 rss: 41Mb L: 11/29 MS: 1 ChangeBit-
#8730	NEW    cov: 8 ft: 278 corp: 149/1839b lim: 29 exec/s: 0 rss: 41Mb L: 29/29 MS: 1 ChangeByte-
#8786	NEW    cov: 8 ft: 280 corp: 150/1852b lim: 29 exec/s: 0 rss: 41Mb L: 13/29 MS: 1 ChangeBit-
#8902	NEW    cov: 8 ft: 281 corp: 151/1863b lim: 29 exec/s: 0 rss: 41Mb L: 11/29 MS: 1 ChangeBinInt-
#9002	NEW    cov: 8 ft: 282 corp: 152/1883b lim: 29 exec/s: 0 rss: 41Mb L: 20/29 MS: 5 CopyPart-InsertRepeatedBytes-ChangeBit-CopyPart-EraseBytes-
#9010	NEW    cov: 8 ft: 283 corp: 153/1894b lim: 29 exec/s: 0 rss: 41Mb L: 11/29 MS: 3 ChangeByte-PersAutoDict-ChangeByte- DE: "\000\000"-
#9167	NEW    cov: 8 ft: 284 corp: 154/1905b lim: 29 exec/s: 0 rss: 41Mb L: 11/29 MS: 2 ShuffleBytes-CrossOver-
#9243	NEW    cov: 8 ft: 285 corp: 155/1914b lim: 29 exec/s: 0 rss: 41Mb L: 9/29 MS: 1 PersAutoDict- DE: "\232\356\356\351"-
#9264	NEW    cov: 8 ft: 286 corp: 156/1929b lim: 29 exec/s: 0 rss: 41Mb L: 15/29 MS: 1 ChangeBit-
#9293	REDUCE cov: 8 ft: 288 corp: 157/1951b lim: 29 exec/s: 0 rss: 41Mb L: 22/29 MS: 4 CrossOver-ChangeByte-CrossOver-CMP- DE: "\377\377\377\377\377\377\377\377"-
#9346	REDUCE cov: 8 ft: 288 corp: 157/1949b lim: 29 exec/s: 0 rss: 41Mb L: 9/29 MS: 3 ShuffleBytes-InsertRepeatedBytes-EraseBytes-
#9347	NEW    cov: 8 ft: 289 corp: 158/1960b lim: 29 exec/s: 0 rss: 41Mb L: 11/29 MS: 1 ChangeBinInt-
#9360	NEW    cov: 8 ft: 290 corp: 159/1973b lim: 29 exec/s: 0 rss: 41Mb L: 13/29 MS: 3 ChangeBit-ChangeByte-ChangeBit-
#9538	REDUCE cov: 8 ft: 290 corp: 159/1970b lim: 29 exec/s: 0 rss: 41Mb L: 19/29 MS: 3 ChangeByte-ChangeBit-EraseBytes-
#9629	NEW    cov: 8 ft: 291 corp: 160/1981b lim: 29 exec/s: 0 rss: 41Mb L: 11/29 MS: 1 ChangeBinInt-
#10065	REDUCE cov: 8 ft: 291 corp: 160/1979b lim: 33 exec/s: 0 rss: 41Mb L: 17/29 MS: 1 EraseBytes-
#10176	NEW    cov: 8 ft: 293 corp: 161/1999b lim: 33 exec/s: 0 rss: 41Mb L: 20/29 MS: 1 CrossOver-
#10652	NEW    cov: 8 ft: 294 corp: 162/2014b lim: 33 exec/s: 0 rss: 41Mb L: 15/29 MS: 1 ChangeBit-
#11120	NEW    cov: 8 ft: 296 corp: 163/2025b lim: 33 exec/s: 0 rss: 41Mb L: 11/29 MS: 3 ChangeBinInt-ChangeBit-ShuffleBytes-
#11391	NEW    cov: 8 ft: 297 corp: 164/2036b lim: 33 exec/s: 0 rss: 41Mb L: 11/29 MS: 1 ChangeByte-
#11507	NEW    cov: 8 ft: 298 corp: 165/2047b lim: 33 exec/s: 0 rss: 41Mb L: 11/29 MS: 1 ShuffleBytes-
#11529	NEW    cov: 8 ft: 299 corp: 166/2076b lim: 33 exec/s: 0 rss: 42Mb L: 29/29 MS: 2 ChangeBit-ChangeByte-
#11610	NEW    cov: 8 ft: 300 corp: 167/2087b lim: 33 exec/s: 0 rss: 42Mb L: 11/29 MS: 1 PersAutoDict- DE: "\377\377\377\377"-
#11636	REDUCE cov: 8 ft: 300 corp: 167/2078b lim: 33 exec/s: 0 rss: 42Mb L: 9/29 MS: 1 EraseBytes-
#11727	NEW    cov: 8 ft: 301 corp: 168/2089b lim: 33 exec/s: 0 rss: 42Mb L: 11/29 MS: 1 ChangeByte-
#11985	NEW    cov: 8 ft: 302 corp: 169/2100b lim: 33 exec/s: 0 rss: 42Mb L: 11/29 MS: 3 ChangeBit-ChangeBinInt-ChangeBinInt-
#12299	NEW    cov: 8 ft: 303 corp: 170/2123b lim: 33 exec/s: 0 rss: 42Mb L: 23/29 MS: 4 InsertRepeatedBytes-CopyPart-ChangeByte-InsertByte-
#12520	REDUCE cov: 8 ft: 303 corp: 170/2114b lim: 33 exec/s: 0 rss: 42Mb L: 18/29 MS: 1 EraseBytes-
#13722	NEW    cov: 8 ft: 304 corp: 171/2125b lim: 43 exec/s: 0 rss: 42Mb L: 11/29 MS: 2 ShuffleBytes-ChangeBit-
#14225	REDUCE cov: 8 ft: 306 corp: 172/2143b lim: 43 exec/s: 0 rss: 42Mb L: 18/29 MS: 3 CopyPart-CMP-PersAutoDict- DE: "\000\000 \000"-"\024\360\021\020"-
#14231	NEW    cov: 8 ft: 307 corp: 173/2154b lim: 43 exec/s: 0 rss: 42Mb L: 11/29 MS: 1 CMP- DE: "\200\357\377\377"-
#14412	NEW    cov: 8 ft: 308 corp: 174/2165b lim: 43 exec/s: 0 rss: 42Mb L: 11/29 MS: 1 ChangeBinInt-
#14558	NEW    cov: 8 ft: 309 corp: 175/2176b lim: 43 exec/s: 0 rss: 42Mb L: 11/29 MS: 1 ChangeBit-
#15044	REDUCE cov: 8 ft: 309 corp: 175/2168b lim: 43 exec/s: 0 rss: 42Mb L: 9/29 MS: 1 EraseBytes-
#15490	NEW    cov: 8 ft: 310 corp: 176/2179b lim: 43 exec/s: 0 rss: 42Mb L: 11/29 MS: 1 ChangeBinInt-
#16131	NEW    cov: 8 ft: 311 corp: 177/2190b lim: 48 exec/s: 0 rss: 42Mb L: 11/29 MS: 1 ChangeBinInt-
#16412	REDUCE cov: 8 ft: 311 corp: 177/2188b lim: 48 exec/s: 0 rss: 42Mb L: 9/29 MS: 1 EraseBytes-
#16423	NEW    cov: 8 ft: 313 corp: 178/2199b lim: 48 exec/s: 0 rss: 42Mb L: 11/29 MS: 1 ChangeByte-
#16424	NEW    cov: 8 ft: 314 corp: 179/2210b lim: 48 exec/s: 0 rss: 42Mb L: 11/29 MS: 1 ChangeBinInt-
#16888	NEW    cov: 8 ft: 315 corp: 180/2221b lim: 48 exec/s: 0 rss: 43Mb L: 11/29 MS: 4 ShuffleBytes-PersAutoDict-CMP-ChangeBit- DE: "\001\000\000\000\000\000\000\000"-"\000\000\000\000\000\000\000\000"-
#16909	NEW    cov: 8 ft: 316 corp: 181/2232b lim: 48 exec/s: 0 rss: 43Mb L: 11/29 MS: 1 ChangeBinInt-
#17127	REDUCE cov: 8 ft: 316 corp: 181/2230b lim: 48 exec/s: 0 rss: 43Mb L: 9/29 MS: 3 EraseBytes-ChangeByte-EraseBytes-
#17298	NEW    cov: 8 ft: 317 corp: 182/2241b lim: 48 exec/s: 0 rss: 43Mb L: 11/29 MS: 1 PersAutoDict- DE: "\200\357\377\377"-
#17394	NEW    cov: 8 ft: 318 corp: 183/2252b lim: 48 exec/s: 0 rss: 43Mb L: 11/29 MS: 1 CrossOver-
#17410	NEW    cov: 8 ft: 319 corp: 184/2263b lim: 48 exec/s: 0 rss: 43Mb L: 11/29 MS: 1 ChangeBinInt-
#17668	REDUCE cov: 8 ft: 319 corp: 184/2254b lim: 48 exec/s: 0 rss: 43Mb L: 9/29 MS: 3 ChangeBit-ChangeByte-EraseBytes-
#17714	NEW    cov: 8 ft: 320 corp: 185/2265b lim: 48 exec/s: 0 rss: 43Mb L: 11/29 MS: 1 CMP- DE: "\376\377\357\177"-
#17861	NEW    cov: 8 ft: 321 corp: 186/2276b lim: 48 exec/s: 0 rss: 43Mb L: 11/29 MS: 2 ChangeByte-ChangeBinInt-
#18147	NEW    cov: 8 ft: 322 corp: 187/2287b lim: 48 exec/s: 0 rss: 43Mb L: 11/29 MS: 1 ShuffleBytes-
#18518	REDUCE cov: 8 ft: 322 corp: 187/2285b lim: 48 exec/s: 0 rss: 43Mb L: 9/29 MS: 1 EraseBytes-
#18694	REDUCE cov: 8 ft: 322 corp: 187/2276b lim: 48 exec/s: 0 rss: 43Mb L: 11/29 MS: 1 EraseBytes-
#18910	NEW    cov: 8 ft: 323 corp: 188/2285b lim: 48 exec/s: 0 rss: 43Mb L: 9/29 MS: 1 ChangeBinInt-
#19022	NEW    cov: 8 ft: 324 corp: 189/2303b lim: 48 exec/s: 0 rss: 43Mb L: 18/29 MS: 2 ShuffleBytes-CrossOver-
#19063	NEW    cov: 8 ft: 325 corp: 190/2314b lim: 48 exec/s: 0 rss: 43Mb L: 11/29 MS: 1 CMP- DE: "\370\377\373o"-
#19745	NEW    cov: 8 ft: 326 corp: 191/2325b lim: 53 exec/s: 0 rss: 43Mb L: 11/29 MS: 2 ChangeByte-ChangeByte-
#19911	REDUCE cov: 8 ft: 326 corp: 191/2317b lim: 53 exec/s: 0 rss: 43Mb L: 15/29 MS: 1 EraseBytes-
#20022	REDUCE cov: 8 ft: 326 corp: 191/2315b lim: 53 exec/s: 0 rss: 43Mb L: 9/29 MS: 1 EraseBytes-
#20503	NEW    cov: 8 ft: 327 corp: 192/2326b lim: 53 exec/s: 0 rss: 44Mb L: 11/29 MS: 1 PersAutoDict- DE: "\000\000 \000"-
#21659	NEW    cov: 8 ft: 328 corp: 193/2337b lim: 63 exec/s: 0 rss: 44Mb L: 11/29 MS: 1 ChangeByte-
#22250	NEW    cov: 8 ft: 329 corp: 194/2348b lim: 68 exec/s: 0 rss: 44Mb L: 11/29 MS: 1 CrossOver-
#22266	NEW    cov: 8 ft: 330 corp: 195/2357b lim: 68 exec/s: 0 rss: 44Mb L: 9/29 MS: 1 ChangeBit-
#22467	NEW    cov: 8 ft: 331 corp: 196/2368b lim: 68 exec/s: 0 rss: 44Mb L: 11/29 MS: 1 ChangeBit-
#22550	REDUCE cov: 8 ft: 331 corp: 196/2366b lim: 68 exec/s: 0 rss: 44Mb L: 9/29 MS: 3 InsertByte-ShuffleBytes-EraseBytes-
#22836	REDUCE cov: 8 ft: 331 corp: 196/2364b lim: 68 exec/s: 0 rss: 44Mb L: 9/29 MS: 1 EraseBytes-
#22917	NEW    cov: 8 ft: 332 corp: 197/2375b lim: 68 exec/s: 0 rss: 44Mb L: 11/29 MS: 1 ChangeBinInt-
#23995	REDUCE cov: 8 ft: 332 corp: 197/2373b lim: 74 exec/s: 0 rss: 44Mb L: 9/29 MS: 3 CopyPart-CrossOver-EraseBytes-
#24241	REDUCE cov: 8 ft: 332 corp: 197/2371b lim: 74 exec/s: 0 rss: 44Mb L: 9/29 MS: 1 EraseBytes-
#24977	NEW    cov: 8 ft: 333 corp: 198/2384b lim: 80 exec/s: 0 rss: 44Mb L: 13/29 MS: 1 ChangeBinInt-
#25515	REDUCE cov: 8 ft: 334 corp: 199/2393b lim: 80 exec/s: 0 rss: 44Mb L: 9/29 MS: 3 ShuffleBytes-ShuffleBytes-CMP- DE: "\345\357\302\377"-
#25796	REDUCE cov: 8 ft: 336 corp: 200/2404b lim: 80 exec/s: 0 rss: 44Mb L: 11/29 MS: 1 ChangeBit-
#27748	NEW    cov: 8 ft: 337 corp: 201/2417b lim: 98 exec/s: 0 rss: 45Mb L: 13/29 MS: 2 ChangeBinInt-ShuffleBytes-
#28204	REDUCE cov: 8 ft: 337 corp: 201/2415b lim: 98 exec/s: 0 rss: 45Mb L: 9/29 MS: 1 EraseBytes-
#28620	REDUCE cov: 8 ft: 337 corp: 201/2409b lim: 98 exec/s: 0 rss: 45Mb L: 9/29 MS: 1 EraseBytes-
#29066	REDUCE cov: 8 ft: 337 corp: 201/2407b lim: 98 exec/s: 0 rss: 45Mb L: 11/29 MS: 1 EraseBytes-
#29167	REDUCE cov: 8 ft: 338 corp: 202/2427b lim: 98 exec/s: 0 rss: 45Mb L: 20/29 MS: 1 ShuffleBytes-
#29173	REDUCE cov: 8 ft: 338 corp: 202/2418b lim: 98 exec/s: 0 rss: 45Mb L: 9/29 MS: 1 EraseBytes-
#29454	NEW    cov: 8 ft: 339 corp: 203/2454b lim: 98 exec/s: 0 rss: 45Mb L: 36/36 MS: 1 InsertRepeatedBytes-
#31997	NEW    cov: 8 ft: 340 corp: 204/2465b lim: 122 exec/s: 0 rss: 45Mb L: 11/36 MS: 3 ChangeBit-ChangeBit-ChangeBit-
#32121	NEW    cov: 9 ft: 341 corp: 205/2501b lim: 122 exec/s: 0 rss: 46Mb L: 36/36 MS: 4 ChangeBit-ChangeByte-ShuffleBytes-ChangeASCIIInt-
#32147	REDUCE cov: 9 ft: 342 corp: 206/2512b lim: 122 exec/s: 0 rss: 46Mb L: 11/36 MS: 1 ShuffleBytes-
#32952	NEW    cov: 9 ft: 343 corp: 207/2539b lim: 128 exec/s: 0 rss: 46Mb L: 27/36 MS: 5 InsertByte-EraseBytes-ChangeBit-CopyPart-InsertByte-
#33183	NEW    cov: 9 ft: 344 corp: 208/2566b lim: 128 exec/s: 0 rss: 46Mb L: 27/36 MS: 1 CrossOver-
#33385	NEW    cov: 10 ft: 346 corp: 209/2602b lim: 128 exec/s: 0 rss: 46Mb L: 36/36 MS: 2 PersAutoDict-ChangeByte- DE: "\200\357\377\377"-
#33511	REDUCE cov: 10 ft: 346 corp: 209/2596b lim: 128 exec/s: 0 rss: 46Mb L: 9/36 MS: 1 EraseBytes-
#33698	NEW    cov: 10 ft: 347 corp: 210/2607b lim: 128 exec/s: 0 rss: 46Mb L: 11/36 MS: 2 ChangeByte-ChangeBinInt-
#33714	REDUCE cov: 10 ft: 347 corp: 210/2598b lim: 128 exec/s: 0 rss: 46Mb L: 9/36 MS: 1 EraseBytes-
#34402	REDUCE cov: 10 ft: 348 corp: 211/2622b lim: 128 exec/s: 0 rss: 46Mb L: 24/36 MS: 3 CrossOver-ChangeBit-CopyPart-
#34424	NEW    cov: 10 ft: 349 corp: 212/2658b lim: 128 exec/s: 0 rss: 46Mb L: 36/36 MS: 2 ChangeASCIIInt-CrossOver-
#34465	REDUCE cov: 10 ft: 349 corp: 212/2649b lim: 128 exec/s: 0 rss: 46Mb L: 9/36 MS: 1 EraseBytes-
#35258	REDUCE cov: 10 ft: 349 corp: 212/2647b lim: 135 exec/s: 0 rss: 46Mb L: 9/36 MS: 3 EraseBytes-InsertByte-ChangeBinInt-
#35379	REDUCE cov: 10 ft: 349 corp: 212/2645b lim: 135 exec/s: 0 rss: 46Mb L: 9/36 MS: 1 EraseBytes-
#35890	REDUCE cov: 10 ft: 349 corp: 212/2643b lim: 135 exec/s: 0 rss: 46Mb L: 9/36 MS: 1 EraseBytes-
#35933	NEW    cov: 10 ft: 350 corp: 213/2686b lim: 135 exec/s: 0 rss: 46Mb L: 43/43 MS: 3 ChangeBinInt-ChangeBit-CopyPart-
#36046	NEW    cov: 10 ft: 351 corp: 214/2697b lim: 135 exec/s: 0 rss: 46Mb L: 11/43 MS: 3 CrossOver-ChangeByte-CopyPart-
#36334	REDUCE cov: 10 ft: 351 corp: 214/2688b lim: 135 exec/s: 0 rss: 47Mb L: 27/43 MS: 3 ChangeBinInt-EraseBytes-EraseBytes-
#36605	NEW    cov: 10 ft: 352 corp: 215/2699b lim: 135 exec/s: 0 rss: 47Mb L: 11/43 MS: 1 ChangeBit-
#37006	REDUCE cov: 10 ft: 352 corp: 215/2697b lim: 135 exec/s: 0 rss: 47Mb L: 9/43 MS: 1 EraseBytes-
#37592	REDUCE cov: 10 ft: 352 corp: 215/2695b lim: 135 exec/s: 0 rss: 47Mb L: 9/43 MS: 1 EraseBytes-
#38245	NEW    cov: 10 ft: 353 corp: 216/2722b lim: 135 exec/s: 0 rss: 47Mb L: 27/43 MS: 3 PersAutoDict-ChangeBit-ShuffleBytes- DE: "~\357\377\377"-
#38632	NEW    cov: 10 ft: 354 corp: 217/2749b lim: 135 exec/s: 0 rss: 47Mb L: 27/43 MS: 2 ChangeByte-ChangeByte-
#39374	NEW    cov: 10 ft: 355 corp: 218/2776b lim: 142 exec/s: 0 rss: 47Mb L: 27/43 MS: 2 ChangeByte-CrossOver-
#39948	NEW    cov: 10 ft: 356 corp: 219/2799b lim: 142 exec/s: 0 rss: 47Mb L: 23/43 MS: 4 ChangeBinInt-EraseBytes-ChangeBit-InsertByte-
#40040	NEW    cov: 10 ft: 357 corp: 220/2835b lim: 142 exec/s: 0 rss: 47Mb L: 36/43 MS: 2 ChangeASCIIInt-ChangeByte-
#40261	NEW    cov: 10 ft: 358 corp: 221/2846b lim: 142 exec/s: 0 rss: 47Mb L: 11/43 MS: 1 ChangeByte-
#42065	NEW    cov: 10 ft: 360 corp: 222/2872b lim: 156 exec/s: 0 rss: 48Mb L: 26/43 MS: 4 ChangeBinInt-EraseBytes-InsertByte-CrossOver-
#42092	NEW    cov: 10 ft: 361 corp: 223/2883b lim: 156 exec/s: 0 rss: 48Mb L: 11/43 MS: 2 ChangeBit-ChangeBit-
#42210	REDUCE cov: 10 ft: 362 corp: 224/2892b lim: 156 exec/s: 0 rss: 48Mb L: 9/43 MS: 3 ChangeBinInt-CopyPart-CrossOver-
#42439	REDUCE cov: 10 ft: 362 corp: 224/2883b lim: 156 exec/s: 0 rss: 48Mb L: 9/43 MS: 4 EraseBytes-ChangeBit-EraseBytes-InsertByte-
#42515	REDUCE cov: 10 ft: 362 corp: 224/2874b lim: 156 exec/s: 0 rss: 48Mb L: 27/43 MS: 1 EraseBytes-
#43366	NEW    cov: 10 ft: 363 corp: 225/2897b lim: 163 exec/s: 0 rss: 48Mb L: 23/43 MS: 1 CrossOver-
#43812	NEW    cov: 11 ft: 365 corp: 226/2929b lim: 163 exec/s: 0 rss: 48Mb L: 32/43 MS: 1 CrossOver-
#44073	NEW    cov: 11 ft: 366 corp: 227/2956b lim: 163 exec/s: 0 rss: 48Mb L: 27/43 MS: 1 ChangeBinInt-
#44685	NEW    cov: 11 ft: 367 corp: 228/2979b lim: 163 exec/s: 0 rss: 48Mb L: 23/43 MS: 2 ChangeBit-ChangeBinInt-
#44884	NEW    cov: 11 ft: 368 corp: 229/3020b lim: 163 exec/s: 0 rss: 48Mb L: 41/43 MS: 4 ChangeBit-CrossOver-ChangeByte-PersAutoDict- DE: "\232\356\356\351"-
#45340	NEW    cov: 11 ft: 369 corp: 230/3033b lim: 163 exec/s: 0 rss: 48Mb L: 13/43 MS: 1 PersAutoDict- DE: "\232\356\356\351"-
#45700	NEW    cov: 12 ft: 371 corp: 231/3051b lim: 163 exec/s: 0 rss: 48Mb L: 18/43 MS: 5 CMP-ChangeBit-ChangeBinInt-ChangeByte-CrossOver- DE: "\377\377\377\377\377\377\377\377"-
#45782	NEW    cov: 12 ft: 372 corp: 232/3060b lim: 163 exec/s: 0 rss: 48Mb L: 9/43 MS: 2 PersAutoDict-EraseBytes- DE: "\001\000\000\000\000\000\000\000"-
#46533	NEW    cov: 12 ft: 373 corp: 233/3096b lim: 170 exec/s: 0 rss: 49Mb L: 36/43 MS: 1 ChangeByte-
#46589	REDUCE cov: 12 ft: 373 corp: 233/3093b lim: 170 exec/s: 0 rss: 49Mb L: 17/43 MS: 1 EraseBytes-
#47174	REDUCE cov: 12 ft: 374 corp: 234/3120b lim: 170 exec/s: 0 rss: 49Mb L: 27/43 MS: 5 ChangeByte-CrossOver-CMP-ChangeBit-ShuffleBytes- DE: "\200\021\021\347"-
#47545	NEW    cov: 12 ft: 375 corp: 235/3147b lim: 170 exec/s: 0 rss: 49Mb L: 27/43 MS: 1 ChangeBit-
#47991	NEW    cov: 12 ft: 376 corp: 236/3174b lim: 170 exec/s: 0 rss: 49Mb L: 27/43 MS: 1 CrossOver-
#48342	REDUCE cov: 12 ft: 376 corp: 236/3172b lim: 170 exec/s: 0 rss: 49Mb L: 9/43 MS: 1 EraseBytes-
#48700	NEW    cov: 12 ft: 377 corp: 237/3199b lim: 170 exec/s: 0 rss: 49Mb L: 27/43 MS: 3 ChangeBinInt-CMP-CrossOver- DE: "\021\000\032\012"-
#49026	NEW    cov: 12 ft: 378 corp: 238/3235b lim: 170 exec/s: 0 rss: 49Mb L: 36/43 MS: 1 CopyPart-
#49607	REDUCE cov: 12 ft: 379 corp: 239/3244b lim: 170 exec/s: 0 rss: 49Mb L: 9/43 MS: 1 PersAutoDict- DE: "\000\000"-
#49739	NEW    cov: 12 ft: 380 corp: 240/3271b lim: 170 exec/s: 0 rss: 49Mb L: 27/43 MS: 2 ChangeBit-ChangeByte-
#50797	REDUCE cov: 12 ft: 380 corp: 240/3263b lim: 177 exec/s: 0 rss: 50Mb L: 12/43 MS: 3 ChangeByte-ChangeBit-EraseBytes-
#51093	REDUCE cov: 12 ft: 381 corp: 241/3272b lim: 177 exec/s: 0 rss: 50Mb L: 9/43 MS: 1 PersAutoDict- DE: "\000\000\000\000"-
#51104	NEW    cov: 12 ft: 382 corp: 242/3308b lim: 177 exec/s: 0 rss: 50Mb L: 36/43 MS: 1 ChangeBinInt-
#51612	REDUCE cov: 12 ft: 383 corp: 243/3317b lim: 177 exec/s: 0 rss: 50Mb L: 9/43 MS: 3 ShuffleBytes-ShuffleBytes-ChangeByte-
#52936	REDUCE cov: 12 ft: 383 corp: 243/3311b lim: 184 exec/s: 0 rss: 50Mb L: 35/43 MS: 4 InsertByte-EraseBytes-CrossOver-EraseBytes-
#53242	REDUCE cov: 12 ft: 383 corp: 243/3302b lim: 184 exec/s: 0 rss: 50Mb L: 9/43 MS: 1 EraseBytes-
#53615	NEW    cov: 12 ft: 385 corp: 244/3336b lim: 184 exec/s: 0 rss: 50Mb L: 34/43 MS: 3 CrossOver-EraseBytes-CrossOver-
#54116	NEW    cov: 12 ft: 386 corp: 245/3370b lim: 184 exec/s: 0 rss: 50Mb L: 34/43 MS: 1 ChangeBit-
#54803	REDUCE cov: 12 ft: 386 corp: 245/3368b lim: 184 exec/s: 0 rss: 50Mb L: 9/43 MS: 2 EraseBytes-ShuffleBytes-
#54834	NEW    cov: 12 ft: 387 corp: 246/3379b lim: 184 exec/s: 0 rss: 50Mb L: 11/43 MS: 1 ShuffleBytes-
#54995	NEW    cov: 12 ft: 388 corp: 247/3390b lim: 184 exec/s: 0 rss: 50Mb L: 11/43 MS: 1 ChangeBit-
#55626	REDUCE cov: 12 ft: 388 corp: 247/3381b lim: 184 exec/s: 0 rss: 51Mb L: 9/43 MS: 1 EraseBytes-
#56377	NEW    cov: 12 ft: 389 corp: 248/3417b lim: 191 exec/s: 0 rss: 51Mb L: 36/43 MS: 1 CopyPart-
#56938	NEW    cov: 12 ft: 390 corp: 249/3435b lim: 191 exec/s: 0 rss: 51Mb L: 18/43 MS: 1 ChangeByte-
#57199	NEW    cov: 12 ft: 391 corp: 250/3446b lim: 191 exec/s: 0 rss: 51Mb L: 11/43 MS: 1 CopyPart-
#57526	NEW    cov: 12 ft: 392 corp: 251/3475b lim: 191 exec/s: 0 rss: 51Mb L: 29/43 MS: 2 ChangeByte-CrossOver-
#58418	REDUCE cov: 12 ft: 392 corp: 251/3473b lim: 198 exec/s: 0 rss: 51Mb L: 9/43 MS: 2 EraseBytes-InsertByte-
#59154	REDUCE cov: 12 ft: 392 corp: 251/3464b lim: 205 exec/s: 0 rss: 51Mb L: 9/43 MS: 1 EraseBytes-
#60026	NEW    cov: 13 ft: 393 corp: 252/3500b lim: 212 exec/s: 0 rss: 51Mb L: 36/43 MS: 2 CrossOver-PersAutoDict- DE: "\377\377\037\000"-
#60167	REDUCE cov: 13 ft: 393 corp: 252/3491b lim: 212 exec/s: 0 rss: 52Mb L: 9/43 MS: 1 EraseBytes-
#60196	REDUCE cov: 13 ft: 394 corp: 253/3513b lim: 212 exec/s: 0 rss: 52Mb L: 22/43 MS: 4 ShuffleBytes-ChangeBinInt-EraseBytes-CrossOver-
#60917	NEW    cov: 13 ft: 396 corp: 254/3524b lim: 219 exec/s: 0 rss: 52Mb L: 11/43 MS: 1 CrossOver-
#62619	NEW    cov: 13 ft: 397 corp: 255/3551b lim: 233 exec/s: 0 rss: 52Mb L: 27/43 MS: 2 EraseBytes-PersAutoDict- DE: "\373\377\376\377"-
#63145	REDUCE cov: 13 ft: 397 corp: 255/3542b lim: 233 exec/s: 0 rss: 52Mb L: 34/36 MS: 1 EraseBytes-
#63553	REDUCE cov: 13 ft: 397 corp: 255/3540b lim: 233 exec/s: 0 rss: 52Mb L: 20/36 MS: 3 CopyPart-InsertRepeatedBytes-EraseBytes-
#64434	NEW    cov: 13 ft: 398 corp: 256/3576b lim: 240 exec/s: 0 rss: 52Mb L: 36/36 MS: 1 ShuffleBytes-
#64900	NEW    cov: 13 ft: 399 corp: 257/3589b lim: 240 exec/s: 0 rss: 52Mb L: 13/36 MS: 1 ChangeByte-
#65351	NEW    cov: 13 ft: 400 corp: 258/3618b lim: 240 exec/s: 0 rss: 53Mb L: 29/36 MS: 1 ChangeBit-
#65782	REDUCE cov: 13 ft: 400 corp: 258/3616b lim: 240 exec/s: 0 rss: 53Mb L: 9/36 MS: 1 EraseBytes-
#68458	NEW    cov: 13 ft: 401 corp: 259/3627b lim: 261 exec/s: 0 rss: 53Mb L: 11/36 MS: 1 ChangeBit-
#74459	NEW    cov: 13 ft: 402 corp: 260/3638b lim: 317 exec/s: 0 rss: 55Mb L: 11/36 MS: 1 ChangeBit-
#75020	NEW    cov: 13 ft: 403 corp: 261/3674b lim: 317 exec/s: 0 rss: 55Mb L: 36/36 MS: 1 CopyPart-
#75339	REDUCE cov: 13 ft: 403 corp: 261/3665b lim: 317 exec/s: 0 rss: 55Mb L: 27/36 MS: 4 CrossOver-InsertRepeatedBytes-ChangeASCIIInt-EraseBytes-
#76186	REDUCE cov: 13 ft: 403 corp: 261/3654b lim: 325 exec/s: 0 rss: 55Mb L: 23/36 MS: 2 ChangeBinInt-EraseBytes-
#77467	REDUCE cov: 13 ft: 403 corp: 261/3645b lim: 333 exec/s: 0 rss: 55Mb L: 18/36 MS: 1 EraseBytes-
#79248	REDUCE cov: 13 ft: 403 corp: 261/3636b lim: 349 exec/s: 0 rss: 56Mb L: 20/36 MS: 1 EraseBytes-
#79779	NEW    cov: 13 ft: 404 corp: 262/3654b lim: 349 exec/s: 0 rss: 56Mb L: 18/36 MS: 1 PersAutoDict- DE: "\377\377\377\377\377\377\377\377"-
#79850	REDUCE cov: 13 ft: 404 corp: 262/3653b lim: 349 exec/s: 0 rss: 56Mb L: 12/36 MS: 1 EraseBytes-
#80103	REDUCE cov: 13 ft: 404 corp: 262/3644b lim: 349 exec/s: 0 rss: 56Mb L: 18/36 MS: 3 ChangeByte-ChangeBinInt-EraseBytes-
#80205	REDUCE cov: 13 ft: 404 corp: 262/3642b lim: 349 exec/s: 0 rss: 56Mb L: 9/36 MS: 2 CopyPart-EraseBytes-
#80496	REDUCE cov: 13 ft: 404 corp: 262/3640b lim: 349 exec/s: 0 rss: 56Mb L: 9/36 MS: 1 EraseBytes-
#81312	REDUCE cov: 13 ft: 404 corp: 262/3638b lim: 357 exec/s: 0 rss: 56Mb L: 9/36 MS: 1 EraseBytes-
#81495	REDUCE cov: 13 ft: 404 corp: 262/3637b lim: 357 exec/s: 0 rss: 56Mb L: 12/36 MS: 3 CopyPart-ChangeBit-EraseBytes-
#81522	REDUCE cov: 13 ft: 404 corp: 262/3634b lim: 357 exec/s: 0 rss: 57Mb L: 32/36 MS: 2 PersAutoDict-EraseBytes- DE: "\345\357\302\377"-
#81568	REDUCE cov: 13 ft: 404 corp: 262/3632b lim: 357 exec/s: 0 rss: 57Mb L: 9/36 MS: 1 EraseBytes-
#82019	REDUCE cov: 13 ft: 404 corp: 262/3630b lim: 357 exec/s: 0 rss: 57Mb L: 15/36 MS: 1 EraseBytes-
#82469	REDUCE cov: 13 ft: 404 corp: 262/3629b lim: 357 exec/s: 0 rss: 57Mb L: 14/36 MS: 5 InsertByte-ChangeBinInt-InsertByte-InsertByte-EraseBytes-
#82633	REDUCE cov: 13 ft: 404 corp: 262/3620b lim: 357 exec/s: 0 rss: 57Mb L: 27/36 MS: 4 ShuffleBytes-InsertRepeatedBytes-CopyPart-EraseBytes-
#83279	REDUCE cov: 13 ft: 404 corp: 262/3602b lim: 357 exec/s: 0 rss: 57Mb L: 18/36 MS: 1 EraseBytes-
#83750	NEW    cov: 13 ft: 405 corp: 263/3613b lim: 357 exec/s: 0 rss: 57Mb L: 11/36 MS: 1 ChangeBinInt-
#84412	REDUCE cov: 13 ft: 405 corp: 263/3610b lim: 357 exec/s: 0 rss: 57Mb L: 9/36 MS: 2 CopyPart-EraseBytes-
#84625	REDUCE cov: 13 ft: 405 corp: 263/3601b lim: 357 exec/s: 0 rss: 57Mb L: 20/36 MS: 3 CopyPart-EraseBytes-EraseBytes-
#84811	REDUCE cov: 13 ft: 405 corp: 263/3599b lim: 357 exec/s: 0 rss: 57Mb L: 9/36 MS: 1 EraseBytes-
#84898	REDUCE cov: 13 ft: 406 corp: 264/3608b lim: 357 exec/s: 0 rss: 57Mb L: 9/36 MS: 2 ChangeBit-ChangeByte-
#87714	REDUCE cov: 13 ft: 406 corp: 264/3599b lim: 381 exec/s: 0 rss: 58Mb L: 18/36 MS: 1 EraseBytes-
#91205	NEW    cov: 13 ft: 407 corp: 265/3610b lim: 413 exec/s: 0 rss: 59Mb L: 11/36 MS: 1 ChangeBit-
#91626	REDUCE cov: 13 ft: 407 corp: 265/3601b lim: 413 exec/s: 0 rss: 59Mb L: 18/36 MS: 1 EraseBytes-
#91657	NEW    cov: 13 ft: 408 corp: 266/3635b lim: 413 exec/s: 0 rss: 59Mb L: 34/36 MS: 1 ChangeBinInt-
#92145	REDUCE cov: 13 ft: 408 corp: 266/3626b lim: 413 exec/s: 0 rss: 59Mb L: 9/36 MS: 3 EraseBytes-PersAutoDict-EraseBytes- DE: "\024\360\021\020"-
#94282	REDUCE cov: 13 ft: 408 corp: 266/3617b lim: 429 exec/s: 0 rss: 60Mb L: 9/36 MS: 2 CMP-EraseBytes- DE: "\376\000\000\003"-
#94328	REDUCE cov: 13 ft: 408 corp: 266/3615b lim: 429 exec/s: 0 rss: 60Mb L: 9/36 MS: 1 EraseBytes-
#95139	REDUCE cov: 13 ft: 408 corp: 266/3613b lim: 437 exec/s: 0 rss: 60Mb L: 9/36 MS: 1 EraseBytes-
#95662	REDUCE cov: 13 ft: 409 corp: 267/3633b lim: 437 exec/s: 0 rss: 60Mb L: 20/36 MS: 3 ChangeBit-ChangeBinInt-CopyPart-
#96433	NEW    cov: 13 ft: 410 corp: 268/3644b lim: 437 exec/s: 0 rss: 60Mb L: 11/36 MS: 1 CopyPart-
#98884	NEW    cov: 13 ft: 411 corp: 269/3655b lim: 461 exec/s: 0 rss: 61Mb L: 11/36 MS: 1 ChangeByte-
#100090	NEW    cov: 13 ft: 412 corp: 270/3673b lim: 469 exec/s: 0 rss: 61Mb L: 18/36 MS: 1 CMP- DE: "\360\012\356\027"-
#104452	NEW    cov: 13 ft: 414 corp: 271/3691b lim: 509 exec/s: 0 rss: 62Mb L: 18/36 MS: 2 ChangeByte-ChangeBit-
#104873	REDUCE cov: 13 ft: 414 corp: 271/3689b lim: 509 exec/s: 0 rss: 62Mb L: 9/36 MS: 1 EraseBytes-
#109134	NEW    cov: 13 ft: 415 corp: 272/3700b lim: 544 exec/s: 0 rss: 63Mb L: 11/36 MS: 1 ChangeBit-
#109565	REDUCE cov: 13 ft: 415 corp: 272/3698b lim: 544 exec/s: 0 rss: 63Mb L: 9/36 MS: 1 EraseBytes-
#111124	NEW    cov: 13 ft: 416 corp: 273/3709b lim: 553 exec/s: 0 rss: 64Mb L: 11/36 MS: 4 ChangeByte-ChangeByte-ChangeBit-ChangeBinInt-
#113466	REDUCE cov: 13 ft: 416 corp: 273/3707b lim: 571 exec/s: 0 rss: 64Mb L: 9/36 MS: 2 ChangeBit-EraseBytes-
#113483	REDUCE cov: 13 ft: 416 corp: 273/3700b lim: 571 exec/s: 0 rss: 64Mb L: 22/36 MS: 2 InsertByte-EraseBytes-
#113669	NEW    cov: 13 ft: 417 corp: 274/3718b lim: 571 exec/s: 0 rss: 64Mb L: 18/36 MS: 1 CopyPart-
#114365	NEW    cov: 13 ft: 418 corp: 275/3729b lim: 571 exec/s: 0 rss: 64Mb L: 11/36 MS: 1 ChangeBit-
#114681	REDUCE cov: 13 ft: 418 corp: 275/3720b lim: 571 exec/s: 0 rss: 64Mb L: 20/36 MS: 1 EraseBytes-
#115342	REDUCE cov: 13 ft: 418 corp: 275/3706b lim: 571 exec/s: 0 rss: 65Mb L: 20/36 MS: 1 EraseBytes-
#118648	REDUCE cov: 13 ft: 418 corp: 275/3704b lim: 598 exec/s: 0 rss: 65Mb L: 9/36 MS: 1 EraseBytes-
#119704	REDUCE cov: 13 ft: 418 corp: 275/3702b lim: 607 exec/s: 0 rss: 65Mb L: 9/36 MS: 1 EraseBytes-
#119781	REDUCE cov: 13 ft: 418 corp: 275/3693b lim: 607 exec/s: 0 rss: 65Mb L: 18/36 MS: 2 ChangeBinInt-EraseBytes-
#120140	REDUCE cov: 13 ft: 418 corp: 275/3688b lim: 607 exec/s: 0 rss: 66Mb L: 9/36 MS: 4 ChangeBit-EraseBytes-ChangeBit-CopyPart-
#120246	REDUCE cov: 13 ft: 418 corp: 275/3686b lim: 607 exec/s: 0 rss: 66Mb L: 9/36 MS: 1 EraseBytes-
#122287	NEW    cov: 13 ft: 419 corp: 276/3697b lim: 625 exec/s: 0 rss: 66Mb L: 11/36 MS: 1 ChangeBinInt-
#123236	REDUCE cov: 13 ft: 419 corp: 276/3688b lim: 634 exec/s: 0 rss: 66Mb L: 27/36 MS: 4 CopyPart-ChangeBit-ShuffleBytes-EraseBytes-
#125547	REDUCE cov: 13 ft: 419 corp: 276/3686b lim: 652 exec/s: 0 rss: 66Mb L: 9/36 MS: 1 EraseBytes-
#125743	REDUCE cov: 13 ft: 419 corp: 276/3677b lim: 652 exec/s: 0 rss: 66Mb L: 9/36 MS: 1 EraseBytes-
#125925	REDUCE cov: 13 ft: 419 corp: 276/3676b lim: 652 exec/s: 0 rss: 67Mb L: 14/36 MS: 2 ChangeBit-EraseBytes-
#127641	REDUCE cov: 13 ft: 419 corp: 276/3667b lim: 661 exec/s: 0 rss: 67Mb L: 9/36 MS: 1 EraseBytes-
#128847	NEW    cov: 13 ft: 420 corp: 277/3678b lim: 670 exec/s: 0 rss: 67Mb L: 11/36 MS: 1 PersAutoDict- DE: "\365\244\364\215"-
#129299	REDUCE cov: 13 ft: 420 corp: 277/3673b lim: 670 exec/s: 0 rss: 68Mb L: 17/36 MS: 2 EraseBytes-PersAutoDict- DE: "\370\377\373o"-
#130255	REDUCE cov: 13 ft: 420 corp: 277/3671b lim: 679 exec/s: 0 rss: 68Mb L: 9/36 MS: 1 EraseBytes-
#130726	REDUCE cov: 13 ft: 420 corp: 277/3660b lim: 679 exec/s: 0 rss: 68Mb L: 23/36 MS: 1 EraseBytes-
#131634	NEW    cov: 13 ft: 421 corp: 278/3678b lim: 688 exec/s: 0 rss: 68Mb L: 18/36 MS: 3 ShuffleBytes-ChangeBit-ChangeBinInt-
#132356	REDUCE cov: 13 ft: 421 corp: 278/3669b lim: 688 exec/s: 0 rss: 68Mb L: 18/36 MS: 2 ShuffleBytes-EraseBytes-
#133952	REDUCE cov: 13 ft: 421 corp: 278/3660b lim: 697 exec/s: 0 rss: 68Mb L: 18/36 MS: 1 EraseBytes-
#135016	NEW    cov: 13 ft: 422 corp: 279/3671b lim: 706 exec/s: 0 rss: 69Mb L: 11/36 MS: 4 ChangeBit-ShuffleBytes-ChangeBit-ChangeBit-
#136107	REDUCE cov: 13 ft: 422 corp: 279/3665b lim: 715 exec/s: 0 rss: 69Mb L: 18/36 MS: 1 EraseBytes-
#136248	NEW    cov: 13 ft: 423 corp: 280/3676b lim: 715 exec/s: 0 rss: 69Mb L: 11/36 MS: 1 ChangeBinInt-
#137840	REDUCE cov: 13 ft: 423 corp: 280/3674b lim: 724 exec/s: 0 rss: 69Mb L: 9/36 MS: 2 EraseBytes-CopyPart-
#144718	REDUCE cov: 13 ft: 423 corp: 280/3672b lim: 787 exec/s: 0 rss: 70Mb L: 9/36 MS: 3 ChangeBit-EraseBytes-CrossOver-
#146024	REDUCE cov: 13 ft: 423 corp: 280/3670b lim: 796 exec/s: 0 rss: 71Mb L: 9/36 MS: 1 EraseBytes-
#147453	NEW    cov: 13 ft: 424 corp: 281/3697b lim: 805 exec/s: 0 rss: 71Mb L: 27/36 MS: 4 CopyPart-ChangeBinInt-CrossOver-InsertByte-
#148280	REDUCE cov: 13 ft: 424 corp: 281/3695b lim: 805 exec/s: 0 rss: 71Mb L: 9/36 MS: 2 ChangeBit-EraseBytes-
#148842	REDUCE cov: 13 ft: 424 corp: 281/3686b lim: 805 exec/s: 0 rss: 71Mb L: 9/36 MS: 2 ShuffleBytes-EraseBytes-
#149475	NEW    cov: 13 ft: 425 corp: 282/3713b lim: 805 exec/s: 0 rss: 71Mb L: 27/36 MS: 3 ChangeBinInt-CopyPart-PersAutoDict- DE: "\376\377\357\177"-
#154677	NEW    cov: 13 ft: 426 corp: 283/3731b lim: 850 exec/s: 0 rss: 72Mb L: 18/36 MS: 2 ShuffleBytes-ChangeBinInt-
#154924	NEW    cov: 13 ft: 427 corp: 284/3740b lim: 850 exec/s: 0 rss: 73Mb L: 9/36 MS: 2 EraseBytes-InsertByte-
#154956	REDUCE cov: 13 ft: 427 corp: 284/3736b lim: 850 exec/s: 0 rss: 73Mb L: 9/36 MS: 2 ChangeByte-EraseBytes-
#155072	NEW    cov: 13 ft: 428 corp: 285/3747b lim: 850 exec/s: 0 rss: 73Mb L: 11/36 MS: 1 ShuffleBytes-
#155198	REDUCE cov: 13 ft: 428 corp: 285/3745b lim: 850 exec/s: 0 rss: 73Mb L: 9/36 MS: 1 EraseBytes-
#156074	NEW    cov: 13 ft: 429 corp: 286/3756b lim: 850 exec/s: 0 rss: 73Mb L: 11/36 MS: 1 ChangeBit-
#159330	REDUCE cov: 13 ft: 429 corp: 286/3754b lim: 877 exec/s: 0 rss: 73Mb L: 9/36 MS: 1 EraseBytes-
#160666	NEW    cov: 13 ft: 431 corp: 287/3765b lim: 886 exec/s: 0 rss: 73Mb L: 11/36 MS: 1 CopyPart-
#160728	REDUCE cov: 13 ft: 431 corp: 287/3763b lim: 886 exec/s: 0 rss: 73Mb L: 9/36 MS: 2 CMP-EraseBytes- DE: "h\377\020\011"-
#164344	REDUCE cov: 13 ft: 431 corp: 287/3762b lim: 913 exec/s: 0 rss: 74Mb L: 11/36 MS: 1 EraseBytes-
#166961	REDUCE cov: 13 ft: 431 corp: 287/3753b lim: 931 exec/s: 0 rss: 75Mb L: 18/36 MS: 2 ChangeBinInt-EraseBytes-
#167177	REDUCE cov: 13 ft: 431 corp: 287/3751b lim: 931 exec/s: 0 rss: 75Mb L: 9/36 MS: 1 EraseBytes-
#168381	REDUCE cov: 13 ft: 431 corp: 287/3749b lim: 940 exec/s: 0 rss: 75Mb L: 9/36 MS: 4 CrossOver-ChangeBit-InsertByte-EraseBytes-
#169732	REDUCE cov: 13 ft: 431 corp: 287/3740b lim: 949 exec/s: 0 rss: 75Mb L: 18/36 MS: 1 EraseBytes-
#178003	REDUCE cov: 13 ft: 431 corp: 287/3734b lim: 1030 exec/s: 0 rss: 77Mb L: 21/36 MS: 1 EraseBytes-
#178752	NEW    cov: 13 ft: 432 corp: 288/3745b lim: 1030 exec/s: 0 rss: 77Mb L: 11/36 MS: 4 ChangeBit-CopyPart-InsertByte-EraseBytes-
#180128	NEW    cov: 13 ft: 433 corp: 289/3756b lim: 1040 exec/s: 0 rss: 77Mb L: 11/36 MS: 1 ChangeBinInt-
#180789	REDUCE cov: 13 ft: 434 corp: 290/3777b lim: 1040 exec/s: 0 rss: 77Mb L: 21/36 MS: 1 CopyPart-
#180881	NEW    cov: 13 ft: 435 corp: 291/3795b lim: 1040 exec/s: 0 rss: 77Mb L: 18/36 MS: 2 ChangeByte-ChangeBit-
#182482	REDUCE cov: 13 ft: 435 corp: 291/3786b lim: 1050 exec/s: 0 rss: 78Mb L: 11/36 MS: 1 EraseBytes-
#182628	REDUCE cov: 13 ft: 435 corp: 291/3784b lim: 1050 exec/s: 0 rss: 78Mb L: 9/36 MS: 1 EraseBytes-
#183339	NEW    cov: 13 ft: 436 corp: 292/3795b lim: 1050 exec/s: 0 rss: 78Mb L: 11/36 MS: 1 ChangeBinInt-
#185481	NEW    cov: 13 ft: 437 corp: 293/3812b lim: 1070 exec/s: 0 rss: 78Mb L: 17/36 MS: 2 CMP-CopyPart- DE: "\376\377\377\362"-
#185782	REDUCE cov: 13 ft: 437 corp: 293/3811b lim: 1070 exec/s: 0 rss: 78Mb L: 25/36 MS: 1 EraseBytes-
#186098	NEW    cov: 13 ft: 438 corp: 294/3829b lim: 1070 exec/s: 0 rss: 78Mb L: 18/36 MS: 1 ChangeByte-
#188350	REDUCE cov: 13 ft: 438 corp: 294/3827b lim: 1090 exec/s: 0 rss: 79Mb L: 9/36 MS: 2 ChangeBit-EraseBytes-
#188591	NEW    cov: 13 ft: 439 corp: 295/3848b lim: 1090 exec/s: 0 rss: 79Mb L: 21/36 MS: 1 ChangeBit-
#189518	REDUCE cov: 13 ft: 439 corp: 295/3847b lim: 1090 exec/s: 189518 rss: 83Mb L: 13/36 MS: 2 ChangeByte-EraseBytes-
#189539	REDUCE cov: 13 ft: 439 corp: 295/3838b lim: 1090 exec/s: 189539 rss: 83Mb L: 18/36 MS: 1 EraseBytes-
#190128	REDUCE cov: 13 ft: 439 corp: 295/3836b lim: 1090 exec/s: 190128 rss: 83Mb L: 9/36 MS: 4 InsertByte-InsertByte-EraseBytes-EraseBytes-
#190474	REDUCE cov: 13 ft: 439 corp: 295/3830b lim: 1090 exec/s: 190474 rss: 83Mb L: 11/36 MS: 1 EraseBytes-
#190825	NEW    cov: 13 ft: 440 corp: 296/3841b lim: 1090 exec/s: 190825 rss: 83Mb L: 11/36 MS: 1 CopyPart-
#191036	REDUCE cov: 13 ft: 440 corp: 296/3832b lim: 1090 exec/s: 191036 rss: 84Mb L: 18/36 MS: 1 EraseBytes-
#192277	REDUCE cov: 13 ft: 440 corp: 296/3830b lim: 1100 exec/s: 192277 rss: 84Mb L: 9/36 MS: 1 EraseBytes-
#196538	REDUCE cov: 13 ft: 440 corp: 296/3821b lim: 1140 exec/s: 196538 rss: 85Mb L: 27/36 MS: 1 EraseBytes-
#197544	REDUCE cov: 13 ft: 440 corp: 296/3812b lim: 1150 exec/s: 197544 rss: 85Mb L: 9/36 MS: 1 EraseBytes-
#198075	NEW    cov: 13 ft: 441 corp: 297/3833b lim: 1150 exec/s: 198075 rss: 85Mb L: 21/36 MS: 1 ChangeBinInt-
#199811	REDUCE cov: 13 ft: 441 corp: 297/3831b lim: 1160 exec/s: 199811 rss: 86Mb L: 9/36 MS: 1 EraseBytes-
#202362	REDUCE cov: 13 ft: 441 corp: 297/3822b lim: 1180 exec/s: 202362 rss: 86Mb L: 18/36 MS: 1 EraseBytes-
#202498	REDUCE cov: 13 ft: 441 corp: 297/3820b lim: 1180 exec/s: 202498 rss: 86Mb L: 9/36 MS: 1 EraseBytes-
#207479	REDUCE cov: 13 ft: 441 corp: 297/3811b lim: 1220 exec/s: 207479 rss: 87Mb L: 9/36 MS: 1 EraseBytes-
#207847	REDUCE cov: 13 ft: 441 corp: 297/3809b lim: 1220 exec/s: 207847 rss: 87Mb L: 9/36 MS: 3 ChangeByte-ChangeBinInt-EraseBytes-
#208789	REDUCE cov: 13 ft: 442 corp: 298/3827b lim: 1220 exec/s: 208789 rss: 87Mb L: 18/36 MS: 2 ChangeByte-CrossOver-
#211528	REDUCE cov: 13 ft: 442 corp: 298/3824b lim: 1240 exec/s: 211528 rss: 88Mb L: 18/36 MS: 4 CMP-ChangeBit-ShuffleBytes-EraseBytes- DE: "\001\000\000\000\000\000\000\000"-
#214534	REDUCE cov: 13 ft: 442 corp: 298/3822b lim: 1260 exec/s: 214534 rss: 88Mb L: 9/36 MS: 1 EraseBytes-
#215063	REDUCE cov: 13 ft: 442 corp: 298/3820b lim: 1260 exec/s: 215063 rss: 89Mb L: 9/36 MS: 4 CopyPart-ChangeBinInt-EraseBytes-EraseBytes-
#215844	REDUCE cov: 13 ft: 442 corp: 298/3819b lim: 1260 exec/s: 215844 rss: 89Mb L: 14/36 MS: 1 EraseBytes-
#216280	REDUCE cov: 13 ft: 442 corp: 298/3810b lim: 1260 exec/s: 216280 rss: 89Mb L: 18/36 MS: 1 EraseBytes-
#216756	REDUCE cov: 13 ft: 443 corp: 299/3828b lim: 1260 exec/s: 216756 rss: 89Mb L: 18/36 MS: 1 ChangeBit-
#217592	REDUCE cov: 13 ft: 444 corp: 300/3846b lim: 1260 exec/s: 217592 rss: 89Mb L: 18/36 MS: 1 ChangeBit-
#217898	REDUCE cov: 13 ft: 444 corp: 300/3837b lim: 1260 exec/s: 217898 rss: 89Mb L: 27/36 MS: 1 EraseBytes-
#220364	REDUCE cov: 13 ft: 444 corp: 300/3835b lim: 1280 exec/s: 220364 rss: 89Mb L: 9/36 MS: 1 EraseBytes-
#220663	NEW    cov: 13 ft: 445 corp: 301/3844b lim: 1280 exec/s: 220663 rss: 90Mb L: 9/36 MS: 4 EraseBytes-ChangeBit-ShuffleBytes-CrossOver-
#223164	REDUCE cov: 13 ft: 445 corp: 301/3842b lim: 1300 exec/s: 223164 rss: 90Mb L: 9/36 MS: 1 EraseBytes-
#223540	REDUCE cov: 13 ft: 446 corp: 302/3851b lim: 1300 exec/s: 223540 rss: 90Mb L: 9/36 MS: 1 ChangeBinInt-
#224236	REDUCE cov: 13 ft: 447 corp: 303/3869b lim: 1300 exec/s: 224236 rss: 90Mb L: 18/36 MS: 1 ChangeByte-
#224818	REDUCE cov: 13 ft: 447 corp: 303/3860b lim: 1300 exec/s: 224818 rss: 90Mb L: 18/36 MS: 2 CMP-EraseBytes- DE: "\377\377\357\177"-
#228089	REDUCE cov: 13 ft: 447 corp: 303/3859b lim: 1330 exec/s: 228089 rss: 91Mb L: 12/36 MS: 1 EraseBytes-
#228420	REDUCE cov: 13 ft: 447 corp: 303/3858b lim: 1330 exec/s: 228420 rss: 91Mb L: 24/36 MS: 1 EraseBytes-
#230017	REDUCE cov: 13 ft: 447 corp: 303/3854b lim: 1340 exec/s: 230017 rss: 91Mb L: 9/36 MS: 2 CrossOver-EraseBytes-
#231033	REDUCE cov: 13 ft: 447 corp: 303/3845b lim: 1350 exec/s: 231033 rss: 92Mb L: 9/36 MS: 1 EraseBytes-
#233949	REDUCE cov: 13 ft: 447 corp: 303/3843b lim: 1370 exec/s: 233949 rss: 92Mb L: 9/36 MS: 1 EraseBytes-
#236705	REDUCE cov: 13 ft: 447 corp: 303/3840b lim: 1390 exec/s: 236705 rss: 93Mb L: 18/36 MS: 1 EraseBytes-
#241381	REDUCE cov: 13 ft: 447 corp: 303/3838b lim: 1430 exec/s: 241381 rss: 94Mb L: 12/36 MS: 1 EraseBytes-
#243346	REDUCE cov: 13 ft: 447 corp: 303/3829b lim: 1440 exec/s: 243346 rss: 94Mb L: 9/36 MS: 5 EraseBytes-CMP-EraseBytes-EraseBytes-CrossOver- DE: "\000\000\000\000\000\000\000\000"-
#244817	REDUCE cov: 13 ft: 447 corp: 303/3820b lim: 1450 exec/s: 244817 rss: 95Mb L: 18/36 MS: 1 EraseBytes-
#244973	REDUCE cov: 13 ft: 447 corp: 303/3818b lim: 1450 exec/s: 244973 rss: 95Mb L: 9/36 MS: 1 EraseBytes-
#248304	REDUCE cov: 13 ft: 447 corp: 303/3816b lim: 1480 exec/s: 248304 rss: 95Mb L: 9/36 MS: 1 EraseBytes-
#258185	REDUCE cov: 13 ft: 447 corp: 303/3813b lim: 1570 exec/s: 258185 rss: 97Mb L: 18/36 MS: 1 EraseBytes-
#259776	NEW    cov: 13 ft: 448 corp: 304/3831b lim: 1580 exec/s: 259776 rss: 97Mb L: 18/36 MS: 1 ChangeBit-
#260022	NEW    cov: 13 ft: 449 corp: 305/3849b lim: 1580 exec/s: 260022 rss: 98Mb L: 18/36 MS: 1 ChangeBinInt-
#260183	REDUCE cov: 13 ft: 449 corp: 305/3847b lim: 1580 exec/s: 260183 rss: 98Mb L: 9/36 MS: 1 EraseBytes-
#260740	REDUCE cov: 13 ft: 449 corp: 305/3844b lim: 1580 exec/s: 260740 rss: 98Mb L: 9/36 MS: 2 ChangeByte-EraseBytes-
#265772	REDUCE cov: 13 ft: 449 corp: 305/3842b lim: 1630 exec/s: 265772 rss: 99Mb L: 9/36 MS: 2 ChangeByte-EraseBytes-
#266601	REDUCE cov: 13 ft: 450 corp: 306/3862b lim: 1630 exec/s: 266601 rss: 99Mb L: 20/36 MS: 4 ChangeBit-PersAutoDict-PersAutoDict-ChangeBit- DE: "\376\377\377\362"-"\360\012\356\027"-
#268588	REDUCE cov: 13 ft: 450 corp: 306/3860b lim: 1640 exec/s: 268588 rss: 99Mb L: 9/36 MS: 2 ChangeByte-EraseBytes-
#271971	REDUCE cov: 13 ft: 450 corp: 306/3851b lim: 1670 exec/s: 271971 rss: 100Mb L: 18/36 MS: 3 EraseBytes-EraseBytes-PersAutoDict- DE: "\377\377\357\177"-
#276246	REDUCE cov: 13 ft: 451 corp: 307/3869b lim: 1710 exec/s: 276246 rss: 101Mb L: 18/36 MS: 5 ShuffleBytes-ShuffleBytes-ShuffleBytes-CopyPart-CrossOver-
#283177	NEW    cov: 13 ft: 452 corp: 308/3880b lim: 1770 exec/s: 283177 rss: 102Mb L: 11/36 MS: 1 ChangeBit-
#284823	REDUCE cov: 13 ft: 452 corp: 308/3878b lim: 1780 exec/s: 284823 rss: 102Mb L: 9/36 MS: 1 EraseBytes-
#285131	REDUCE cov: 13 ft: 452 corp: 308/3872b lim: 1780 exec/s: 285131 rss: 103Mb L: 14/36 MS: 3 ChangeByte-PersAutoDict-EraseBytes- DE: "\365\244\364\215"-
#285483	REDUCE cov: 13 ft: 452 corp: 308/3870b lim: 1780 exec/s: 285483 rss: 103Mb L: 9/36 MS: 2 ChangeBinInt-EraseBytes-
#285865	REDUCE cov: 13 ft: 452 corp: 308/3861b lim: 1780 exec/s: 285865 rss: 103Mb L: 9/36 MS: 2 ChangeBit-EraseBytes-
#287381	REDUCE cov: 13 ft: 453 corp: 309/3879b lim: 1790 exec/s: 287381 rss: 103Mb L: 18/36 MS: 1 ChangeBit-
#287847	REDUCE cov: 13 ft: 454 corp: 310/3897b lim: 1790 exec/s: 287847 rss: 103Mb L: 18/36 MS: 1 ChangeBit-
#288893	REDUCE cov: 13 ft: 454 corp: 310/3895b lim: 1800 exec/s: 288893 rss: 103Mb L: 9/36 MS: 1 EraseBytes-
#295309	REDUCE cov: 13 ft: 454 corp: 310/3893b lim: 1860 exec/s: 295309 rss: 105Mb L: 9/36 MS: 1 EraseBytes-
#298031	NEW    cov: 13 ft: 455 corp: 311/3902b lim: 1880 exec/s: 298031 rss: 105Mb L: 9/36 MS: 2 ShuffleBytes-EraseBytes-
#301192	REDUCE cov: 13 ft: 455 corp: 311/3900b lim: 1910 exec/s: 301192 rss: 106Mb L: 9/36 MS: 1 EraseBytes-
#306093	NEW    cov: 13 ft: 456 corp: 312/3918b lim: 1950 exec/s: 306093 rss: 107Mb L: 18/36 MS: 1 CrossOver-
#306334	REDUCE cov: 13 ft: 456 corp: 312/3916b lim: 1950 exec/s: 306334 rss: 107Mb L: 12/36 MS: 1 EraseBytes-
#308850	REDUCE cov: 13 ft: 456 corp: 312/3907b lim: 1970 exec/s: 308850 rss: 107Mb L: 15/36 MS: 1 EraseBytes-
#311553	REDUCE cov: 13 ft: 456 corp: 312/3905b lim: 1990 exec/s: 311553 rss: 108Mb L: 9/36 MS: 3 EraseBytes-ShuffleBytes-InsertRepeatedBytes-
#312754	REDUCE cov: 13 ft: 456 corp: 312/3903b lim: 2000 exec/s: 312754 rss: 108Mb L: 9/36 MS: 1 EraseBytes-
#313145	REDUCE cov: 13 ft: 456 corp: 312/3894b lim: 2000 exec/s: 313145 rss: 108Mb L: 18/36 MS: 1 EraseBytes-
#315901	REDUCE cov: 13 ft: 456 corp: 312/3890b lim: 2020 exec/s: 315901 rss: 109Mb L: 9/36 MS: 1 EraseBytes-
#321922	REDUCE cov: 13 ft: 456 corp: 312/3888b lim: 2072 exec/s: 321922 rss: 109Mb L: 9/36 MS: 1 EraseBytes-
#323068	REDUCE cov: 13 ft: 456 corp: 312/3887b lim: 2083 exec/s: 323068 rss: 110Mb L: 24/36 MS: 1 EraseBytes-
#332539	REDUCE cov: 13 ft: 456 corp: 312/3878b lim: 2171 exec/s: 332539 rss: 112Mb L: 23/36 MS: 1 EraseBytes-
#332540	REDUCE cov: 13 ft: 456 corp: 312/3876b lim: 2171 exec/s: 332540 rss: 112Mb L: 9/36 MS: 1 EraseBytes-
#332711	REDUCE cov: 13 ft: 456 corp: 312/3873b lim: 2171 exec/s: 332711 rss: 112Mb L: 18/36 MS: 1 EraseBytes-
#333467	REDUCE cov: 13 ft: 456 corp: 312/3871b lim: 2171 exec/s: 333467 rss: 112Mb L: 9/36 MS: 1 EraseBytes-
#337988	REDUCE cov: 13 ft: 457 corp: 313/3883b lim: 2215 exec/s: 337988 rss: 113Mb L: 12/36 MS: 1 ChangeBit-
#341837	REDUCE cov: 13 ft: 457 corp: 313/3874b lim: 2248 exec/s: 341837 rss: 114Mb L: 11/36 MS: 4 CrossOver-InsertByte-ChangeByte-EraseBytes-
#344549	REDUCE cov: 13 ft: 457 corp: 313/3872b lim: 2270 exec/s: 344549 rss: 114Mb L: 9/36 MS: 2 ChangeBit-EraseBytes-
#346510	REDUCE cov: 13 ft: 457 corp: 313/3870b lim: 2281 exec/s: 346510 rss: 114Mb L: 9/36 MS: 1 EraseBytes-
#349672	REDUCE cov: 13 ft: 457 corp: 313/3868b lim: 2303 exec/s: 349672 rss: 115Mb L: 21/36 MS: 2 PersAutoDict-EraseBytes- DE: "\001\000\000\000\000\000\000\000"-
#352624	REDUCE cov: 13 ft: 457 corp: 313/3866b lim: 2325 exec/s: 352624 rss: 115Mb L: 9/36 MS: 2 ChangeByte-EraseBytes-
#355746	REDUCE cov: 13 ft: 457 corp: 313/3861b lim: 2347 exec/s: 355746 rss: 116Mb L: 18/36 MS: 2 ChangeBinInt-EraseBytes-
#356607	REDUCE cov: 13 ft: 457 corp: 313/3859b lim: 2347 exec/s: 356607 rss: 116Mb L: 9/36 MS: 1 EraseBytes-
#360273	REDUCE cov: 13 ft: 457 corp: 313/3857b lim: 2380 exec/s: 360273 rss: 117Mb L: 9/36 MS: 1 EraseBytes-
#363817	REDUCE cov: 13 ft: 457 corp: 313/3854b lim: 2413 exec/s: 363817 rss: 117Mb L: 18/36 MS: 4 ShuffleBytes-CrossOver-ChangeBit-EraseBytes-
#366283	REDUCE cov: 13 ft: 457 corp: 313/3852b lim: 2435 exec/s: 366283 rss: 118Mb L: 9/36 MS: 1 EraseBytes-
#369449	REDUCE cov: 13 ft: 457 corp: 313/3850b lim: 2457 exec/s: 369449 rss: 118Mb L: 9/36 MS: 1 EraseBytes-
#372020	NEW    cov: 13 ft: 458 corp: 314/3861b lim: 2479 exec/s: 372020 rss: 119Mb L: 11/36 MS: 1 ChangeBit-
#378946	REDUCE cov: 13 ft: 458 corp: 314/3859b lim: 2545 exec/s: 378946 rss: 120Mb L: 9/36 MS: 1 EraseBytes-
#379974	REDUCE cov: 13 ft: 458 corp: 314/3857b lim: 2545 exec/s: 379974 rss: 120Mb L: 9/36 MS: 3 ChangeBit-ChangeBit-EraseBytes-
#384256	REDUCE cov: 13 ft: 458 corp: 314/3848b lim: 2578 exec/s: 384256 rss: 121Mb L: 27/36 MS: 2 EraseBytes-EraseBytes-
#384998	REDUCE cov: 13 ft: 458 corp: 314/3846b lim: 2578 exec/s: 384998 rss: 121Mb L: 9/36 MS: 2 ChangeByte-EraseBytes-
#391529	REDUCE cov: 13 ft: 458 corp: 314/3845b lim: 2633 exec/s: 391529 rss: 123Mb L: 16/36 MS: 1 EraseBytes-
#392341	REDUCE cov: 13 ft: 458 corp: 314/3843b lim: 2633 exec/s: 392341 rss: 123Mb L: 11/36 MS: 2 ChangeBit-EraseBytes-
#406752	REDUCE cov: 13 ft: 458 corp: 314/3834b lim: 2776 exec/s: 406752 rss: 126Mb L: 9/36 MS: 1 EraseBytes-
#407055	REDUCE cov: 13 ft: 458 corp: 314/3832b lim: 2776 exec/s: 407055 rss: 126Mb L: 9/36 MS: 3 ChangeBinInt-PersAutoDict-EraseBytes- DE: "\021\000\032\012"-
#408587	REDUCE cov: 13 ft: 458 corp: 314/3830b lim: 2787 exec/s: 408587 rss: 126Mb L: 9/36 MS: 2 ChangeByte-EraseBytes-
#413038	REDUCE cov: 13 ft: 458 corp: 314/3828b lim: 2831 exec/s: 413038 rss: 127Mb L: 9/36 MS: 1 EraseBytes-
#418469	NEW    cov: 14 ft: 461 corp: 315/3846b lim: 2875 exec/s: 418469 rss: 128Mb L: 18/36 MS: 1 CopyPart-
#420085	REDUCE cov: 14 ft: 461 corp: 315/3837b lim: 2886 exec/s: 420085 rss: 128Mb L: 27/36 MS: 1 EraseBytes-
#420781	REDUCE cov: 14 ft: 461 corp: 315/3834b lim: 2886 exec/s: 420781 rss: 129Mb L: 9/36 MS: 1 EraseBytes-
#421775	REDUCE cov: 14 ft: 461 corp: 315/3832b lim: 2886 exec/s: 421775 rss: 129Mb L: 9/36 MS: 4 ShuffleBytes-CopyPart-EraseBytes-InsertByte-
#425856	REDUCE cov: 14 ft: 461 corp: 315/3830b lim: 2919 exec/s: 425856 rss: 130Mb L: 9/36 MS: 1 EraseBytes-
#431783	REDUCE cov: 14 ft: 461 corp: 315/3821b lim: 2974 exec/s: 431783 rss: 131Mb L: 18/36 MS: 2 ShuffleBytes-EraseBytes-
#434996	REDUCE cov: 14 ft: 461 corp: 315/3819b lim: 2996 exec/s: 434996 rss: 132Mb L: 9/36 MS: 3 ChangeBit-InsertByte-EraseBytes-
#435238	REDUCE cov: 14 ft: 462 corp: 316/3837b lim: 2996 exec/s: 435238 rss: 132Mb L: 18/36 MS: 2 CMP-ChangeBit- DE: "\000\000\000\000"-
#437375	REDUCE cov: 14 ft: 462 corp: 316/3828b lim: 3007 exec/s: 437375 rss: 132Mb L: 27/36 MS: 2 ChangeByte-EraseBytes-
#437906	REDUCE cov: 14 ft: 462 corp: 316/3826b lim: 3007 exec/s: 437906 rss: 132Mb L: 9/36 MS: 1 EraseBytes-
#447202	REDUCE cov: 14 ft: 462 corp: 316/3824b lim: 3095 exec/s: 447202 rss: 134Mb L: 9/36 MS: 1 EraseBytes-
#447509	REDUCE cov: 14 ft: 462 corp: 316/3822b lim: 3095 exec/s: 447509 rss: 134Mb L: 9/36 MS: 2 EraseBytes-CrossOver-
#455387	REDUCE cov: 14 ft: 462 corp: 316/3820b lim: 3172 exec/s: 455387 rss: 135Mb L: 9/36 MS: 3 CrossOver-ChangeByte-EraseBytes-
#456398	REDUCE cov: 14 ft: 462 corp: 316/3818b lim: 3172 exec/s: 456398 rss: 135Mb L: 9/36 MS: 1 EraseBytes-
#465364	REDUCE cov: 14 ft: 462 corp: 316/3815b lim: 3260 exec/s: 465364 rss: 137Mb L: 9/36 MS: 1 EraseBytes-
#466580	REDUCE cov: 14 ft: 462 corp: 316/3813b lim: 3271 exec/s: 466580 rss: 137Mb L: 9/36 MS: 1 EraseBytes-
#473766	REDUCE cov: 14 ft: 462 corp: 316/3804b lim: 3337 exec/s: 473766 rss: 139Mb L: 27/34 MS: 1 EraseBytes-
#490822	REDUCE cov: 14 ft: 462 corp: 316/3802b lim: 3502 exec/s: 490822 rss: 142Mb L: 9/34 MS: 1 EraseBytes-
#499339	REDUCE cov: 14 ft: 462 corp: 316/3800b lim: 3579 exec/s: 499339 rss: 144Mb L: 18/34 MS: 2 ChangeBinInt-EraseBytes-
#504685	REDUCE cov: 14 ft: 462 corp: 316/3798b lim: 3623 exec/s: 504685 rss: 144Mb L: 9/34 MS: 1 EraseBytes-
#519537	REDUCE cov: 14 ft: 462 corp: 316/3796b lim: 3766 exec/s: 259768 rss: 151Mb L: 14/34 MS: 2 CopyPart-EraseBytes-
#521854	REDUCE cov: 14 ft: 462 corp: 316/3787b lim: 3788 exec/s: 260927 rss: 151Mb L: 20/34 MS: 2 CopyPart-EraseBytes-
#522881	REDUCE cov: 14 ft: 462 corp: 316/3785b lim: 3788 exec/s: 261440 rss: 152Mb L: 9/34 MS: 2 EraseBytes-ShuffleBytes-
#524288	pulse  cov: 14 ft: 462 corp: 316/3785b lim: 3799 exec/s: 262144 rss: 152Mb
#535577	REDUCE cov: 14 ft: 462 corp: 316/3776b lim: 3909 exec/s: 267788 rss: 154Mb L: 18/34 MS: 1 EraseBytes-
#542629	REDUCE cov: 14 ft: 462 corp: 316/3774b lim: 3975 exec/s: 271314 rss: 155Mb L: 9/34 MS: 2 PersAutoDict-EraseBytes- DE: "\000\000"-
#557075	REDUCE cov: 14 ft: 462 corp: 316/3772b lim: 4096 exec/s: 278537 rss: 158Mb L: 9/34 MS: 1 EraseBytes-
#560046	REDUCE cov: 14 ft: 462 corp: 316/3770b lim: 4096 exec/s: 280023 rss: 158Mb L: 9/34 MS: 1 EraseBytes-
#561797	REDUCE cov: 14 ft: 462 corp: 316/3768b lim: 4096 exec/s: 280898 rss: 159Mb L: 9/34 MS: 1 EraseBytes-
#562168	REDUCE cov: 14 ft: 462 corp: 316/3766b lim: 4096 exec/s: 281084 rss: 159Mb L: 9/34 MS: 1 EraseBytes-
#563719	REDUCE cov: 14 ft: 462 corp: 316/3764b lim: 4096 exec/s: 281859 rss: 159Mb L: 9/34 MS: 1 EraseBytes-
#578351	REDUCE cov: 14 ft: 462 corp: 316/3762b lim: 4096 exec/s: 289175 rss: 162Mb L: 9/34 MS: 2 CrossOver-EraseBytes-
#579578	REDUCE cov: 14 ft: 462 corp: 316/3760b lim: 4096 exec/s: 289789 rss: 162Mb L: 9/34 MS: 2 PersAutoDict-EraseBytes- DE: "h\377\020\011"-
#581706	REDUCE cov: 14 ft: 462 corp: 316/3758b lim: 4096 exec/s: 290853 rss: 163Mb L: 9/34 MS: 3 ChangeByte-InsertByte-EraseBytes-
#583627	REDUCE cov: 14 ft: 462 corp: 316/3756b lim: 4096 exec/s: 291813 rss: 163Mb L: 9/34 MS: 1 EraseBytes-
#599383	REDUCE cov: 14 ft: 462 corp: 316/3754b lim: 4096 exec/s: 299691 rss: 166Mb L: 9/34 MS: 1 EraseBytes-
#603664	REDUCE cov: 14 ft: 462 corp: 316/3752b lim: 4096 exec/s: 301832 rss: 167Mb L: 9/34 MS: 1 EraseBytes-
#608630	REDUCE cov: 14 ft: 462 corp: 316/3750b lim: 4096 exec/s: 304315 rss: 168Mb L: 9/34 MS: 1 EraseBytes-
#615701	REDUCE cov: 14 ft: 462 corp: 316/3748b lim: 4096 exec/s: 307850 rss: 169Mb L: 9/34 MS: 1 EraseBytes-
#625077	REDUCE cov: 14 ft: 462 corp: 316/3746b lim: 4096 exec/s: 312538 rss: 171Mb L: 9/34 MS: 1 EraseBytes-
#627678	REDUCE cov: 14 ft: 462 corp: 316/3744b lim: 4096 exec/s: 313839 rss: 171Mb L: 9/34 MS: 1 EraseBytes-
#631162	REDUCE cov: 14 ft: 462 corp: 316/3733b lim: 4096 exec/s: 315581 rss: 172Mb L: 23/32 MS: 4 EraseBytes-ChangeASCIIInt-ChangeByte-EraseBytes-
#631373	REDUCE cov: 14 ft: 462 corp: 316/3731b lim: 4096 exec/s: 315686 rss: 172Mb L: 9/32 MS: 1 EraseBytes-
#641939	REDUCE cov: 14 ft: 462 corp: 316/3729b lim: 4096 exec/s: 320969 rss: 174Mb L: 9/32 MS: 1 EraseBytes-
#652906	REDUCE cov: 14 ft: 462 corp: 316/3726b lim: 4096 exec/s: 326453 rss: 176Mb L: 9/32 MS: 2 ShuffleBytes-EraseBytes-
#655863	REDUCE cov: 14 ft: 462 corp: 316/3724b lim: 4096 exec/s: 327931 rss: 176Mb L: 9/32 MS: 2 InsertByte-EraseBytes-
#657135	REDUCE cov: 14 ft: 462 corp: 316/3722b lim: 4096 exec/s: 328567 rss: 177Mb L: 9/32 MS: 2 ChangeBit-EraseBytes-
#668271	REDUCE cov: 14 ft: 462 corp: 316/3720b lim: 4096 exec/s: 334135 rss: 179Mb L: 9/32 MS: 1 EraseBytes-
#672948	REDUCE cov: 14 ft: 462 corp: 316/3719b lim: 4096 exec/s: 336474 rss: 180Mb L: 22/32 MS: 2 CrossOver-EraseBytes-
#682540	REDUCE cov: 14 ft: 462 corp: 316/3717b lim: 4096 exec/s: 341270 rss: 181Mb L: 9/32 MS: 2 EraseBytes-InsertByte-
#682793	REDUCE cov: 14 ft: 462 corp: 316/3715b lim: 4096 exec/s: 341396 rss: 182Mb L: 9/32 MS: 3 PersAutoDict-ChangeByte-EraseBytes- DE: "\021\000\032\012"-
#688739	REDUCE cov: 14 ft: 462 corp: 316/3713b lim: 4096 exec/s: 344369 rss: 183Mb L: 9/32 MS: 1 EraseBytes-
#690671	REDUCE cov: 14 ft: 462 corp: 316/3711b lim: 4096 exec/s: 345335 rss: 183Mb L: 9/32 MS: 2 ChangeByte-EraseBytes-
#693812	REDUCE cov: 14 ft: 462 corp: 316/3707b lim: 4096 exec/s: 346906 rss: 184Mb L: 18/32 MS: 1 EraseBytes-
#694223	REDUCE cov: 14 ft: 462 corp: 316/3705b lim: 4096 exec/s: 347111 rss: 184Mb L: 9/32 MS: 1 EraseBytes-
#700654	REDUCE cov: 14 ft: 462 corp: 316/3703b lim: 4096 exec/s: 350327 rss: 185Mb L: 9/32 MS: 1 EraseBytes-
#712885	REDUCE cov: 14 ft: 462 corp: 316/3701b lim: 4096 exec/s: 356442 rss: 187Mb L: 9/32 MS: 1 EraseBytes-
#716356	REDUCE cov: 14 ft: 462 corp: 316/3700b lim: 4096 exec/s: 358178 rss: 188Mb L: 11/32 MS: 1 EraseBytes-
#726125	REDUCE cov: 14 ft: 462 corp: 316/3691b lim: 4096 exec/s: 363062 rss: 189Mb L: 11/32 MS: 4 ChangeBit-ShuffleBytes-ChangeByte-EraseBytes-
#729151	REDUCE cov: 14 ft: 462 corp: 316/3682b lim: 4096 exec/s: 364575 rss: 190Mb L: 18/32 MS: 1 EraseBytes-
#741367	REDUCE cov: 14 ft: 462 corp: 316/3680b lim: 4096 exec/s: 370683 rss: 192Mb L: 9/32 MS: 1 EraseBytes-
#742951	REDUCE cov: 14 ft: 462 corp: 316/3678b lim: 4096 exec/s: 371475 rss: 193Mb L: 9/32 MS: 4 PersAutoDict-ChangeBit-CMP-EraseBytes- DE: "\377\377\357\177"-"\370\021\021\021"-
#745107	REDUCE cov: 15 ft: 465 corp: 317/3687b lim: 4096 exec/s: 372553 rss: 193Mb L: 9/32 MS: 1 CMP- DE: "\000\000\360\177"-
#768204	REDUCE cov: 15 ft: 465 corp: 317/3685b lim: 4096 exec/s: 384102 rss: 198Mb L: 9/32 MS: 2 ShuffleBytes-EraseBytes-
#771625	REDUCE cov: 15 ft: 465 corp: 317/3683b lim: 4096 exec/s: 385812 rss: 198Mb L: 9/32 MS: 1 EraseBytes-
#774322	REDUCE cov: 15 ft: 465 corp: 317/3674b lim: 4096 exec/s: 387161 rss: 199Mb L: 18/32 MS: 2 CopyPart-EraseBytes-
#775583	REDUCE cov: 15 ft: 465 corp: 317/3672b lim: 4096 exec/s: 387791 rss: 199Mb L: 9/32 MS: 1 EraseBytes-
#777640	REDUCE cov: 15 ft: 465 corp: 317/3670b lim: 4096 exec/s: 388820 rss: 199Mb L: 9/32 MS: 2 EraseBytes-CopyPart-
#780541	REDUCE cov: 15 ft: 465 corp: 317/3668b lim: 4096 exec/s: 390270 rss: 200Mb L: 9/32 MS: 1 EraseBytes-
#790877	REDUCE cov: 15 ft: 465 corp: 317/3666b lim: 4096 exec/s: 395438 rss: 202Mb L: 9/32 MS: 1 EraseBytes-
#803609	REDUCE cov: 15 ft: 465 corp: 317/3664b lim: 4096 exec/s: 401804 rss: 204Mb L: 9/32 MS: 2 ChangeByte-EraseBytes-
#806325	REDUCE cov: 15 ft: 465 corp: 317/3662b lim: 4096 exec/s: 403162 rss: 205Mb L: 9/32 MS: 1 EraseBytes-
#826296	REDUCE cov: 15 ft: 465 corp: 317/3656b lim: 4096 exec/s: 413148 rss: 208Mb L: 9/32 MS: 1 EraseBytes-
#834584	REDUCE cov: 15 ft: 465 corp: 317/3654b lim: 4096 exec/s: 417292 rss: 210Mb L: 9/32 MS: 3 ChangeByte-InsertByte-EraseBytes-
#852340	REDUCE cov: 15 ft: 465 corp: 317/3652b lim: 4096 exec/s: 284113 rss: 215Mb L: 9/32 MS: 1 EraseBytes-
#864876	REDUCE cov: 15 ft: 465 corp: 317/3650b lim: 4096 exec/s: 288292 rss: 217Mb L: 9/32 MS: 1 EraseBytes-
#865136	REDUCE cov: 15 ft: 465 corp: 317/3648b lim: 4096 exec/s: 288378 rss: 218Mb L: 9/32 MS: 5 EraseBytes-ChangeByte-CopyPart-ChangeByte-InsertByte-
#871442	REDUCE cov: 15 ft: 465 corp: 317/3646b lim: 4096 exec/s: 290480 rss: 219Mb L: 9/32 MS: 1 EraseBytes-
#873793	REDUCE cov: 15 ft: 465 corp: 317/3644b lim: 4096 exec/s: 291264 rss: 219Mb L: 9/32 MS: 1 EraseBytes-
#875504	REDUCE cov: 15 ft: 465 corp: 317/3635b lim: 4096 exec/s: 291834 rss: 219Mb L: 18/32 MS: 1 EraseBytes-
#877665	REDUCE cov: 15 ft: 465 corp: 317/3633b lim: 4096 exec/s: 292555 rss: 220Mb L: 9/32 MS: 1 EraseBytes-
#886932	REDUCE cov: 15 ft: 465 corp: 317/3630b lim: 4096 exec/s: 295644 rss: 221Mb L: 21/32 MS: 2 ChangeByte-EraseBytes-
#891148	REDUCE cov: 15 ft: 465 corp: 317/3628b lim: 4096 exec/s: 297049 rss: 222Mb L: 9/32 MS: 1 EraseBytes-
#891284	REDUCE cov: 15 ft: 465 corp: 317/3626b lim: 4096 exec/s: 297094 rss: 222Mb L: 9/32 MS: 1 EraseBytes-
#896895	REDUCE cov: 15 ft: 465 corp: 317/3624b lim: 4096 exec/s: 298965 rss: 223Mb L: 9/32 MS: 1 EraseBytes-
#900798	REDUCE cov: 15 ft: 465 corp: 317/3615b lim: 4096 exec/s: 300266 rss: 224Mb L: 18/32 MS: 3 ShuffleBytes-CopyPart-EraseBytes-
#927359	REDUCE cov: 15 ft: 465 corp: 317/3613b lim: 4096 exec/s: 309119 rss: 229Mb L: 9/32 MS: 1 EraseBytes-
#929795	REDUCE cov: 15 ft: 465 corp: 317/3604b lim: 4096 exec/s: 309931 rss: 229Mb L: 9/32 MS: 1 EraseBytes-
#947576	REDUCE cov: 15 ft: 465 corp: 317/3602b lim: 4096 exec/s: 315858 rss: 232Mb L: 9/32 MS: 1 EraseBytes-
#954362	REDUCE cov: 15 ft: 465 corp: 317/3600b lim: 4096 exec/s: 318120 rss: 234Mb L: 9/32 MS: 1 EraseBytes-
#959563	REDUCE cov: 15 ft: 465 corp: 317/3598b lim: 4096 exec/s: 319854 rss: 234Mb L: 9/32 MS: 1 EraseBytes-
#978414	REDUCE cov: 15 ft: 465 corp: 317/3596b lim: 4096 exec/s: 326138 rss: 238Mb L: 9/32 MS: 1 EraseBytes-
#979020	REDUCE cov: 15 ft: 465 corp: 317/3594b lim: 4096 exec/s: 326340 rss: 238Mb L: 9/32 MS: 1 EraseBytes-
#1000216	REDUCE cov: 15 ft: 465 corp: 317/3592b lim: 4096 exec/s: 333405 rss: 242Mb L: 9/32 MS: 1 EraseBytes-
#1014253	REDUCE cov: 15 ft: 465 corp: 317/3590b lim: 4096 exec/s: 338084 rss: 245Mb L: 9/32 MS: 2 CMP-EraseBytes- DE: "\364\377\021\021"-
#1021030	REDUCE cov: 15 ft: 465 corp: 317/3585b lim: 4096 exec/s: 340343 rss: 246Mb L: 18/32 MS: 2 ChangeBit-EraseBytes-
#1022291	REDUCE cov: 15 ft: 465 corp: 317/3583b lim: 4096 exec/s: 340763 rss: 246Mb L: 9/32 MS: 1 EraseBytes-
#1024327	REDUCE cov: 15 ft: 465 corp: 317/3578b lim: 4096 exec/s: 341442 rss: 246Mb L: 18/32 MS: 1 EraseBytes-
#1048435	REDUCE cov: 15 ft: 465 corp: 317/3576b lim: 4096 exec/s: 349478 rss: 251Mb L: 9/32 MS: 3 CrossOver-ChangeBit-EraseBytes-
#1048576	pulse  cov: 15 ft: 465 corp: 317/3576b lim: 4096 exec/s: 349525 rss: 251Mb
#1048681	REDUCE cov: 15 ft: 465 corp: 317/3574b lim: 4096 exec/s: 349560 rss: 251Mb L: 9/32 MS: 1 EraseBytes-
#1052984	REDUCE cov: 15 ft: 465 corp: 317/3565b lim: 4096 exec/s: 350994 rss: 251Mb L: 18/32 MS: 3 CrossOver-InsertByte-EraseBytes-
#1075955	REDUCE cov: 15 ft: 465 corp: 317/3563b lim: 4096 exec/s: 358651 rss: 255Mb L: 9/32 MS: 1 EraseBytes-
#1080691	REDUCE cov: 15 ft: 465 corp: 317/3558b lim: 4096 exec/s: 360230 rss: 256Mb L: 9/32 MS: 1 EraseBytes-
#1085335	REDUCE cov: 15 ft: 465 corp: 317/3549b lim: 4096 exec/s: 361778 rss: 257Mb L: 11/32 MS: 4 InsertByte-EraseBytes-ChangeByte-EraseBytes-
#1085941	REDUCE cov: 15 ft: 465 corp: 317/3547b lim: 4096 exec/s: 361980 rss: 257Mb L: 9/32 MS: 1 EraseBytes-
#1193201	REDUCE cov: 15 ft: 465 corp: 317/3545b lim: 4096 exec/s: 298300 rss: 278Mb L: 9/32 MS: 5 CMP-ChangeBinInt-ShuffleBytes-ChangeByte-EraseBytes- DE: "r\356\367\335"-
#1196122	REDUCE cov: 15 ft: 465 corp: 317/3543b lim: 4096 exec/s: 299030 rss: 279Mb L: 9/32 MS: 1 EraseBytes-
#1231155	REDUCE cov: 15 ft: 465 corp: 317/3534b lim: 4096 exec/s: 307788 rss: 285Mb L: 11/32 MS: 3 InsertByte-ChangeByte-EraseBytes-
#1283836	REDUCE cov: 15 ft: 465 corp: 317/3532b lim: 4096 exec/s: 320959 rss: 294Mb L: 9/32 MS: 1 EraseBytes-
#1314432	REDUCE cov: 15 ft: 465 corp: 317/3530b lim: 4096 exec/s: 328608 rss: 300Mb L: 9/32 MS: 1 EraseBytes-
#1318503	REDUCE cov: 15 ft: 465 corp: 317/3528b lim: 4096 exec/s: 329625 rss: 300Mb L: 9/32 MS: 1 EraseBytes-
#1341014	REDUCE cov: 15 ft: 465 corp: 317/3526b lim: 4096 exec/s: 335253 rss: 304Mb L: 9/32 MS: 1 EraseBytes-
#1352871	REDUCE cov: 15 ft: 465 corp: 317/3524b lim: 4096 exec/s: 338217 rss: 306Mb L: 9/32 MS: 2 InsertByte-EraseBytes-
#1352874	REDUCE cov: 15 ft: 465 corp: 317/3522b lim: 4096 exec/s: 338218 rss: 306Mb L: 9/32 MS: 3 EraseBytes-CopyPart-EraseBytes-
#1408955	REDUCE cov: 15 ft: 465 corp: 317/3520b lim: 4096 exec/s: 352238 rss: 317Mb L: 9/32 MS: 1 EraseBytes-
#1421352	REDUCE cov: 15 ft: 465 corp: 317/3518b lim: 4096 exec/s: 355338 rss: 319Mb L: 9/32 MS: 2 ShuffleBytes-EraseBytes-
#1436193	REDUCE cov: 15 ft: 465 corp: 317/3516b lim: 4096 exec/s: 359048 rss: 322Mb L: 9/32 MS: 1 EraseBytes-
#1453859	REDUCE cov: 15 ft: 465 corp: 317/3514b lim: 4096 exec/s: 363464 rss: 325Mb L: 9/32 MS: 1 EraseBytes-
#1460570	REDUCE cov: 15 ft: 465 corp: 317/3511b lim: 4096 exec/s: 365142 rss: 326Mb L: 20/32 MS: 1 EraseBytes-
#1475586	REDUCE cov: 15 ft: 465 corp: 317/3509b lim: 4096 exec/s: 368896 rss: 329Mb L: 9/32 MS: 1 EraseBytes-
#1476202	REDUCE cov: 15 ft: 465 corp: 317/3507b lim: 4096 exec/s: 369050 rss: 329Mb L: 9/32 MS: 1 EraseBytes-
#1503090	REDUCE cov: 15 ft: 465 corp: 317/3505b lim: 4096 exec/s: 300618 rss: 334Mb L: 9/32 MS: 3 ShuffleBytes-CopyPart-EraseBytes-
#1509096	REDUCE cov: 15 ft: 465 corp: 317/3503b lim: 4096 exec/s: 301819 rss: 335Mb L: 9/32 MS: 1 EraseBytes-
#1589423	REDUCE cov: 15 ft: 465 corp: 317/3501b lim: 4096 exec/s: 317884 rss: 350Mb L: 18/32 MS: 2 ChangeByte-EraseBytes-
#1649615	REDUCE cov: 15 ft: 465 corp: 317/3499b lim: 4096 exec/s: 329923 rss: 360Mb L: 9/32 MS: 2 ChangeBinInt-EraseBytes-
#1724117	REDUCE cov: 15 ft: 465 corp: 317/3497b lim: 4096 exec/s: 344823 rss: 374Mb L: 9/32 MS: 2 ChangeBinInt-EraseBytes-
#1729083	REDUCE cov: 15 ft: 465 corp: 317/3495b lim: 4096 exec/s: 345816 rss: 375Mb L: 21/32 MS: 1 EraseBytes-
#1743479	REDUCE cov: 15 ft: 465 corp: 317/3486b lim: 4096 exec/s: 348695 rss: 378Mb L: 9/32 MS: 1 EraseBytes-
#1746280	REDUCE cov: 15 ft: 465 corp: 317/3484b lim: 4096 exec/s: 349256 rss: 378Mb L: 9/32 MS: 1 EraseBytes-
#1754271	REDUCE cov: 15 ft: 465 corp: 317/3482b lim: 4096 exec/s: 350854 rss: 380Mb L: 9/32 MS: 1 EraseBytes-
#1798482	REDUCE cov: 15 ft: 465 corp: 317/3481b lim: 4096 exec/s: 359696 rss: 387Mb L: 31/31 MS: 1 EraseBytes-
#1856653	REDUCE cov: 15 ft: 465 corp: 317/3479b lim: 4096 exec/s: 309442 rss: 399Mb L: 9/31 MS: 1 EraseBytes-
#1891804	REDUCE cov: 15 ft: 465 corp: 317/3470b lim: 4096 exec/s: 315300 rss: 406Mb L: 9/31 MS: 1 EraseBytes-
#1894367	REDUCE cov: 15 ft: 465 corp: 317/3468b lim: 4096 exec/s: 315727 rss: 406Mb L: 18/31 MS: 3 ChangeBit-EraseBytes-CrossOver-
#1896023	REDUCE cov: 15 ft: 465 corp: 317/3466b lim: 4096 exec/s: 316003 rss: 406Mb L: 9/31 MS: 1 EraseBytes-
#1901421	REDUCE cov: 15 ft: 465 corp: 317/3464b lim: 4096 exec/s: 316903 rss: 407Mb L: 9/31 MS: 3 InsertByte-ShuffleBytes-EraseBytes-
#1944723	REDUCE cov: 15 ft: 465 corp: 317/3462b lim: 4096 exec/s: 324120 rss: 415Mb L: 9/31 MS: 2 ChangeBit-EraseBytes-
#2021664	REDUCE cov: 15 ft: 465 corp: 317/3453b lim: 4096 exec/s: 336944 rss: 429Mb L: 18/31 MS: 1 EraseBytes-
#2097152	pulse  cov: 15 ft: 465 corp: 317/3453b lim: 4096 exec/s: 349525 rss: 443Mb
#2184180	REDUCE cov: 15 ft: 465 corp: 317/3451b lim: 4096 exec/s: 312025 rss: 445Mb L: 9/31 MS: 1 EraseBytes-
#2226901	REDUCE cov: 15 ft: 465 corp: 317/3449b lim: 4096 exec/s: 318128 rss: 446Mb L: 9/31 MS: 1 EraseBytes-
#2262977	REDUCE cov: 15 ft: 465 corp: 317/3447b lim: 4096 exec/s: 323282 rss: 446Mb L: 9/31 MS: 1 EraseBytes-
#2325030	REDUCE cov: 15 ft: 465 corp: 317/3444b lim: 4096 exec/s: 332147 rss: 452Mb L: 18/31 MS: 3 CopyPart-ShuffleBytes-EraseBytes-
#2387367	REDUCE cov: 15 ft: 465 corp: 317/3442b lim: 4096 exec/s: 341052 rss: 452Mb L: 9/31 MS: 2 ChangeBinInt-EraseBytes-
#2546048	REDUCE cov: 15 ft: 465 corp: 317/3440b lim: 4096 exec/s: 318256 rss: 455Mb L: 9/31 MS: 1 EraseBytes-
#2612669	REDUCE cov: 15 ft: 465 corp: 317/3438b lim: 4096 exec/s: 326583 rss: 457Mb L: 9/31 MS: 1 EraseBytes-
#2679577	REDUCE cov: 15 ft: 465 corp: 317/3435b lim: 4096 exec/s: 334947 rss: 457Mb L: 18/31 MS: 3 ChangeBit-ChangeByte-EraseBytes-
#3324638	REDUCE cov: 15 ft: 465 corp: 317/3433b lim: 4096 exec/s: 332463 rss: 464Mb L: 18/31 MS: 1 EraseBytes-
#3577879	REDUCE cov: 15 ft: 465 corp: 317/3431b lim: 4096 exec/s: 325261 rss: 465Mb L: 9/31 MS: 1 EraseBytes-
#3609660	REDUCE cov: 15 ft: 465 corp: 317/3429b lim: 4096 exec/s: 328150 rss: 465Mb L: 9/31 MS: 1 EraseBytes-
#4066856	REDUCE cov: 15 ft: 465 corp: 317/3428b lim: 4096 exec/s: 338904 rss: 467Mb L: 30/30 MS: 1 EraseBytes-
#4071889	REDUCE cov: 15 ft: 465 corp: 317/3426b lim: 4096 exec/s: 339324 rss: 467Mb L: 9/30 MS: 3 ChangeBit-ChangeByte-EraseBytes-
#4194304	pulse  cov: 15 ft: 465 corp: 317/3426b lim: 4096 exec/s: 322638 rss: 467Mb
#5770880	REDUCE cov: 15 ft: 465 corp: 317/3417b lim: 4096 exec/s: 339463 rss: 467Mb L: 18/30 MS: 1 EraseBytes-
#7848696	REDUCE cov: 15 ft: 465 corp: 317/3414b lim: 4096 exec/s: 341247 rss: 467Mb L: 27/27 MS: 1 EraseBytes-
#8388608	pulse  cov: 15 ft: 465 corp: 317/3414b lim: 4096 exec/s: 335544 rss: 467Mb
#8608605	REDUCE cov: 15 ft: 465 corp: 317/3405b lim: 4096 exec/s: 344344 rss: 467Mb L: 18/18 MS: 4 ShuffleBytes-ChangeBit-EraseBytes-ChangeByte-
#16777216	pulse  cov: 15 ft: 465 corp: 317/3405b lim: 4096 exec/s: 342392 rss: 467Mb
#20984340	DONE   cov: 15 ft: 465 corp: 317/3405b lim: 4096 exec/s: 344005 rss: 467Mb
###### Recommended dictionary. ######
"\000\000" # Uses: 69238
"\377\377\377\377" # Uses: 69081
"\377\377\377\377\377\377\377\377" # Uses: 66967
"\377\377\037\000" # Uses: 69117
"\000\000\000\000" # Uses: 69607
"\001\000\000\000\000\000\000\000" # Uses: 67393
"\373\377\376\377" # Uses: 69390
"\232\356\356\351" # Uses: 69133
"~\357\377\377" # Uses: 69467
"\365\244\364\215" # Uses: 69065
"\023\033\021\277" # Uses: 68841
"\024\360\021\020" # Uses: 69259
"\000\000 \000" # Uses: 69644
"\200\357\377\377" # Uses: 69055
"\000\000\000\000\000\000\000\000" # Uses: 67562
"\376\377\357\177" # Uses: 69062
"\370\377\373o" # Uses: 69070
"\345\357\302\377" # Uses: 69093
"\200\021\021\347" # Uses: 69031
"\021\000\032\012" # Uses: 69040
"\376\000\000\003" # Uses: 68918
"\360\012\356\027" # Uses: 68677
"h\377\020\011" # Uses: 68257
"\376\377\377\362" # Uses: 68803
"\377\377\357\177" # Uses: 68482
"\370\021\021\021" # Uses: 66570
"\000\000\360\177" # Uses: 66723
"\364\377\021\021" # Uses: 65486
"r\356\367\335" # Uses: 65014
###### End of recommended dictionary. ######
Done 20984340 runs in 61 second(s)
