[+] Generate .proto (libclang parser)
[i] Skipping C++ protobuf generation (reference decoder=nanopb)
[+] Generate Python protobuf helpers
[+] Generate nanopb protobuf (for wrapper decode)
[+] Generate wrapper with pin_wrapper_entry() and standalone main
[+] Compile original object (instrumented) and plain object
/home/priyatam/pin/examples/fdlibm/e_pow.c:111:7: warning: implicit declaration of function '__issignalingf' is invalid in C99 [-Wimplicit-function-declaration]
                if (issignaling(x))
                    ^
/home/priyatam/pin/examples/fdlibm/include/fdlibm.h:709:9: note: expanded from macro 'issignaling'
      ? __issignalingf (x)                                                    \
        ^
/home/priyatam/pin/examples/fdlibm/e_pow.c:111:7: warning: implicit declaration of function '__issignaling' is invalid in C99 [-Wimplicit-function-declaration]
/home/priyatam/pin/examples/fdlibm/include/fdlibm.h:711:9: note: expanded from macro 'issignaling'
      ? __issignaling (x) : __issignalingl (x))
        ^
/home/priyatam/pin/examples/fdlibm/e_pow.c:111:7: warning: implicit declaration of function '__issignalingl' is invalid in C99 [-Wimplicit-function-declaration]
/home/priyatam/pin/examples/fdlibm/include/fdlibm.h:711:29: note: expanded from macro 'issignaling'
      ? __issignaling (x) : __issignalingl (x))
                            ^
3 warnings generated.
/home/priyatam/pin/examples/fdlibm/e_pow.c:111:7: warning: implicit declaration of function '__issignalingf' is invalid in C99 [-Wimplicit-function-declaration]
                if (issignaling(x))
                    ^
/home/priyatam/pin/examples/fdlibm/include/fdlibm.h:709:9: note: expanded from macro 'issignaling'
      ? __issignalingf (x)                                                    \
        ^
/home/priyatam/pin/examples/fdlibm/e_pow.c:111:7: warning: implicit declaration of function '__issignaling' is invalid in C99 [-Wimplicit-function-declaration]
/home/priyatam/pin/examples/fdlibm/include/fdlibm.h:711:9: note: expanded from macro 'issignaling'
      ? __issignaling (x) : __issignalingl (x))
        ^
/home/priyatam/pin/examples/fdlibm/e_pow.c:111:7: warning: implicit declaration of function '__issignalingl' is invalid in C99 [-Wimplicit-function-declaration]
/home/priyatam/pin/examples/fdlibm/include/fdlibm.h:711:29: note: expanded from macro 'issignaling'
      ? __issignaling (x) : __issignalingl (x))
                            ^
3 warnings generated.
[+] Compile nanopb runtime and wrapper
[+] Compile wrapper object (no main) for fuzz_bytes
[+] Build nanopb reference replay binary
[+] Build normalized standalone runner (reads bytes file)
[+] Build libFuzzer byte harness to call pin_wrapper_entry (Stage A)
[+] Link fuzz_bytes
[+] Stage B: differential replay
[+] Stage B replay summary saved to /home/priyatam/pin/results/e_pow_diff/stage_b/replay_summary.txt (inputs=1849)
[+] Stage B detailed outputs saved to /home/priyatam/pin/results/e_pow_diff/stage_b/replay_outputs.txt
[+] Stage C: crash harvesting
[i] Stage C: no crashes to archive from /home/priyatam/pin/build/e_pow_diff/artifacts
[+] Stage C: captured corpus snapshot at /home/priyatam/pin/results/e_pow_diff/stage_c/corpus/run_20251106T215845Z
[+] Ready. Next steps:
    1) Stage A (discovery): cd /home/priyatam/pin/build/e_pow_diff && ./fuzz_bytes corpus -max_total_time=60 -use_value_profile=1
    2) Stage B (replay): add inputs under /home/priyatam/pin/build/e_pow_diff/corpus and rerun to compare normalized vs original outputs
       Replay artifacts stored under /home/priyatam/pin/results/e_pow_diff/stage_b
    3) Stage C (crash vault): review archived crashes under /home/priyatam/pin/results/e_pow_diff/stage_c
