DEBUG: Wrapper parse found struct __fsid_t with fields [('int[2]', '__val')]
DEBUG: Wrapper parse found struct __fsid_t with fields [('int[2]', '__val')]
DEBUG: Wrapper parse found struct __mbstate_t with fields [('int', '__count'), ('union (unnamed union at /usr/include/x86_64-linux-gnu/bits/types/__mbstate_t.h:16:3)', '__value')]
DEBUG: Wrapper parse found struct __mbstate_t with fields [('int', '__count'), ('union (unnamed union at /usr/include/x86_64-linux-gnu/bits/types/__mbstate_t.h:16:3)', '__value')]
DEBUG: Wrapper parse found struct _G_fpos_t with fields [('__off_t', '__pos'), ('__mbstate_t', '__state')]
DEBUG: Wrapper parse found struct _G_fpos_t with fields [('__off_t', '__pos'), ('__mbstate_t', '__state')]
DEBUG: Wrapper parse found struct _G_fpos64_t with fields [('__off64_t', '__pos'), ('__mbstate_t', '__state')]
DEBUG: Wrapper parse found struct _G_fpos64_t with fields [('__off64_t', '__pos'), ('__mbstate_t', '__state')]
DEBUG: Wrapper parse found struct _IO_FILE with fields []
DEBUG: Wrapper parse found struct _IO_FILE with fields []
DEBUG: Wrapper parse found struct _IO_FILE with fields []
DEBUG: Wrapper parse found struct _IO_marker with fields []
DEBUG: Wrapper parse found struct _IO_codecvt with fields []
DEBUG: Wrapper parse found struct _IO_wide_data with fields []
DEBUG: Wrapper parse found struct _IO_FILE with fields [('int', '_flags'), ('char *', '_IO_read_ptr'), ('char *', '_IO_read_end'), ('char *', '_IO_read_base'), ('char *', '_IO_write_base'), ('char *', '_IO_write_ptr'), ('char *', '_IO_write_end'), ('char *', '_IO_buf_base'), ('char *', '_IO_buf_end'), ('char *', '_IO_save_base'), ('char *', '_IO_backup_base'), ('char *', '_IO_save_end'), ('struct _IO_marker *', '_markers'), ('struct _IO_FILE *', '_chain'), ('int', '_fileno'), ('int', '_flags2'), ('__off_t', '_old_offset'), ('unsigned short', '_cur_column'), ('signed char', '_vtable_offset'), ('char[1]', '_shortbuf'), ('_IO_lock_t *', '_lock'), ('__off64_t', '_offset'), ('struct _IO_codecvt *', '_codecvt'), ('struct _IO_wide_data *', '_wide_data'), ('struct _IO_FILE *', '_freeres_list'), ('void *', '_freeres_buf'), ('int', '__pad5'), ('int', '_mode'), ('char', '_unused2')]
DEBUG: Wrapper parse found struct div_t with fields [('int', 'quot'), ('int', 'rem')]
DEBUG: Wrapper parse found struct div_t with fields [('int', 'quot'), ('int', 'rem')]
DEBUG: Wrapper parse found struct ldiv_t with fields [('long', 'quot'), ('long', 'rem')]
DEBUG: Wrapper parse found struct ldiv_t with fields [('long', 'quot'), ('long', 'rem')]
DEBUG: Wrapper parse found struct lldiv_t with fields [('long long', 'quot'), ('long long', 'rem')]
DEBUG: Wrapper parse found struct lldiv_t with fields [('long long', 'quot'), ('long long', 'rem')]
DEBUG: Wrapper parse found struct __sigset_t with fields [('unsigned long[16]', '__val')]
DEBUG: Wrapper parse found struct __sigset_t with fields [('unsigned long[16]', '__val')]
DEBUG: Wrapper parse found struct timeval with fields [('__time_t', 'tv_sec'), ('__suseconds_t', 'tv_usec')]
DEBUG: Wrapper parse found struct timespec with fields [('__time_t', 'tv_sec'), ('__syscall_slong_t', 'tv_nsec')]
DEBUG: Wrapper parse found struct fd_set with fields [('__fd_mask[16]', '__fds_bits')]
DEBUG: Wrapper parse found struct fd_set with fields [('__fd_mask[16]', '__fds_bits')]
DEBUG: Wrapper parse found struct AnonymousStruct1 with fields [('unsigned int', '__low'), ('unsigned int', '__high')]
DEBUG: Wrapper parse found struct AnonymousStruct2 with fields [('unsigned int', '__low'), ('unsigned int', '__high')]
DEBUG: Wrapper parse found struct AnonymousStruct3 with fields [('unsigned int', '__low'), ('unsigned int', '__high')]
DEBUG: Wrapper parse found struct AnonymousStruct4 with fields [('unsigned int', '__low'), ('unsigned int', '__high')]
DEBUG: Wrapper parse found struct __pthread_internal_list with fields [('struct __pthread_internal_list *', '__prev'), ('struct __pthread_internal_list *', '__next')]
DEBUG: Wrapper parse found struct __pthread_internal_list with fields [('struct __pthread_internal_list *', '__prev'), ('struct __pthread_internal_list *', '__next')]
DEBUG: Wrapper parse found struct __pthread_internal_slist with fields [('struct __pthread_internal_slist *', '__next')]
DEBUG: Wrapper parse found struct __pthread_internal_slist with fields [('struct __pthread_internal_slist *', '__next')]
DEBUG: Wrapper parse found struct __pthread_mutex_s with fields [('int', '__lock'), ('unsigned int', '__count'), ('int', '__owner'), ('unsigned int', '__nusers'), ('int', '__kind'), ('short', '__spins'), ('short', '__elision'), ('__pthread_list_t', '__list')]
DEBUG: Wrapper parse found struct __pthread_rwlock_arch_t with fields [('unsigned int', '__readers'), ('unsigned int', '__writers'), ('unsigned int', '__wrphase_futex'), ('unsigned int', '__writers_futex'), ('unsigned int', '__pad3'), ('unsigned int', '__pad4'), ('int', '__cur_writer'), ('int', '__shared'), ('signed char', '__rwelision'), ('unsigned char[7]', '__pad1'), ('unsigned long', '__pad2'), ('unsigned int', '__flags')]
DEBUG: Wrapper parse found struct __pthread_cond_s with fields [('__atomic_wide_counter', '__wseq'), ('__atomic_wide_counter', '__g1_start'), ('unsigned int[2]', '__g_refs'), ('unsigned int[2]', '__g_size'), ('unsigned int', '__g1_orig_size'), ('unsigned int', '__wrefs'), ('unsigned int[2]', '__g_signals')]
DEBUG: Wrapper parse found struct __once_flag with fields [('int', '__data')]
DEBUG: Wrapper parse found struct __once_flag with fields [('int', '__data')]
DEBUG: Wrapper parse found struct random_data with fields [('int32_t *', 'fptr'), ('int32_t *', 'rptr'), ('int32_t *', 'state'), ('int', 'rand_type'), ('int', 'rand_deg'), ('int', 'rand_sep'), ('int32_t *', 'end_ptr')]
DEBUG: Wrapper parse found struct drand48_data with fields [('unsigned short[3]', '__x'), ('unsigned short[3]', '__old_x'), ('unsigned short', '__c'), ('unsigned short', '__init'), ('unsigned long long', '__a')]
DEBUG: Wrapper parse found struct __locale_struct with fields [('struct __locale_data *[13]', '__locales'), ('const unsigned short *', '__ctype_b'), ('const int *', '__ctype_tolower'), ('const int *', '__ctype_toupper'), ('const char *[13]', '__names')]
DEBUG: Wrapper parse found struct __locale_data with fields []
DEBUG: Wrapper parse found struct sched_param with fields [('int', 'sched_priority')]
DEBUG: Wrapper parse found struct cpu_set_t with fields [('__cpu_mask[16]', '__bits')]
DEBUG: Wrapper parse found struct cpu_set_t with fields [('__cpu_mask[16]', '__bits')]
DEBUG: Wrapper parse found struct tm with fields [('int', 'tm_sec'), ('int', 'tm_min'), ('int', 'tm_hour'), ('int', 'tm_mday'), ('int', 'tm_mon'), ('int', 'tm_year'), ('int', 'tm_wday'), ('int', 'tm_yday'), ('int', 'tm_isdst'), ('long', 'tm_gmtoff'), ('const char *', 'tm_zone')]
DEBUG: Wrapper parse found struct itimerspec with fields [('struct timespec', 'it_interval'), ('struct timespec', 'it_value')]
DEBUG: Wrapper parse found struct sigevent with fields []
DEBUG: Wrapper parse found struct __jmp_buf_tag with fields [('__jmp_buf', '__jmpbuf'), ('int', '__mask_was_saved'), ('__sigset_t', '__saved_mask')]
DEBUG: Wrapper parse found struct _pthread_cleanup_buffer with fields [('void (*)(void *)', '__routine'), ('void *', '__arg'), ('int', '__canceltype'), ('struct _pthread_cleanup_buffer *', '__prev')]
DEBUG: Wrapper parse found struct __cancel_jmp_buf_tag with fields [('__jmp_buf', '__cancel_jmp_buf'), ('int', '__mask_was_saved')]
DEBUG: Wrapper parse found struct __pthread_unwind_buf_t with fields [('struct __cancel_jmp_buf_tag[1]', '__cancel_jmp_buf'), ('void *[4]', '__pad')]
DEBUG: Wrapper parse found struct __pthread_unwind_buf_t with fields [('struct __cancel_jmp_buf_tag[1]', '__cancel_jmp_buf'), ('void *[4]', '__pad')]
DEBUG: Wrapper parse found struct __pthread_cleanup_frame with fields [('void (*)(void *)', '__cancel_routine'), ('void *', '__cancel_arg'), ('int', '__do_it'), ('int', '__cancel_type')]
DEBUG: Wrapper parse found struct dynamic_buffer_underrun_010_s_001 with fields [('int', 'a'), ('int', 'b'), ('int', 'c')]
Generated main.c for wrapper.
Generated reference_runner.cc.
DEBUG: Wrapper parse found struct dynamic_buffer_underrun_010_s_001 with fields [('int', 'a'), ('int', 'b'), ('int', 'c')]
DEBUG: Wrapper parse found struct dynamic_buffer_underrun_011_s_001 with fields [('int', 'a'), ('int', 'b'), ('int[5]', 'buf')]
DEBUG: Wrapper parse found struct dynamic_buffer_underrun_011_s_001 with fields [('int', 'a'), ('int', 'b'), ('int[5]', 'buf')]
DEBUG: Wrapper parse found struct dynamic_buffer_underrun_s_032 with fields [('char[10]', 'arr'), ('int[10]', 'arri')]
DEBUG: Wrapper parse found struct dynamic_buffer_underrun_s_032 with fields [('char[10]', 'arr'), ('int[10]', 'arri')]
DEBUG: Wrapper parse found struct dynamic_buffer_underrun_s_038 with fields [('char[10]', 'arr'), ('int[10]', 'arri')]
DEBUG: Wrapper parse found struct dynamic_buffer_underrun_s_038 with fields [('char[10]', 'arr'), ('int[10]', 'arri')]
DEBUG: Wrapper parse found struct dynamic_buffer_underrun_s_008 with fields [('char[10]', 'arr'), ('int[10]', 'arri')]
DEBUG: Wrapper parse found struct dynamic_buffer_underrun_s_008 with fields [('char[10]', 'arr'), ('int[10]', 'arri')]
DEBUG: pointer context {}
DEBUG: pointer context {}
DEBUG: walk_decls called with 0 fields, prefix='', depth=0, parser=libclang
