[+] Generate .proto (libclang parser)
[i] Skipping C++ protobuf generation (reference decoder=nanopb)
[+] Generate Python protobuf helpers
[+] Generate nanopb protobuf (for wrapper decode)
[+] Generate wrapper with pin_wrapper_entry() and standalone main
[+] Compile original object (instrumented) and plain object
/home/priyatam/pin/examples/coreutils/chcon_process_file.c:6:1: error: unknown type name 'bool'
bool
^
/home/priyatam/pin/examples/coreutils/chcon_process_file.c:7:15: error: unknown type name 'FTS'
process_file (FTS *fts, FTSENT *ent){
              ^
/home/priyatam/pin/examples/coreutils/chcon_process_file.c:7:25: error: unknown type name 'FTSENT'
process_file (FTS *fts, FTSENT *ent){
                        ^
/home/priyatam/pin/examples/coreutils/chcon_process_file.c:11:3: error: use of undeclared identifier 'bool'
  bool ok = true;
  ^
/home/priyatam/pin/examples/coreutils/chcon_process_file.c:15:10: error: use of undeclared identifier 'FTS_D'
    case FTS_D:
         ^
/home/priyatam/pin/examples/coreutils/chcon_process_file.c:16:11: error: use of undeclared identifier 'recurse'
      if (recurse)
          ^
/home/priyatam/pin/examples/coreutils/chcon_process_file.c:18:15: warning: implicit declaration of function 'ROOT_DEV_INO_CHECK' is invalid in C99 [-Wimplicit-function-declaration]
          if (ROOT_DEV_INO_CHECK (root_dev_ino, ent->fts_statp))
              ^
/home/priyatam/pin/examples/coreutils/chcon_process_file.c:18:35: error: use of undeclared identifier 'root_dev_ino'
          if (ROOT_DEV_INO_CHECK (root_dev_ino, ent->fts_statp))
                                  ^
/home/priyatam/pin/examples/coreutils/chcon_process_file.c:22:15: warning: implicit declaration of function 'ROOT_DEV_INO_WARN' is invalid in C99 [-Wimplicit-function-declaration]
              ROOT_DEV_INO_WARN (file_full_name);
              ^
/home/priyatam/pin/examples/coreutils/chcon_process_file.c:24:15: warning: implicit declaration of function 'fts_set' is invalid in C99 [-Wimplicit-function-declaration]
              fts_set (fts, ent, FTS_SKIP);
              ^
/home/priyatam/pin/examples/coreutils/chcon_process_file.c:24:34: error: use of undeclared identifier 'FTS_SKIP'
              fts_set (fts, ent, FTS_SKIP);
                                 ^
/home/priyatam/pin/examples/coreutils/chcon_process_file.c:26:15: warning: implicit declaration of function 'ignore_value' is invalid in C99 [-Wimplicit-function-declaration]
              ignore_value (fts_read (fts));
              ^
/home/priyatam/pin/examples/coreutils/chcon_process_file.c:26:29: warning: implicit declaration of function 'fts_read' is invalid in C99 [-Wimplicit-function-declaration]
              ignore_value (fts_read (fts));
                            ^
/home/priyatam/pin/examples/coreutils/chcon_process_file.c:27:22: error: use of undeclared identifier 'false'
              return false;
                     ^
/home/priyatam/pin/examples/coreutils/chcon_process_file.c:29:18: error: use of undeclared identifier 'true'
          return true;
                 ^
/home/priyatam/pin/examples/coreutils/chcon_process_file.c:33:10: error: use of undeclared identifier 'FTS_DP'
    case FTS_DP:
         ^
/home/priyatam/pin/examples/coreutils/chcon_process_file.c:34:13: error: use of undeclared identifier 'recurse'
      if (! recurse)
            ^
/home/priyatam/pin/examples/coreutils/chcon_process_file.c:35:16: error: use of undeclared identifier 'true'
        return true;
               ^
/home/priyatam/pin/examples/coreutils/chcon_process_file.c:38:10: error: use of undeclared identifier 'FTS_NS'
    case FTS_NS:
         ^
/home/priyatam/pin/examples/coreutils/chcon_process_file.c:49:11: warning: implicit declaration of function 'fts_set' is invalid in C99 [-Wimplicit-function-declaration]
          fts_set (fts, ent, FTS_AGAIN);
          ^
/home/priyatam/pin/examples/coreutils/chcon_process_file.c:49:30: error: use of undeclared identifier 'FTS_AGAIN'
          fts_set (fts, ent, FTS_AGAIN);
                             ^
/home/priyatam/pin/examples/coreutils/chcon_process_file.c:50:18: error: use of undeclared identifier 'true'
          return true;
                 ^
/home/priyatam/pin/examples/coreutils/chcon_process_file.c:52:7: warning: implicit declaration of function 'error' is invalid in C99 [-Wimplicit-function-declaration]
      error (0, ent->fts_errno, _("cannot access %s"),
      ^
/home/priyatam/pin/examples/coreutils/chcon_process_file.c:52:33: warning: implicit declaration of function '_' is invalid in C99 [-Wimplicit-function-declaration]
      error (0, ent->fts_errno, _("cannot access %s"),
                                ^
/home/priyatam/pin/examples/coreutils/chcon_process_file.c:53:14: warning: implicit declaration of function 'quoteaf' is invalid in C99 [-Wimplicit-function-declaration]
             quoteaf (file_full_name));
             ^
/home/priyatam/pin/examples/coreutils/chcon_process_file.c:54:7: error: use of undeclared identifier 'ok'
      ok = false;
      ^
/home/priyatam/pin/examples/coreutils/chcon_process_file.c:54:12: error: use of undeclared identifier 'false'
      ok = false;
           ^
/home/priyatam/pin/examples/coreutils/chcon_process_file.c:57:10: error: use of undeclared identifier 'FTS_ERR'
    case FTS_ERR:
         ^
/home/priyatam/pin/examples/coreutils/chcon_process_file.c:58:39: warning: implicit declaration of function 'quotef' is invalid in C99 [-Wimplicit-function-declaration]
      error (0, ent->fts_errno, "%s", quotef (file_full_name));
                                      ^
fatal error: too many errors emitted, stopping now [-ferror-limit=]
10 warnings and 20 errors generated.
[-] Failed compiling original
