DEBUG: Starting main with file /home/priyatam/pin/examples/pointers/const_pointer_example.c, func calculate_distance, parser libclang, headers 
DEBUG: Parsing file /home/priyatam/pin/examples/pointers/const_pointer_example.c with libclang
DEBUG: Libclang args: []
DEBUG: Scanning for function calculate_distance
DEBUG: Found target function calculate_distance
DEBUG: Function has 2 arguments
DEBUG: Param type: const struct Point *
DEBUG: Added referenced struct Point
DEBUG: Param type: const struct Point *
DEBUG: Added referenced struct Point
DEBUG: Collecting structs from /home/priyatam/pin/examples/pointers/const_pointer_example.c
DEBUG: Found struct Point in /home/priyatam/pin/examples/pointers/const_pointer_example.c
DEBUG: Added struct Point with fields [('double', 'x'), ('double', 'y')]
DEBUG: Function calculate_distance params: [('const struct Point *', 'p1'), ('const struct Point *', 'p2')]
DEBUG: Recorded pointer metadata for param calculate_distance.p1: PointerMetadata(depth=1, base_type='struct Point', qualifiers=['const'], kind='struct_ptr', proto_hint='PointPtr', raw='const struct Point *', clean_base='Point', wrapper_name='PointPtr', length_param=None, length_type=None, length_proto=None, typedef_target=None, include_header=None, external=False)
DEBUG: Recorded pointer metadata for param calculate_distance.p2: PointerMetadata(depth=1, base_type='struct Point', qualifiers=['const'], kind='struct_ptr', proto_hint='PointPtr', raw='const struct Point *', clean_base='Point', wrapper_name='PointPtr', length_param=None, length_type=None, length_proto=None, typedef_target=None, include_header=None, external=False)
DEBUG: CLI main function detected: False
DEBUG: Primary input struct from libclang params: Point
DEBUG: Mapping type for decl: ('double', 'x')
DEBUG: Mapping type for decl: ('double', 'y')
DEBUG: Added Input wrapper for Point
DEBUG: Mapping type for decl: ('const struct Point *', 'p1')
DEBUG: Mapping type for decl: ('const struct Point *', 'p2')
Wrote proto to input.proto:

syntax = "proto3";

message PointPtr {
  bool present = 1;
  Point value = 2;
}

message Input {
  PointPtr p1 = 1;
  PointPtr p2 = 2;
}

message Point {
  double x = 1;
  double y = 2;
}

