[+] Generate .proto (libclang parser)
[i] Skipping C++ protobuf generation (reference decoder=nanopb)
[+] Generate Python protobuf helpers
[+] Generate nanopb protobuf (for wrapper decode)
[+] Generate wrapper with pin_wrapper_entry() and standalone main
[+] Compile original object (instrumented) and plain object
[+] Compile nanopb runtime and wrapper
[+] Compile wrapper object (no main) for fuzz_bytes
main.c:49:35: error: use of undeclared identifier 'value'
        ctx->data[ctx->count++] = value;
                                  ^
main.c:55:30: warning: declaration of 'struct mg_connection' will not be visible outside of this function [-Wvisibility]
extern int mg_ws_send(struct mg_connection * c, const void * buf, size_t len, int op);
                             ^
main.c:73:5: error: use of undeclared identifier 'mg_connection'
    mg_connection c_storage = {0};
    ^
main.c:74:61: error: use of undeclared identifier 'c_storage'
    struct mg_connection * c_ptr = (struct mg_connection *)&c_storage;
                                                            ^
main.c:75:17: error: no member named 'present' in 'struct pb_callback_s'
    if (input.c.present) {
        ~~~~~~~ ^
main.c:76:9: error: use of undeclared identifier 'c_storage'
        c_storage = input.c.value;
        ^
main.c:76:29: error: no member named 'value' in 'struct pb_callback_s'
        c_storage = input.c.value;
                    ~~~~~~~ ^
main.c:104:16: warning: incompatible pointer types passing 'struct mg_connection *' to parameter of type 'struct mg_connection *' [-Wincompatible-pointer-types]
    mg_ws_send(c_ptr, buf_ptr, (size_t)buf_len, input.op);
               ^~~~~
main.c:55:46: note: passing argument to parameter 'c' here
extern int mg_ws_send(struct mg_connection * c, const void * buf, size_t len, int op);
                                             ^
2 warnings and 6 errors generated.
