DEBUG: Starting main with file /workspace/examples/multi_mode_pair.c, func compare_modes, parser libclang, headers 
DEBUG: Parsing file /workspace/examples/multi_mode_pair.c with libclang
DEBUG: Libclang args: []
DEBUG: Scanning for function compare_modes
DEBUG: Found target function compare_modes
DEBUG: Function has 2 arguments
DEBUG: Param type: const char *
DEBUG: Param type: const char *
DEBUG: Found called function puts
DEBUG: Found called function printf
DEBUG: Found called function puts
DEBUG: Found called function puts
DEBUG: Found called function strcmp
DEBUG: Found called function puts
DEBUG: Collecting structs from /workspace/examples/multi_mode_pair.c
DEBUG: Skipped struct  from /usr/include/aarch64-linux-gnu/bits/types.h (not in main file or headers dir)
DEBUG: Skipped struct  from /usr/include/aarch64-linux-gnu/bits/types.h (not in main file or headers dir)
DEBUG: Skipped struct  from /usr/include/aarch64-linux-gnu/bits/types/__mbstate_t.h (not in main file or headers dir)
DEBUG: Skipped struct  from /usr/include/aarch64-linux-gnu/bits/types/__mbstate_t.h (not in main file or headers dir)
DEBUG: Skipped struct _G_fpos_t from /usr/include/aarch64-linux-gnu/bits/types/__fpos_t.h (not in main file or headers dir)
DEBUG: Skipped struct _G_fpos_t from /usr/include/aarch64-linux-gnu/bits/types/__fpos_t.h (not in main file or headers dir)
DEBUG: Skipped struct _G_fpos64_t from /usr/include/aarch64-linux-gnu/bits/types/__fpos64_t.h (not in main file or headers dir)
DEBUG: Skipped struct _G_fpos64_t from /usr/include/aarch64-linux-gnu/bits/types/__fpos64_t.h (not in main file or headers dir)
DEBUG: Skipped struct _IO_FILE from /usr/include/aarch64-linux-gnu/bits/types/__FILE.h (not in main file or headers dir)
DEBUG: Skipped struct _IO_FILE from /usr/include/aarch64-linux-gnu/bits/types/FILE.h (not in main file or headers dir)
DEBUG: Skipped struct _IO_FILE from /usr/include/aarch64-linux-gnu/bits/types/struct_FILE.h (not in main file or headers dir)
DEBUG: Skipped struct _IO_marker from /usr/include/aarch64-linux-gnu/bits/types/struct_FILE.h (not in main file or headers dir)
DEBUG: Skipped struct _IO_codecvt from /usr/include/aarch64-linux-gnu/bits/types/struct_FILE.h (not in main file or headers dir)
DEBUG: Skipped struct _IO_wide_data from /usr/include/aarch64-linux-gnu/bits/types/struct_FILE.h (not in main file or headers dir)
DEBUG: Skipped struct _IO_FILE from /usr/include/aarch64-linux-gnu/bits/types/struct_FILE.h (not in main file or headers dir)
DEBUG: Skipped struct __locale_struct from /usr/include/aarch64-linux-gnu/bits/types/__locale_t.h (not in main file or headers dir)
DEBUG: Skipped struct __locale_data from /usr/include/aarch64-linux-gnu/bits/types/__locale_t.h (not in main file or headers dir)
DEBUG: Function compare_modes params: [('const char *', 'primary'), ('const char *', 'secondary')]
DEBUG: CLI main function detected: False
DEBUG: Mapping type for decl: ('const char *', 'primary')
DEBUG: Mapping type for decl: ('const char *', 'secondary')
DEBUG: Using function params for Input: [('string', 'primary'), ('string', 'secondary')]
Wrote proto to input.proto:

syntax = "proto3";

message Input {
  string primary = 1;
  string secondary = 2;
}

