DEBUG: Starting main with file /home/priyatam/pin/examples/pointers/struct_pointer_example.c, func read_sensor_value, parser libclang, headers 
DEBUG: Parsing file /home/priyatam/pin/examples/pointers/struct_pointer_example.c with libclang
DEBUG: Libclang args: []
DEBUG: Scanning for function read_sensor_value
DEBUG: Found target function read_sensor_value
DEBUG: Function has 1 arguments
DEBUG: Param type: const struct Sensor *
DEBUG: Added referenced struct Sensor
DEBUG: Collecting structs from /home/priyatam/pin/examples/pointers/struct_pointer_example.c
DEBUG: Found struct Sensor in /home/priyatam/pin/examples/pointers/struct_pointer_example.c
DEBUG: Added struct Sensor with fields [('int32', 'id'), ('double', 'reading')]
DEBUG: Function read_sensor_value params: [('const struct Sensor *', 'sensor')]
DEBUG: Recorded pointer metadata for param read_sensor_value.sensor: PointerMetadata(depth=1, base_type='struct Sensor', qualifiers=['const'], kind='struct_ptr', proto_hint='SensorPtr', raw='const struct Sensor *', clean_base='Sensor', wrapper_name='SensorPtr', length_param=None, length_type=None, length_proto=None, typedef_target=None, include_header=None, external=False)
DEBUG: CLI main function detected: False
DEBUG: Primary input struct from libclang params: Sensor
DEBUG: Mapping type for decl: ('int32', 'id')
DEBUG: Mapping type for decl: ('double', 'reading')
DEBUG: Added Input wrapper for Sensor
DEBUG: Mapping type for decl: ('const struct Sensor *', 'sensor')
Wrote proto to input.proto:

syntax = "proto3";

message SensorPtr {
  bool present = 1;
  Sensor value = 2;
}

message Input {
  SensorPtr sensor = 1;
}

message Sensor {
  int32 id = 1;
  double reading = 2;
}

