[+] Generate .proto (libclang parser)
[i] Skipping C++ protobuf generation (reference decoder=nanopb)
[+] Generate Python protobuf helpers
[+] Generate nanopb protobuf (for wrapper decode)
[+] Generate wrapper with pin_wrapper_entry() and standalone main
[+] Compile original object (instrumented) and plain object
/home/priyatam/pin/examples/itc-benchmarks/01.w_Defects/invalid_memory_access.c:33:17: warning: pointer/integer type mismatch in conditional expression ('int *' and 'int') [-Wconditional-type-mismatch]
    (flag == 10)? (ptr= (int*) malloc(10*sizeof(int))) : ( a= 5);
                ^ ~~~~~~~~~~~~~~~~~~~~~~~~~~~~~~~~~~~~   ~~~~~~~
1 warning generated.
/home/priyatam/pin/examples/itc-benchmarks/01.w_Defects/invalid_memory_access.c:33:17: warning: pointer/integer type mismatch in conditional expression ('int *' and 'int') [-Wconditional-type-mismatch]
    (flag == 10)? (ptr= (int*) malloc(10*sizeof(int))) : ( a= 5);
                ^ ~~~~~~~~~~~~~~~~~~~~~~~~~~~~~~~~~~~~   ~~~~~~~
1 warning generated.
[+] Compile extra sources (1)
[+] Compile nanopb runtime and wrapper
[+] Compile wrapper object (no main) for fuzz_bytes
[+] Build nanopb reference replay binary
[+] Build normalized standalone runner (reads bytes file)
[+] Build libFuzzer byte harness to call pin_wrapper_entry (Stage A)
[+] Link fuzz_bytes
[+] Stage B: differential replay
[i] Stage B: no inputs in /home/priyatam/pin/build/invalid_memory_access_diff/corpus
[+] Ready. Next steps:
    1) Stage A (discovery): cd /home/priyatam/pin/build/invalid_memory_access_diff && ./fuzz_bytes corpus -max_total_time=60 -use_value_profile=1
    2) Stage B (replay): add inputs under /home/priyatam/pin/build/invalid_memory_access_diff/corpus and rerun to compare normalized vs original outputs
       Replay artifacts stored under /home/priyatam/pin/results/invalid_memory_access_diff/stage_b
