[+] Generate .proto (libclang parser)
[i] Skipping C++ protobuf generation (reference decoder=nanopb)
[+] Generate Python protobuf helpers
[+] Generate nanopb protobuf (for wrapper decode)
[+] Generate wrapper with pin_wrapper_entry() and standalone main
[+] Compile original object (instrumented) and plain object
/home/priyatam/pin/examples/itc-benchmarks/01.w_Defects/zero_division.c:22:17: warning: division by zero is undefined [-Wdivision-by-zero]
        ret = dividend / 0;/*Tool should detect this line as error*/ /* ERROR:division by zero */
                       ^ ~
/home/priyatam/pin/examples/itc-benchmarks/01.w_Defects/zero_division.c:33:11: warning: division by zero is undefined [-Wdivision-by-zero]
        dividend /= 0;/*Tool should detect this line as error*/ /* ERROR:division by zero */
                 ^  ~
/home/priyatam/pin/examples/itc-benchmarks/01.w_Defects/zero_division.c:46:17: warning: remainder by zero is undefined [-Wdivision-by-zero]
        ret = dividend % 0;/*Tool should detect this line as error*/ /* ERROR:division by zero */
                       ^ ~
3 warnings generated.
/home/priyatam/pin/examples/itc-benchmarks/01.w_Defects/zero_division.c:22:17: warning: division by zero is undefined [-Wdivision-by-zero]
        ret = dividend / 0;/*Tool should detect this line as error*/ /* ERROR:division by zero */
                       ^ ~
/home/priyatam/pin/examples/itc-benchmarks/01.w_Defects/zero_division.c:33:11: warning: division by zero is undefined [-Wdivision-by-zero]
        dividend /= 0;/*Tool should detect this line as error*/ /* ERROR:division by zero */
                 ^  ~
/home/priyatam/pin/examples/itc-benchmarks/01.w_Defects/zero_division.c:46:17: warning: remainder by zero is undefined [-Wdivision-by-zero]
        ret = dividend % 0;/*Tool should detect this line as error*/ /* ERROR:division by zero */
                       ^ ~
3 warnings generated.
[+] Compile extra sources (1)
[+] Compile nanopb runtime and wrapper
[+] Compile wrapper object (no main) for fuzz_bytes
[+] Build nanopb reference replay binary
[+] Build normalized standalone runner (reads bytes file)
[+] Build libFuzzer byte harness to call pin_wrapper_entry (Stage A)
[+] Link fuzz_bytes
[+] Stage B: differential replay
[i] Stage B: no inputs in /home/priyatam/pin/build/zero_division_diff/corpus
[+] Ready. Next steps:
    1) Stage A (discovery): cd /home/priyatam/pin/build/zero_division_diff && ./fuzz_bytes corpus -max_total_time=60 -use_value_profile=1
    2) Stage B (replay): add inputs under /home/priyatam/pin/build/zero_division_diff/corpus and rerun to compare normalized vs original outputs
       Replay artifacts stored under /home/priyatam/pin/results/zero_division_diff/stage_b
