[+] Generate .proto (libclang parser)
[i] Skipping C++ protobuf generation (reference decoder=nanopb)
[+] Generate Python protobuf helpers
[+] Generate nanopb protobuf (for wrapper decode)
[+] Generate wrapper with pin_wrapper_entry() and standalone main
[+] Compile original object (instrumented) and plain object
/home/priyatam/pin/examples/itc-benchmarks/01.w_Defects/bit_shift.c:21:10: warning: shift count >= width of type [-Wshift-count-overflow]
        ret = a << 32;/*Tool should detect this line as error*/ /*ERROR:Bit shift error*/
                ^  ~~
/home/priyatam/pin/examples/itc-benchmarks/01.w_Defects/bit_shift.c:45:10: warning: shift count >= width of type [-Wshift-count-overflow]
        ret = a << 32;/*Tool should detect this line as error*/ /*ERROR:Bit shift error*/
                ^  ~~
/home/priyatam/pin/examples/itc-benchmarks/01.w_Defects/bit_shift.c:69:10: warning: shift count is negative [-Wshift-count-negative]
        ret = a << -1;/*Tool should detect this line as error*/ /*ERROR:Bit shift error*/
                ^  ~~
/home/priyatam/pin/examples/itc-benchmarks/01.w_Defects/bit_shift.c:81:10: warning: shift count >= width of type [-Wshift-count-overflow]
        ret = a >> 32;/*Tool should detect this line as error*/ /*ERROR:Bit shift error*/
                ^  ~~
/home/priyatam/pin/examples/itc-benchmarks/01.w_Defects/bit_shift.c:93:10: warning: shift count is negative [-Wshift-count-negative]
        ret = a >> -1;/*Tool should detect this line as error*/ /*ERROR:Bit shift error*/
                ^  ~~
/home/priyatam/pin/examples/itc-benchmarks/01.w_Defects/bit_shift.c:236:10: warning: shift count >= width of type [-Wshift-count-overflow]
        ret = 1 << 32;/*Tool should detect this line as error*/ /*ERROR:Bit shift error*/
                ^  ~~
6 warnings generated.
/home/priyatam/pin/examples/itc-benchmarks/01.w_Defects/bit_shift.c:21:10: warning: shift count >= width of type [-Wshift-count-overflow]
        ret = a << 32;/*Tool should detect this line as error*/ /*ERROR:Bit shift error*/
                ^  ~~
/home/priyatam/pin/examples/itc-benchmarks/01.w_Defects/bit_shift.c:45:10: warning: shift count >= width of type [-Wshift-count-overflow]
        ret = a << 32;/*Tool should detect this line as error*/ /*ERROR:Bit shift error*/
                ^  ~~
/home/priyatam/pin/examples/itc-benchmarks/01.w_Defects/bit_shift.c:69:10: warning: shift count is negative [-Wshift-count-negative]
        ret = a << -1;/*Tool should detect this line as error*/ /*ERROR:Bit shift error*/
                ^  ~~
/home/priyatam/pin/examples/itc-benchmarks/01.w_Defects/bit_shift.c:81:10: warning: shift count >= width of type [-Wshift-count-overflow]
        ret = a >> 32;/*Tool should detect this line as error*/ /*ERROR:Bit shift error*/
                ^  ~~
/home/priyatam/pin/examples/itc-benchmarks/01.w_Defects/bit_shift.c:93:10: warning: shift count is negative [-Wshift-count-negative]
        ret = a >> -1;/*Tool should detect this line as error*/ /*ERROR:Bit shift error*/
                ^  ~~
/home/priyatam/pin/examples/itc-benchmarks/01.w_Defects/bit_shift.c:236:10: warning: shift count >= width of type [-Wshift-count-overflow]
        ret = 1 << 32;/*Tool should detect this line as error*/ /*ERROR:Bit shift error*/
                ^  ~~
6 warnings generated.
[+] Compile extra sources (1)
[+] Compile nanopb runtime and wrapper
[+] Compile wrapper object (no main) for fuzz_bytes
[+] Build nanopb reference replay binary
[+] Build normalized standalone runner (reads bytes file)
[+] Build libFuzzer byte harness to call pin_wrapper_entry (Stage A)
[+] Link fuzz_bytes
[+] Stage B: differential replay
[i] Stage B: no inputs in /home/priyatam/pin/build/bit_shift_diff/corpus
[+] Ready. Next steps:
    1) Stage A (discovery): cd /home/priyatam/pin/build/bit_shift_diff && ./fuzz_bytes corpus -max_total_time=60 -use_value_profile=1
    2) Stage B (replay): add inputs under /home/priyatam/pin/build/bit_shift_diff/corpus and rerun to compare normalized vs original outputs
       Replay artifacts stored under /home/priyatam/pin/results/bit_shift_diff/stage_b
