[+] Generate .proto (libclang parser)
[i] Skipping C++ protobuf generation (reference decoder=nanopb)
[+] Generate Python protobuf helpers
[+] Generate nanopb protobuf (for wrapper decode)
[+] Generate wrapper with pin_wrapper_entry() and standalone main
[+] Compile original object (instrumented) and plain object
/home/priyatam/pin/examples/itc-benchmarks/01.w_Defects/not_return.c:24:1: warning: non-void function does not return a value in all control paths [-Wreturn-type]
} /*Tool should detect this line as error*/ /*ERROR: No return value */
^
/home/priyatam/pin/examples/itc-benchmarks/01.w_Defects/not_return.c:50:1: warning: non-void function does not return a value in all control paths [-Wreturn-type]
}/*Tool should detect this line as error*/ /*ERROR: No return value */
^
/home/priyatam/pin/examples/itc-benchmarks/01.w_Defects/not_return.c:76:1: warning: non-void function does not return a value in all control paths [-Wreturn-type]
}/*Tool should detect this line as error*/ /*ERROR: No return value */
^
/home/priyatam/pin/examples/itc-benchmarks/01.w_Defects/not_return.c:99:1: warning: non-void function does not return a value in all control paths [-Wreturn-type]
}/*Tool should detect this line as error*/ /*ERROR: No return value */
^
4 warnings generated.
/home/priyatam/pin/examples/itc-benchmarks/01.w_Defects/not_return.c:24:1: warning: non-void function does not return a value in all control paths [-Wreturn-type]
} /*Tool should detect this line as error*/ /*ERROR: No return value */
^
/home/priyatam/pin/examples/itc-benchmarks/01.w_Defects/not_return.c:50:1: warning: non-void function does not return a value in all control paths [-Wreturn-type]
}/*Tool should detect this line as error*/ /*ERROR: No return value */
^
/home/priyatam/pin/examples/itc-benchmarks/01.w_Defects/not_return.c:76:1: warning: non-void function does not return a value in all control paths [-Wreturn-type]
}/*Tool should detect this line as error*/ /*ERROR: No return value */
^
/home/priyatam/pin/examples/itc-benchmarks/01.w_Defects/not_return.c:99:1: warning: non-void function does not return a value in all control paths [-Wreturn-type]
}/*Tool should detect this line as error*/ /*ERROR: No return value */
^
4 warnings generated.
[+] Compile extra sources (1)
[+] Compile nanopb runtime and wrapper
[+] Compile wrapper object (no main) for fuzz_bytes
[+] Build nanopb reference replay binary
[+] Build normalized standalone runner (reads bytes file)
[+] Build libFuzzer byte harness to call pin_wrapper_entry (Stage A)
[+] Link fuzz_bytes
[+] Stage B: differential replay
[i] Stage B: no inputs in /home/priyatam/pin/build/not_return_diff/corpus
[+] Ready. Next steps:
    1) Stage A (discovery): cd /home/priyatam/pin/build/not_return_diff && ./fuzz_bytes corpus -max_total_time=60 -use_value_profile=1
    2) Stage B (replay): add inputs under /home/priyatam/pin/build/not_return_diff/corpus and rerun to compare normalized vs original outputs
       Replay artifacts stored under /home/priyatam/pin/results/not_return_diff/stage_b
