[+] Generate .proto (libclang parser)
[i] Skipping C++ protobuf generation (reference decoder=nanopb)
[+] Generate Python protobuf helpers
[+] Generate nanopb protobuf (for wrapper decode)
[+] Generate wrapper with pin_wrapper_entry() and standalone main
[+] Compile original object (instrumented) and plain object
/home/priyatam/pin/examples/itc-benchmarks/01.w_Defects/cmp_funcadr.c:26:6: warning: comparison of function 'cmp_funcadr_001_func_001' equal to a null pointer is always false [-Wtautological-pointer-compare]
        if (cmp_funcadr_001_func_001 == NULL) /*Tool should detect this line as error*/ /*ERROR:compare function address with NULL*/
            ^~~~~~~~~~~~~~~~~~~~~~~~    ~~~~
/home/priyatam/pin/examples/itc-benchmarks/01.w_Defects/cmp_funcadr.c:26:6: note: prefix with the address-of operator to silence this warning
        if (cmp_funcadr_001_func_001 == NULL) /*Tool should detect this line as error*/ /*ERROR:compare function address with NULL*/
            ^
            &
/home/priyatam/pin/examples/itc-benchmarks/01.w_Defects/cmp_funcadr.c:26:6: note: suffix with parentheses to turn this into a function call
        if (cmp_funcadr_001_func_001 == NULL) /*Tool should detect this line as error*/ /*ERROR:compare function address with NULL*/
            ^
                                    ()
/home/priyatam/pin/examples/itc-benchmarks/01.w_Defects/cmp_funcadr.c:48:6: warning: comparison of function 'cmp_funcadr_002_func_001' equal to a null pointer is always false [-Wtautological-pointer-compare]
        if (cmp_funcadr_002_func_001 == NULL)/*Tool should detect this line as error*/ /*ERROR:compare function address with NULL*/
            ^~~~~~~~~~~~~~~~~~~~~~~~    ~~~~
/home/priyatam/pin/examples/itc-benchmarks/01.w_Defects/cmp_funcadr.c:48:6: note: prefix with the address-of operator to silence this warning
        if (cmp_funcadr_002_func_001 == NULL)/*Tool should detect this line as error*/ /*ERROR:compare function address with NULL*/
            ^
            &
/home/priyatam/pin/examples/itc-benchmarks/01.w_Defects/cmp_funcadr.c:48:6: note: suffix with parentheses to turn this into a function call
        if (cmp_funcadr_002_func_001 == NULL)/*Tool should detect this line as error*/ /*ERROR:compare function address with NULL*/
            ^
                                    ()
2 warnings generated.
/home/priyatam/pin/examples/itc-benchmarks/01.w_Defects/cmp_funcadr.c:26:6: warning: comparison of function 'cmp_funcadr_001_func_001' equal to a null pointer is always false [-Wtautological-pointer-compare]
        if (cmp_funcadr_001_func_001 == NULL) /*Tool should detect this line as error*/ /*ERROR:compare function address with NULL*/
            ^~~~~~~~~~~~~~~~~~~~~~~~    ~~~~
/home/priyatam/pin/examples/itc-benchmarks/01.w_Defects/cmp_funcadr.c:26:6: note: prefix with the address-of operator to silence this warning
        if (cmp_funcadr_001_func_001 == NULL) /*Tool should detect this line as error*/ /*ERROR:compare function address with NULL*/
            ^
            &
/home/priyatam/pin/examples/itc-benchmarks/01.w_Defects/cmp_funcadr.c:26:6: note: suffix with parentheses to turn this into a function call
        if (cmp_funcadr_001_func_001 == NULL) /*Tool should detect this line as error*/ /*ERROR:compare function address with NULL*/
            ^
                                    ()
/home/priyatam/pin/examples/itc-benchmarks/01.w_Defects/cmp_funcadr.c:48:6: warning: comparison of function 'cmp_funcadr_002_func_001' equal to a null pointer is always false [-Wtautological-pointer-compare]
        if (cmp_funcadr_002_func_001 == NULL)/*Tool should detect this line as error*/ /*ERROR:compare function address with NULL*/
            ^~~~~~~~~~~~~~~~~~~~~~~~    ~~~~
/home/priyatam/pin/examples/itc-benchmarks/01.w_Defects/cmp_funcadr.c:48:6: note: prefix with the address-of operator to silence this warning
        if (cmp_funcadr_002_func_001 == NULL)/*Tool should detect this line as error*/ /*ERROR:compare function address with NULL*/
            ^
            &
/home/priyatam/pin/examples/itc-benchmarks/01.w_Defects/cmp_funcadr.c:48:6: note: suffix with parentheses to turn this into a function call
        if (cmp_funcadr_002_func_001 == NULL)/*Tool should detect this line as error*/ /*ERROR:compare function address with NULL*/
            ^
                                    ()
2 warnings generated.
[+] Compile extra sources (1)
[+] Compile nanopb runtime and wrapper
[+] Compile wrapper object (no main) for fuzz_bytes
[+] Build nanopb reference replay binary
[+] Build normalized standalone runner (reads bytes file)
[+] Build libFuzzer byte harness to call pin_wrapper_entry (Stage A)
[+] Link fuzz_bytes
[+] Stage B: differential replay
[i] Stage B: no inputs in /home/priyatam/pin/build/cmp_funcadr_diff/corpus
[+] Ready. Next steps:
    1) Stage A (discovery): cd /home/priyatam/pin/build/cmp_funcadr_diff && ./fuzz_bytes corpus -max_total_time=60 -use_value_profile=1
    2) Stage B (replay): add inputs under /home/priyatam/pin/build/cmp_funcadr_diff/corpus and rerun to compare normalized vs original outputs
       Replay artifacts stored under /home/priyatam/pin/results/cmp_funcadr_diff/stage_b
