[+] Generate .proto (libclang parser)
[i] Skipping C++ protobuf generation (reference decoder=nanopb)
[+] Generate Python protobuf helpers
[+] Generate nanopb protobuf (for wrapper decode)
[+] Generate wrapper with pin_wrapper_entry() and standalone main
[+] Compile original object (instrumented) and plain object
/home/priyatam/pin/examples/itc-benchmarks/02.wo_Defects/pow_related_errors.c:26:15: warning: result of '10^2' is 8; did you mean '1e2'? [-Wxor-used-as-pow]
        double num=10^2;
                   ~~^~
                   1e2
/home/priyatam/pin/examples/itc-benchmarks/02.wo_Defects/pow_related_errors.c:26:15: note: replace expression with '0xA ^ 2' to silence this warning
/home/priyatam/pin/examples/itc-benchmarks/02.wo_Defects/pow_related_errors.c:27:20: warning: result of '10^2' is 8; did you mean '1e2'? [-Wxor-used-as-pow]
        double exponent=10^2;
                        ~~^~
                        1e2
/home/priyatam/pin/examples/itc-benchmarks/02.wo_Defects/pow_related_errors.c:27:20: note: replace expression with '0xA ^ 2' to silence this warning
/home/priyatam/pin/examples/itc-benchmarks/02.wo_Defects/pow_related_errors.c:56:30: warning: result of '10^3' is 9; did you mean '1e3'? [-Wxor-used-as-pow]
        double arr[]={2.0,1.2,3.9,10^3,4.0};
                                  ~~^~
                                  1e3
/home/priyatam/pin/examples/itc-benchmarks/02.wo_Defects/pow_related_errors.c:56:30: note: replace expression with '0xA ^ 3' to silence this warning
/home/priyatam/pin/examples/itc-benchmarks/02.wo_Defects/pow_related_errors.c:75:30: warning: result of '10^3' is 9; did you mean '1e3'? [-Wxor-used-as-pow]
        double arr[]={2.0,1.2,3.9,10^3,4.0};
                                  ~~^~
                                  1e3
/home/priyatam/pin/examples/itc-benchmarks/02.wo_Defects/pow_related_errors.c:75:30: note: replace expression with '0xA ^ 3' to silence this warning
/home/priyatam/pin/examples/itc-benchmarks/02.wo_Defects/pow_related_errors.c:97:30: warning: result of '10^3' is 9; did you mean '1e3'? [-Wxor-used-as-pow]
        double arr[]={2.0,1.2,3.9,10^3,4.0};
                                  ~~^~
                                  1e3
/home/priyatam/pin/examples/itc-benchmarks/02.wo_Defects/pow_related_errors.c:97:30: note: replace expression with '0xA ^ 3' to silence this warning
/home/priyatam/pin/examples/itc-benchmarks/02.wo_Defects/pow_related_errors.c:119:11: warning: result of '10^3' is 9; did you mean '1e3'? [-Wxor-used-as-pow]
        return 10^3;
               ~~^~
               1e3
/home/priyatam/pin/examples/itc-benchmarks/02.wo_Defects/pow_related_errors.c:119:11: note: replace expression with '0xA ^ 3' to silence this warning
/home/priyatam/pin/examples/itc-benchmarks/02.wo_Defects/pow_related_errors.c:283:16: warning: result of '10^3' is 9; did you mean '1e3'? [-Wxor-used-as-pow]
        double base=10^3;
                    ~~^~
                    1e3
/home/priyatam/pin/examples/itc-benchmarks/02.wo_Defects/pow_related_errors.c:283:16: note: replace expression with '0xA ^ 3' to silence this warning
/home/priyatam/pin/examples/itc-benchmarks/02.wo_Defects/pow_related_errors.c:298:16: warning: result of '10^3' is 9; did you mean '1e3'? [-Wxor-used-as-pow]
        double base=10^3;
                    ~~^~
                    1e3
/home/priyatam/pin/examples/itc-benchmarks/02.wo_Defects/pow_related_errors.c:298:16: note: replace expression with '0xA ^ 3' to silence this warning
/home/priyatam/pin/examples/itc-benchmarks/02.wo_Defects/pow_related_errors.c:418:16: warning: result of '10^3' is 9; did you mean '1e3'? [-Wxor-used-as-pow]
        double base=10^3;
                    ~~^~
                    1e3
/home/priyatam/pin/examples/itc-benchmarks/02.wo_Defects/pow_related_errors.c:418:16: note: replace expression with '0xA ^ 3' to silence this warning
/home/priyatam/pin/examples/itc-benchmarks/02.wo_Defects/pow_related_errors.c:433:16: warning: result of '10^12' is 6; did you mean '1e12'? [-Wxor-used-as-pow]
        double base=10^12;
                    ~~^~~
                    1e12
/home/priyatam/pin/examples/itc-benchmarks/02.wo_Defects/pow_related_errors.c:433:16: note: replace expression with '0xA ^ 12' to silence this warning
10 warnings generated.
/home/priyatam/pin/examples/itc-benchmarks/02.wo_Defects/pow_related_errors.c:26:15: warning: result of '10^2' is 8; did you mean '1e2'? [-Wxor-used-as-pow]
        double num=10^2;
                   ~~^~
                   1e2
/home/priyatam/pin/examples/itc-benchmarks/02.wo_Defects/pow_related_errors.c:26:15: note: replace expression with '0xA ^ 2' to silence this warning
/home/priyatam/pin/examples/itc-benchmarks/02.wo_Defects/pow_related_errors.c:27:20: warning: result of '10^2' is 8; did you mean '1e2'? [-Wxor-used-as-pow]
        double exponent=10^2;
                        ~~^~
                        1e2
/home/priyatam/pin/examples/itc-benchmarks/02.wo_Defects/pow_related_errors.c:27:20: note: replace expression with '0xA ^ 2' to silence this warning
/home/priyatam/pin/examples/itc-benchmarks/02.wo_Defects/pow_related_errors.c:56:30: warning: result of '10^3' is 9; did you mean '1e3'? [-Wxor-used-as-pow]
        double arr[]={2.0,1.2,3.9,10^3,4.0};
                                  ~~^~
                                  1e3
/home/priyatam/pin/examples/itc-benchmarks/02.wo_Defects/pow_related_errors.c:56:30: note: replace expression with '0xA ^ 3' to silence this warning
/home/priyatam/pin/examples/itc-benchmarks/02.wo_Defects/pow_related_errors.c:75:30: warning: result of '10^3' is 9; did you mean '1e3'? [-Wxor-used-as-pow]
        double arr[]={2.0,1.2,3.9,10^3,4.0};
                                  ~~^~
                                  1e3
/home/priyatam/pin/examples/itc-benchmarks/02.wo_Defects/pow_related_errors.c:75:30: note: replace expression with '0xA ^ 3' to silence this warning
/home/priyatam/pin/examples/itc-benchmarks/02.wo_Defects/pow_related_errors.c:97:30: warning: result of '10^3' is 9; did you mean '1e3'? [-Wxor-used-as-pow]
        double arr[]={2.0,1.2,3.9,10^3,4.0};
                                  ~~^~
                                  1e3
/home/priyatam/pin/examples/itc-benchmarks/02.wo_Defects/pow_related_errors.c:97:30: note: replace expression with '0xA ^ 3' to silence this warning
/home/priyatam/pin/examples/itc-benchmarks/02.wo_Defects/pow_related_errors.c:119:11: warning: result of '10^3' is 9; did you mean '1e3'? [-Wxor-used-as-pow]
        return 10^3;
               ~~^~
               1e3
/home/priyatam/pin/examples/itc-benchmarks/02.wo_Defects/pow_related_errors.c:119:11: note: replace expression with '0xA ^ 3' to silence this warning
/home/priyatam/pin/examples/itc-benchmarks/02.wo_Defects/pow_related_errors.c:283:16: warning: result of '10^3' is 9; did you mean '1e3'? [-Wxor-used-as-pow]
        double base=10^3;
                    ~~^~
                    1e3
/home/priyatam/pin/examples/itc-benchmarks/02.wo_Defects/pow_related_errors.c:283:16: note: replace expression with '0xA ^ 3' to silence this warning
/home/priyatam/pin/examples/itc-benchmarks/02.wo_Defects/pow_related_errors.c:298:16: warning: result of '10^3' is 9; did you mean '1e3'? [-Wxor-used-as-pow]
        double base=10^3;
                    ~~^~
                    1e3
/home/priyatam/pin/examples/itc-benchmarks/02.wo_Defects/pow_related_errors.c:298:16: note: replace expression with '0xA ^ 3' to silence this warning
/home/priyatam/pin/examples/itc-benchmarks/02.wo_Defects/pow_related_errors.c:418:16: warning: result of '10^3' is 9; did you mean '1e3'? [-Wxor-used-as-pow]
        double base=10^3;
                    ~~^~
                    1e3
/home/priyatam/pin/examples/itc-benchmarks/02.wo_Defects/pow_related_errors.c:418:16: note: replace expression with '0xA ^ 3' to silence this warning
/home/priyatam/pin/examples/itc-benchmarks/02.wo_Defects/pow_related_errors.c:433:16: warning: result of '10^12' is 6; did you mean '1e12'? [-Wxor-used-as-pow]
        double base=10^12;
                    ~~^~~
                    1e12
/home/priyatam/pin/examples/itc-benchmarks/02.wo_Defects/pow_related_errors.c:433:16: note: replace expression with '0xA ^ 12' to silence this warning
10 warnings generated.
[+] Compile extra sources (1)
[+] Compile nanopb runtime and wrapper
[+] Compile wrapper object (no main) for fuzz_bytes
[+] Build nanopb reference replay binary
[+] Build normalized standalone runner (reads bytes file)
[+] Build libFuzzer byte harness to call pin_wrapper_entry (Stage A)
[+] Link fuzz_bytes
[+] Stage B: differential replay
[i] Stage B: no inputs in /home/priyatam/pin/build/pow_related_errors_diff/corpus
[+] Ready. Next steps:
    1) Stage A (discovery): cd /home/priyatam/pin/build/pow_related_errors_diff && ./fuzz_bytes corpus -max_total_time=60 -use_value_profile=1
    2) Stage B (replay): add inputs under /home/priyatam/pin/build/pow_related_errors_diff/corpus and rerun to compare normalized vs original outputs
       Replay artifacts stored under /home/priyatam/pin/results/pow_related_errors_diff/stage_b
