[+] Generate .proto (libclang parser)
[i] Skipping C++ protobuf generation (reference decoder=nanopb)
[+] Generate Python protobuf helpers
[+] Generate nanopb protobuf (for wrapper decode)
[+] Generate wrapper with pin_wrapper_entry() and standalone main
[+] Compile original object (instrumented) and plain object
/home/priyatam/pin/examples/itc-benchmarks/01.w_Defects/pow_related_errors.c:26:15: warning: result of '10^3700' is 3710; did you mean '1e3700'? [-Wxor-used-as-pow]
        double num=10^3700;
                   ~~^~~~~
                   1e3700
/home/priyatam/pin/examples/itc-benchmarks/01.w_Defects/pow_related_errors.c:26:15: note: replace expression with '0xA ^ 3700' to silence this warning
/home/priyatam/pin/examples/itc-benchmarks/01.w_Defects/pow_related_errors.c:27:20: warning: result of '10^37' is 47; did you mean '1e37'? [-Wxor-used-as-pow]
        double exponent=10^37;
                        ~~^~~
                        1e37
/home/priyatam/pin/examples/itc-benchmarks/01.w_Defects/pow_related_errors.c:27:20: note: replace expression with '0xA ^ 37' to silence this warning
/home/priyatam/pin/examples/itc-benchmarks/01.w_Defects/pow_related_errors.c:57:30: warning: result of '10^3800' is 3794; did you mean '1e3800'? [-Wxor-used-as-pow]
        double arr[]={2.0,1.2,3.9,10^3800,4.0};
                                  ~~^~~~~
                                  1e3800
/home/priyatam/pin/examples/itc-benchmarks/01.w_Defects/pow_related_errors.c:57:30: note: replace expression with '0xA ^ 3800' to silence this warning
/home/priyatam/pin/examples/itc-benchmarks/01.w_Defects/pow_related_errors.c:77:30: warning: result of '10^3008' is 3018; did you mean '1e3008'? [-Wxor-used-as-pow]
        double arr[]={2.0,1.2,3.9,10^3008,4.0};
                                  ~~^~~~~
                                  1e3008
/home/priyatam/pin/examples/itc-benchmarks/01.w_Defects/pow_related_errors.c:77:30: note: replace expression with '0xA ^ 3008' to silence this warning
/home/priyatam/pin/examples/itc-benchmarks/01.w_Defects/pow_related_errors.c:123:11: warning: result of '10^3800' is 3794; did you mean '1e3800'? [-Wxor-used-as-pow]
        return 10^3800;
               ~~^~~~~
               1e3800
/home/priyatam/pin/examples/itc-benchmarks/01.w_Defects/pow_related_errors.c:123:11: note: replace expression with '0xA ^ 3800' to silence this warning
/home/priyatam/pin/examples/itc-benchmarks/01.w_Defects/pow_related_errors.c:154:19: warning: result of '10^3800' is 3794; did you mean '1e3800'? [-Wxor-used-as-pow]
        newarr->arr[0]=10^3800;
                       ~~^~~~~
                       1e3800
/home/priyatam/pin/examples/itc-benchmarks/01.w_Defects/pow_related_errors.c:154:19: note: replace expression with '0xA ^ 3800' to silence this warning
/home/priyatam/pin/examples/itc-benchmarks/01.w_Defects/pow_related_errors.c:155:23: warning: result of '10^3800' is 3794; did you mean '1e3800'? [-Wxor-used-as-pow]
        ptr_newarr->arr[0]=10^3800;
                           ~~^~~~~
                           1e3800
/home/priyatam/pin/examples/itc-benchmarks/01.w_Defects/pow_related_errors.c:155:23: note: replace expression with '0xA ^ 3800' to silence this warning
/home/priyatam/pin/examples/itc-benchmarks/01.w_Defects/pow_related_errors.c:171:16: warning: result of '10^3700' is 3710; did you mean '1e3700'? [-Wxor-used-as-pow]
        double base=10^3700;
                    ~~^~~~~
                    1e3700
/home/priyatam/pin/examples/itc-benchmarks/01.w_Defects/pow_related_errors.c:171:16: note: replace expression with '0xA ^ 3700' to silence this warning
/home/priyatam/pin/examples/itc-benchmarks/01.w_Defects/pow_related_errors.c:291:16: warning: result of '10^36' is 46; did you mean '1e36'? [-Wxor-used-as-pow]
        double base=10^36;
                    ~~^~~
                    1e36
/home/priyatam/pin/examples/itc-benchmarks/01.w_Defects/pow_related_errors.c:291:16: note: replace expression with '0xA ^ 36' to silence this warning
/home/priyatam/pin/examples/itc-benchmarks/01.w_Defects/pow_related_errors.c:306:16: warning: result of '10^36' is 46; did you mean '1e36'? [-Wxor-used-as-pow]
        double base=10^36;
                    ~~^~~
                    1e36
/home/priyatam/pin/examples/itc-benchmarks/01.w_Defects/pow_related_errors.c:306:16: note: replace expression with '0xA ^ 36' to silence this warning
/home/priyatam/pin/examples/itc-benchmarks/01.w_Defects/pow_related_errors.c:426:16: warning: result of '10^3300' is 3310; did you mean '1e3300'? [-Wxor-used-as-pow]
        double base=10^3300;
                    ~~^~~~~
                    1e3300
/home/priyatam/pin/examples/itc-benchmarks/01.w_Defects/pow_related_errors.c:426:16: note: replace expression with '0xA ^ 3300' to silence this warning
/home/priyatam/pin/examples/itc-benchmarks/01.w_Defects/pow_related_errors.c:441:16: warning: result of '10^10' is 0; did you mean '1e10'? [-Wxor-used-as-pow]
        double base=10^10;
                    ~~^~~
                    1e10
/home/priyatam/pin/examples/itc-benchmarks/01.w_Defects/pow_related_errors.c:441:16: note: replace expression with '0xA ^ 10' to silence this warning
12 warnings generated.
/home/priyatam/pin/examples/itc-benchmarks/01.w_Defects/pow_related_errors.c:26:15: warning: result of '10^3700' is 3710; did you mean '1e3700'? [-Wxor-used-as-pow]
        double num=10^3700;
                   ~~^~~~~
                   1e3700
/home/priyatam/pin/examples/itc-benchmarks/01.w_Defects/pow_related_errors.c:26:15: note: replace expression with '0xA ^ 3700' to silence this warning
/home/priyatam/pin/examples/itc-benchmarks/01.w_Defects/pow_related_errors.c:27:20: warning: result of '10^37' is 47; did you mean '1e37'? [-Wxor-used-as-pow]
        double exponent=10^37;
                        ~~^~~
                        1e37
/home/priyatam/pin/examples/itc-benchmarks/01.w_Defects/pow_related_errors.c:27:20: note: replace expression with '0xA ^ 37' to silence this warning
/home/priyatam/pin/examples/itc-benchmarks/01.w_Defects/pow_related_errors.c:57:30: warning: result of '10^3800' is 3794; did you mean '1e3800'? [-Wxor-used-as-pow]
        double arr[]={2.0,1.2,3.9,10^3800,4.0};
                                  ~~^~~~~
                                  1e3800
/home/priyatam/pin/examples/itc-benchmarks/01.w_Defects/pow_related_errors.c:57:30: note: replace expression with '0xA ^ 3800' to silence this warning
/home/priyatam/pin/examples/itc-benchmarks/01.w_Defects/pow_related_errors.c:77:30: warning: result of '10^3008' is 3018; did you mean '1e3008'? [-Wxor-used-as-pow]
        double arr[]={2.0,1.2,3.9,10^3008,4.0};
                                  ~~^~~~~
                                  1e3008
/home/priyatam/pin/examples/itc-benchmarks/01.w_Defects/pow_related_errors.c:77:30: note: replace expression with '0xA ^ 3008' to silence this warning
/home/priyatam/pin/examples/itc-benchmarks/01.w_Defects/pow_related_errors.c:123:11: warning: result of '10^3800' is 3794; did you mean '1e3800'? [-Wxor-used-as-pow]
        return 10^3800;
               ~~^~~~~
               1e3800
/home/priyatam/pin/examples/itc-benchmarks/01.w_Defects/pow_related_errors.c:123:11: note: replace expression with '0xA ^ 3800' to silence this warning
/home/priyatam/pin/examples/itc-benchmarks/01.w_Defects/pow_related_errors.c:154:19: warning: result of '10^3800' is 3794; did you mean '1e3800'? [-Wxor-used-as-pow]
        newarr->arr[0]=10^3800;
                       ~~^~~~~
                       1e3800
/home/priyatam/pin/examples/itc-benchmarks/01.w_Defects/pow_related_errors.c:154:19: note: replace expression with '0xA ^ 3800' to silence this warning
/home/priyatam/pin/examples/itc-benchmarks/01.w_Defects/pow_related_errors.c:155:23: warning: result of '10^3800' is 3794; did you mean '1e3800'? [-Wxor-used-as-pow]
        ptr_newarr->arr[0]=10^3800;
                           ~~^~~~~
                           1e3800
/home/priyatam/pin/examples/itc-benchmarks/01.w_Defects/pow_related_errors.c:155:23: note: replace expression with '0xA ^ 3800' to silence this warning
/home/priyatam/pin/examples/itc-benchmarks/01.w_Defects/pow_related_errors.c:171:16: warning: result of '10^3700' is 3710; did you mean '1e3700'? [-Wxor-used-as-pow]
        double base=10^3700;
                    ~~^~~~~
                    1e3700
/home/priyatam/pin/examples/itc-benchmarks/01.w_Defects/pow_related_errors.c:171:16: note: replace expression with '0xA ^ 3700' to silence this warning
/home/priyatam/pin/examples/itc-benchmarks/01.w_Defects/pow_related_errors.c:291:16: warning: result of '10^36' is 46; did you mean '1e36'? [-Wxor-used-as-pow]
        double base=10^36;
                    ~~^~~
                    1e36
/home/priyatam/pin/examples/itc-benchmarks/01.w_Defects/pow_related_errors.c:291:16: note: replace expression with '0xA ^ 36' to silence this warning
/home/priyatam/pin/examples/itc-benchmarks/01.w_Defects/pow_related_errors.c:306:16: warning: result of '10^36' is 46; did you mean '1e36'? [-Wxor-used-as-pow]
        double base=10^36;
                    ~~^~~
                    1e36
/home/priyatam/pin/examples/itc-benchmarks/01.w_Defects/pow_related_errors.c:306:16: note: replace expression with '0xA ^ 36' to silence this warning
/home/priyatam/pin/examples/itc-benchmarks/01.w_Defects/pow_related_errors.c:426:16: warning: result of '10^3300' is 3310; did you mean '1e3300'? [-Wxor-used-as-pow]
        double base=10^3300;
                    ~~^~~~~
                    1e3300
/home/priyatam/pin/examples/itc-benchmarks/01.w_Defects/pow_related_errors.c:426:16: note: replace expression with '0xA ^ 3300' to silence this warning
/home/priyatam/pin/examples/itc-benchmarks/01.w_Defects/pow_related_errors.c:441:16: warning: result of '10^10' is 0; did you mean '1e10'? [-Wxor-used-as-pow]
        double base=10^10;
                    ~~^~~
                    1e10
/home/priyatam/pin/examples/itc-benchmarks/01.w_Defects/pow_related_errors.c:441:16: note: replace expression with '0xA ^ 10' to silence this warning
12 warnings generated.
[+] Compile extra sources (1)
[+] Compile nanopb runtime and wrapper
[+] Compile wrapper object (no main) for fuzz_bytes
[+] Build nanopb reference replay binary
[+] Build normalized standalone runner (reads bytes file)
[+] Build libFuzzer byte harness to call pin_wrapper_entry (Stage A)
[+] Link fuzz_bytes
[+] Stage B: differential replay
[i] Stage B: no inputs in /home/priyatam/pin/build/pow_related_errors_diff/corpus
[+] Ready. Next steps:
    1) Stage A (discovery): cd /home/priyatam/pin/build/pow_related_errors_diff && ./fuzz_bytes corpus -max_total_time=60 -use_value_profile=1
    2) Stage B (replay): add inputs under /home/priyatam/pin/build/pow_related_errors_diff/corpus and rerun to compare normalized vs original outputs
       Replay artifacts stored under /home/priyatam/pin/results/pow_related_errors_diff/stage_b
