[+] Generate .proto (libclang parser)
[i] Skipping C++ protobuf generation (reference decoder=nanopb)
[+] Generate Python protobuf helpers
[+] Generate nanopb protobuf (for wrapper decode)
[+] Generate wrapper with pin_wrapper_entry() and standalone main
[+] Compile original object (instrumented) and plain object
[+] Compile nanopb runtime and wrapper
[+] Compile wrapper object (no main) for fuzz_bytes
main.c:46:27: error: unknown type name 'mg_md5_ctx'
extern void mg_md5_update(mg_md5_ctx * ctx, const unsigned char * buf, size_t len);
                          ^
main.c:58:15: error: no member named 'arg' in 'struct _Uint32Slice'
    input.buf.arg = buf_buf;
    ~~~~~~~~~ ^
main.c:59:15: error: no member named 'funcs' in 'struct _Uint32Slice'
    input.buf.funcs.decode = &decode_buf;
    ~~~~~~~~~ ^
main.c:66:30: error: use of undeclared identifier 'len_len'
    if (input.len != (size_t)len_len) {
                             ^
main.c:71:47: error: use of undeclared identifier 'len_len'
    mg_md5_update(input.ctx, buf_buf, (size_t)len_len);
                                              ^
5 errors generated.
