INFO: Running with entropic power schedule (0xFF, 100).
INFO: Seed: 409440859
INFO: Loaded 1 modules   (2668 inline 8-bit counters): 2668 [0x5577bafed8c8, 0x5577bafee334), 
INFO: Loaded 1 PC tables (2668 PCs): 2668 [0x5577bafee338,0x5577baff89f8), 
INFO:        0 files found in corpus
INFO: -max_len is not provided; libFuzzer will not generate inputs larger than 4096 bytes
INFO: A corpus is not provided, starting from an empty corpus
#2	INITED cov: 1 ft: 1 corp: 1/1b exec/s: 0 rss: 36Mb
	NEW_FUNC[1/2]: 0x5577baf7f960 in mg_globmatch (/home/priyatam/pin/build/mongoose_mg_globmatch_diff/fuzz_bytes+0x13d960) (BuildId: e3fae4d7b9d7dd2a8d9a8ed052aa075af2bf2554)
	NEW_FUNC[2/2]: 0x5577baf80220 in mg_match (/home/priyatam/pin/build/mongoose_mg_globmatch_diff/fuzz_bytes+0x13e220) (BuildId: e3fae4d7b9d7dd2a8d9a8ed052aa075af2bf2554)
#34	NEW    cov: 5 ft: 12 corp: 2/3b lim: 4 exec/s: 0 rss: 37Mb L: 2/2 MS: 2 ChangeBit-InsertByte-
#2101	NEW    cov: 8 ft: 23 corp: 3/5b lim: 21 exec/s: 0 rss: 37Mb L: 2/2 MS: 2 ChangeByte-ChangeBinInt-
#2103	NEW    cov: 8 ft: 25 corp: 4/11b lim: 21 exec/s: 0 rss: 37Mb L: 6/6 MS: 2 CopyPart-CrossOver-
#2104	NEW    cov: 8 ft: 27 corp: 5/17b lim: 21 exec/s: 0 rss: 37Mb L: 6/6 MS: 1 ChangeBit-
#2106	NEW    cov: 8 ft: 29 corp: 6/21b lim: 21 exec/s: 0 rss: 37Mb L: 4/6 MS: 2 ChangeBit-CrossOver-
#2142	NEW    cov: 8 ft: 32 corp: 7/39b lim: 21 exec/s: 0 rss: 37Mb L: 18/18 MS: 1 InsertRepeatedBytes-
#2153	REDUCE cov: 8 ft: 32 corp: 7/37b lim: 21 exec/s: 0 rss: 37Mb L: 4/18 MS: 1 EraseBytes-
#2169	NEW    cov: 8 ft: 33 corp: 8/39b lim: 21 exec/s: 0 rss: 37Mb L: 2/18 MS: 1 ChangeByte-
#2170	NEW    cov: 8 ft: 34 corp: 9/41b lim: 21 exec/s: 0 rss: 37Mb L: 2/18 MS: 1 EraseBytes-
#2181	NEW    cov: 8 ft: 35 corp: 10/45b lim: 21 exec/s: 0 rss: 37Mb L: 4/18 MS: 1 ChangeBit-
#2202	NEW    cov: 8 ft: 36 corp: 11/53b lim: 21 exec/s: 0 rss: 37Mb L: 8/18 MS: 1 InsertRepeatedBytes-
#2259	NEW    cov: 8 ft: 37 corp: 12/63b lim: 21 exec/s: 0 rss: 37Mb L: 10/18 MS: 2 CrossOver-ChangeByte-
#2275	NEW    cov: 8 ft: 38 corp: 13/67b lim: 21 exec/s: 0 rss: 37Mb L: 4/18 MS: 1 ChangeBinInt-
#2291	NEW    cov: 8 ft: 39 corp: 14/71b lim: 21 exec/s: 0 rss: 37Mb L: 4/18 MS: 1 ChangeBinInt-
#2382	NEW    cov: 8 ft: 40 corp: 15/79b lim: 21 exec/s: 0 rss: 37Mb L: 8/18 MS: 1 ChangeBit-
#2418	NEW    cov: 8 ft: 41 corp: 16/86b lim: 21 exec/s: 0 rss: 37Mb L: 7/18 MS: 1 EraseBytes-
#2426	NEW    cov: 8 ft: 42 corp: 17/90b lim: 21 exec/s: 0 rss: 37Mb L: 4/18 MS: 3 ShuffleBytes-ShuffleBytes-ChangeBinInt-
#2432	NEW    cov: 8 ft: 43 corp: 18/94b lim: 21 exec/s: 0 rss: 37Mb L: 4/18 MS: 1 CopyPart-
#2433	NEW    cov: 8 ft: 46 corp: 19/98b lim: 21 exec/s: 0 rss: 37Mb L: 4/18 MS: 1 ChangeByte-
#2444	NEW    cov: 8 ft: 47 corp: 20/102b lim: 21 exec/s: 0 rss: 37Mb L: 4/18 MS: 1 ChangeBinInt-
#2473	NEW    cov: 8 ft: 48 corp: 21/108b lim: 21 exec/s: 0 rss: 37Mb L: 6/18 MS: 4 ChangeBinInt-ChangeBit-CrossOver-CopyPart-
#2487	NEW    cov: 8 ft: 49 corp: 22/112b lim: 21 exec/s: 0 rss: 37Mb L: 4/18 MS: 4 ShuffleBytes-ShuffleBytes-CopyPart-ChangeBinInt-
#2488	NEW    cov: 8 ft: 50 corp: 23/121b lim: 21 exec/s: 0 rss: 37Mb L: 9/18 MS: 1 InsertByte-
#2494	NEW    cov: 8 ft: 51 corp: 24/131b lim: 21 exec/s: 0 rss: 37Mb L: 10/18 MS: 1 InsertByte-
#2505	NEW    cov: 8 ft: 52 corp: 25/137b lim: 21 exec/s: 0 rss: 37Mb L: 6/18 MS: 1 ChangeBinInt-
#2551	NEW    cov: 8 ft: 53 corp: 26/143b lim: 21 exec/s: 0 rss: 37Mb L: 6/18 MS: 1 ChangeBit-
#2577	NEW    cov: 8 ft: 54 corp: 27/150b lim: 21 exec/s: 0 rss: 37Mb L: 7/18 MS: 1 InsertByte-
#2579	REDUCE cov: 8 ft: 54 corp: 27/142b lim: 21 exec/s: 0 rss: 37Mb L: 10/10 MS: 2 ChangeBit-EraseBytes-
#2630	NEW    cov: 8 ft: 55 corp: 28/152b lim: 21 exec/s: 0 rss: 37Mb L: 10/10 MS: 1 InsertByte-
#2642	REDUCE cov: 8 ft: 57 corp: 29/162b lim: 21 exec/s: 0 rss: 37Mb L: 10/10 MS: 2 ChangeBinInt-ChangeByte-
#2704	NEW    cov: 8 ft: 58 corp: 30/168b lim: 21 exec/s: 0 rss: 37Mb L: 6/10 MS: 2 CMP-EraseBytes- DE: "\377\377"-
#2750	NEW    cov: 8 ft: 59 corp: 31/172b lim: 21 exec/s: 0 rss: 37Mb L: 4/10 MS: 1 ChangeByte-
#2813	NEW    cov: 8 ft: 60 corp: 32/180b lim: 21 exec/s: 0 rss: 37Mb L: 8/10 MS: 3 ShuffleBytes-ChangeBit-PersAutoDict- DE: "\377\377"-
#2827	NEW    cov: 8 ft: 61 corp: 33/190b lim: 21 exec/s: 0 rss: 37Mb L: 10/10 MS: 4 EraseBytes-InsertRepeatedBytes-InsertRepeatedBytes-EraseBytes-
#2848	NEW    cov: 8 ft: 62 corp: 34/196b lim: 21 exec/s: 0 rss: 37Mb L: 6/10 MS: 1 PersAutoDict- DE: "\377\377"-
#2849	NEW    cov: 8 ft: 63 corp: 35/200b lim: 21 exec/s: 0 rss: 37Mb L: 4/10 MS: 1 ChangeBinInt-
#2950	NEW    cov: 8 ft: 64 corp: 36/210b lim: 21 exec/s: 0 rss: 38Mb L: 10/10 MS: 1 CopyPart-
#2981	NEW    cov: 8 ft: 65 corp: 37/219b lim: 21 exec/s: 0 rss: 38Mb L: 9/10 MS: 1 ChangeBit-
#2992	NEW    cov: 8 ft: 66 corp: 38/229b lim: 21 exec/s: 0 rss: 38Mb L: 10/10 MS: 1 ChangeByte-
#3003	REDUCE cov: 8 ft: 67 corp: 39/233b lim: 21 exec/s: 0 rss: 38Mb L: 4/10 MS: 1 PersAutoDict- DE: "\377\377"-
#3059	NEW    cov: 8 ft: 68 corp: 40/238b lim: 21 exec/s: 0 rss: 38Mb L: 5/10 MS: 1 EraseBytes-
#3065	NEW    cov: 8 ft: 69 corp: 41/248b lim: 21 exec/s: 0 rss: 38Mb L: 10/10 MS: 1 InsertByte-
#3071	NEW    cov: 8 ft: 70 corp: 42/258b lim: 21 exec/s: 0 rss: 38Mb L: 10/10 MS: 1 PersAutoDict- DE: "\377\377"-
#3112	NEW    cov: 8 ft: 71 corp: 43/268b lim: 21 exec/s: 0 rss: 38Mb L: 10/10 MS: 1 ChangeBit-
#3133	NEW    cov: 8 ft: 72 corp: 44/272b lim: 21 exec/s: 0 rss: 38Mb L: 4/10 MS: 1 ChangeBit-
#3194	NEW    cov: 8 ft: 73 corp: 45/276b lim: 21 exec/s: 0 rss: 38Mb L: 4/10 MS: 1 CrossOver-
#3214	NEW    cov: 8 ft: 74 corp: 46/285b lim: 21 exec/s: 0 rss: 38Mb L: 9/10 MS: 5 PersAutoDict-CrossOver-CrossOver-ShuffleBytes-PersAutoDict- DE: "\377\377"-"\377\377"-
#3480	NEW    cov: 8 ft: 75 corp: 47/295b lim: 21 exec/s: 0 rss: 38Mb L: 10/10 MS: 1 ChangeBit-
#3576	NEW    cov: 8 ft: 76 corp: 48/305b lim: 21 exec/s: 0 rss: 38Mb L: 10/10 MS: 1 PersAutoDict- DE: "\377\377"-
#3597	NEW    cov: 8 ft: 77 corp: 49/313b lim: 21 exec/s: 0 rss: 38Mb L: 8/10 MS: 1 ChangeBit-
#3768	NEW    cov: 8 ft: 78 corp: 50/323b lim: 21 exec/s: 0 rss: 38Mb L: 10/10 MS: 1 ChangeBinInt-
#3914	NEW    cov: 8 ft: 79 corp: 51/333b lim: 21 exec/s: 0 rss: 38Mb L: 10/10 MS: 1 InsertRepeatedBytes-
#4020	NEW    cov: 8 ft: 80 corp: 52/337b lim: 21 exec/s: 0 rss: 38Mb L: 4/10 MS: 1 ChangeBit-
#4121	NEW    cov: 8 ft: 81 corp: 53/343b lim: 21 exec/s: 0 rss: 38Mb L: 6/10 MS: 1 ChangeBit-
#4242	NEW    cov: 8 ft: 82 corp: 54/353b lim: 21 exec/s: 0 rss: 38Mb L: 10/10 MS: 1 PersAutoDict- DE: "\377\377"-
#4399	REDUCE cov: 8 ft: 82 corp: 54/349b lim: 21 exec/s: 0 rss: 38Mb L: 6/10 MS: 2 CrossOver-EraseBytes-
#4425	NEW    cov: 8 ft: 83 corp: 55/359b lim: 21 exec/s: 0 rss: 38Mb L: 10/10 MS: 1 ChangeBinInt-
#4450	NEW    cov: 8 ft: 84 corp: 56/367b lim: 21 exec/s: 0 rss: 38Mb L: 8/10 MS: 5 PersAutoDict-ChangeBinInt-InsertRepeatedBytes-ChangeBit-EraseBytes- DE: "\377\377"-
#4622	NEW    cov: 8 ft: 85 corp: 57/377b lim: 21 exec/s: 0 rss: 38Mb L: 10/10 MS: 2 PersAutoDict-PersAutoDict- DE: "\377\377"-"\377\377"-
#4658	REDUCE cov: 8 ft: 85 corp: 57/375b lim: 21 exec/s: 0 rss: 38Mb L: 2/10 MS: 1 EraseBytes-
#4690	NEW    cov: 8 ft: 86 corp: 58/385b lim: 21 exec/s: 0 rss: 38Mb L: 10/10 MS: 2 ShuffleBytes-PersAutoDict- DE: "\377\377"-
#4726	NEW    cov: 8 ft: 87 corp: 59/396b lim: 21 exec/s: 0 rss: 38Mb L: 11/11 MS: 1 CopyPart-
#4737	NEW    cov: 8 ft: 88 corp: 60/406b lim: 21 exec/s: 0 rss: 38Mb L: 10/11 MS: 1 PersAutoDict- DE: "\377\377"-
#5039	NEW    cov: 8 ft: 89 corp: 61/416b lim: 21 exec/s: 0 rss: 38Mb L: 10/11 MS: 2 ShuffleBytes-ChangeBit-
#5220	NEW    cov: 8 ft: 90 corp: 62/426b lim: 21 exec/s: 0 rss: 38Mb L: 10/11 MS: 1 ChangeBit-
#5271	NEW    cov: 8 ft: 91 corp: 63/436b lim: 21 exec/s: 0 rss: 38Mb L: 10/11 MS: 1 ChangeBit-
#5332	NEW    cov: 8 ft: 92 corp: 64/446b lim: 21 exec/s: 0 rss: 38Mb L: 10/11 MS: 1 ChangeByte-
#5471	NEW    cov: 8 ft: 93 corp: 65/455b lim: 21 exec/s: 0 rss: 38Mb L: 9/11 MS: 4 ChangeBit-CrossOver-ChangeByte-EraseBytes-
#5667	NEW    cov: 8 ft: 94 corp: 66/465b lim: 21 exec/s: 0 rss: 38Mb L: 10/11 MS: 1 ChangeByte-
#5685	NEW    cov: 8 ft: 95 corp: 67/475b lim: 21 exec/s: 0 rss: 38Mb L: 10/11 MS: 3 CopyPart-ChangeBit-ChangeByte-
#5968	REDUCE cov: 8 ft: 96 corp: 68/477b lim: 21 exec/s: 0 rss: 38Mb L: 2/11 MS: 3 CopyPart-EraseBytes-InsertByte-
#6014	NEW    cov: 8 ft: 97 corp: 69/481b lim: 21 exec/s: 0 rss: 38Mb L: 4/11 MS: 1 ChangeByte-
#6289	NEW    cov: 9 ft: 102 corp: 70/485b lim: 21 exec/s: 0 rss: 39Mb L: 4/11 MS: 5 ChangeBinInt-PersAutoDict-CrossOver-EraseBytes-ChangeByte- DE: "\377\377"-
#6333	REDUCE cov: 9 ft: 102 corp: 70/484b lim: 21 exec/s: 0 rss: 39Mb L: 5/11 MS: 4 ShuffleBytes-EraseBytes-CopyPart-ChangeByte-
#6569	NEW    cov: 9 ft: 104 corp: 71/489b lim: 21 exec/s: 0 rss: 39Mb L: 5/11 MS: 1 InsertByte-
#6816	NEW    cov: 9 ft: 105 corp: 72/494b lim: 21 exec/s: 0 rss: 39Mb L: 5/11 MS: 2 ChangeBit-InsertByte-
#6918	NEW    cov: 9 ft: 106 corp: 73/498b lim: 21 exec/s: 0 rss: 39Mb L: 4/11 MS: 2 EraseBytes-ChangeBinInt-
#6921	NEW    cov: 9 ft: 108 corp: 74/506b lim: 21 exec/s: 0 rss: 39Mb L: 8/11 MS: 3 ChangeByte-PersAutoDict-InsertByte- DE: "\377\377"-
#6937	NEW    cov: 9 ft: 110 corp: 75/510b lim: 21 exec/s: 0 rss: 39Mb L: 4/11 MS: 1 ChangeBit-
#7029	NEW    cov: 9 ft: 111 corp: 76/519b lim: 21 exec/s: 0 rss: 39Mb L: 9/11 MS: 2 ShuffleBytes-InsertByte-
#7611	NEW    cov: 9 ft: 113 corp: 77/521b lim: 25 exec/s: 0 rss: 39Mb L: 2/11 MS: 2 CopyPart-CrossOver-
#7777	NEW    cov: 9 ft: 115 corp: 78/525b lim: 25 exec/s: 0 rss: 39Mb L: 4/11 MS: 1 ChangeBit-
#7898	NEW    cov: 9 ft: 116 corp: 79/533b lim: 25 exec/s: 0 rss: 39Mb L: 8/11 MS: 1 CrossOver-
#8132	NEW    cov: 9 ft: 118 corp: 80/537b lim: 25 exec/s: 0 rss: 39Mb L: 4/11 MS: 4 EraseBytes-ShuffleBytes-ChangeByte-CrossOver-
#8168	NEW    cov: 9 ft: 120 corp: 81/541b lim: 25 exec/s: 0 rss: 39Mb L: 4/11 MS: 1 ChangeByte-
#8549	NEW    cov: 9 ft: 122 corp: 82/548b lim: 25 exec/s: 0 rss: 39Mb L: 7/11 MS: 1 PersAutoDict- DE: "\377\377"-
#8758	NEW    cov: 9 ft: 123 corp: 83/557b lim: 25 exec/s: 0 rss: 39Mb L: 9/11 MS: 4 CopyPart-ChangeBinInt-EraseBytes-PersAutoDict- DE: "\377\377"-
#8769	NEW    cov: 9 ft: 125 corp: 84/561b lim: 25 exec/s: 0 rss: 39Mb L: 4/11 MS: 1 PersAutoDict- DE: "\377\377"-
#8920	NEW    cov: 11 ft: 134 corp: 85/573b lim: 25 exec/s: 0 rss: 39Mb L: 12/12 MS: 1 CrossOver-
#8938	NEW    cov: 11 ft: 136 corp: 86/577b lim: 25 exec/s: 0 rss: 39Mb L: 4/12 MS: 3 ChangeBit-CrossOver-ChangeByte-
#8974	NEW    cov: 11 ft: 138 corp: 87/588b lim: 25 exec/s: 0 rss: 39Mb L: 11/12 MS: 1 ChangeBit-
#9110	NEW    cov: 11 ft: 140 corp: 88/595b lim: 25 exec/s: 0 rss: 39Mb L: 7/12 MS: 1 CrossOver-
#9136	NEW    cov: 11 ft: 142 corp: 89/601b lim: 25 exec/s: 0 rss: 39Mb L: 6/12 MS: 1 EraseBytes-
#9222	NEW    cov: 11 ft: 144 corp: 90/608b lim: 25 exec/s: 0 rss: 39Mb L: 7/12 MS: 1 ChangeBinInt-
#9328	NEW    cov: 11 ft: 146 corp: 91/619b lim: 25 exec/s: 0 rss: 39Mb L: 11/12 MS: 1 ChangeBit-
#9390	NEW    cov: 11 ft: 148 corp: 92/625b lim: 25 exec/s: 0 rss: 39Mb L: 6/12 MS: 2 ShuffleBytes-ChangeBit-
#9416	NEW    cov: 11 ft: 150 corp: 93/632b lim: 25 exec/s: 0 rss: 39Mb L: 7/12 MS: 1 PersAutoDict- DE: "\377\377"-
#9452	NEW    cov: 11 ft: 151 corp: 94/635b lim: 25 exec/s: 0 rss: 39Mb L: 3/12 MS: 1 CrossOver-
#9543	NEW    cov: 11 ft: 153 corp: 95/645b lim: 25 exec/s: 0 rss: 39Mb L: 10/12 MS: 1 CopyPart-
#9619	NEW    cov: 11 ft: 155 corp: 96/655b lim: 25 exec/s: 0 rss: 39Mb L: 10/12 MS: 1 CopyPart-
#9825	NEW    cov: 11 ft: 157 corp: 97/664b lim: 25 exec/s: 0 rss: 39Mb L: 9/12 MS: 1 EraseBytes-
#9836	NEW    cov: 11 ft: 158 corp: 98/667b lim: 25 exec/s: 0 rss: 39Mb L: 3/12 MS: 1 ChangeBit-
#9872	NEW    cov: 11 ft: 160 corp: 99/678b lim: 25 exec/s: 0 rss: 39Mb L: 11/12 MS: 1 InsertByte-
#9893	NEW    cov: 11 ft: 162 corp: 100/688b lim: 25 exec/s: 0 rss: 39Mb L: 10/12 MS: 1 CopyPart-
#9899	NEW    cov: 11 ft: 164 corp: 101/695b lim: 25 exec/s: 0 rss: 39Mb L: 7/12 MS: 1 ChangeBit-
#10180	NEW    cov: 11 ft: 165 corp: 102/706b lim: 25 exec/s: 0 rss: 39Mb L: 11/12 MS: 1 ChangeBit-
#10246	NEW    cov: 11 ft: 167 corp: 103/713b lim: 25 exec/s: 0 rss: 39Mb L: 7/12 MS: 1 ChangeBit-
#10352	NEW    cov: 11 ft: 169 corp: 104/720b lim: 25 exec/s: 0 rss: 40Mb L: 7/12 MS: 1 ChangeBit-
#10354	NEW    cov: 11 ft: 170 corp: 105/723b lim: 25 exec/s: 0 rss: 40Mb L: 3/12 MS: 2 ChangeASCIIInt-ChangeBit-
#10370	NEW    cov: 11 ft: 172 corp: 106/733b lim: 25 exec/s: 0 rss: 40Mb L: 10/12 MS: 1 ChangeBinInt-
#10431	NEW    cov: 11 ft: 174 corp: 107/741b lim: 25 exec/s: 0 rss: 40Mb L: 8/12 MS: 1 CopyPart-
#10449	NEW    cov: 11 ft: 176 corp: 108/748b lim: 25 exec/s: 0 rss: 40Mb L: 7/12 MS: 3 ChangeBit-PersAutoDict-ChangeBit- DE: "\377\377"-
#10755	NEW    cov: 11 ft: 178 corp: 109/756b lim: 25 exec/s: 0 rss: 40Mb L: 8/12 MS: 1 PersAutoDict- DE: "\377\377"-
#10796	NEW    cov: 11 ft: 180 corp: 110/766b lim: 25 exec/s: 0 rss: 40Mb L: 10/12 MS: 1 ChangeBit-
#10928	NEW    cov: 11 ft: 182 corp: 111/771b lim: 25 exec/s: 0 rss: 40Mb L: 5/12 MS: 2 InsertByte-ChangeByte-
#10950	NEW    cov: 11 ft: 183 corp: 112/782b lim: 25 exec/s: 0 rss: 40Mb L: 11/12 MS: 2 ShuffleBytes-InsertByte-
#10956	NEW    cov: 11 ft: 185 corp: 113/792b lim: 25 exec/s: 0 rss: 40Mb L: 10/12 MS: 1 PersAutoDict- DE: "\377\377"-
#10989	NEW    cov: 11 ft: 187 corp: 114/796b lim: 25 exec/s: 0 rss: 40Mb L: 4/12 MS: 3 ChangeBit-CrossOver-ChangeBit-
#11025	NEW    cov: 12 ft: 194 corp: 115/813b lim: 25 exec/s: 0 rss: 40Mb L: 17/17 MS: 1 CrossOver-
#11146	NEW    cov: 12 ft: 196 corp: 116/823b lim: 25 exec/s: 0 rss: 40Mb L: 10/17 MS: 1 ChangeBit-
#11292	NEW    cov: 12 ft: 198 corp: 117/827b lim: 25 exec/s: 0 rss: 40Mb L: 4/17 MS: 1 EraseBytes-
#11296	NEW    cov: 12 ft: 200 corp: 118/833b lim: 25 exec/s: 0 rss: 40Mb L: 6/17 MS: 4 PersAutoDict-ChangeBinInt-ChangeBit-CrossOver- DE: "\377\377"-
#11492	NEW    cov: 12 ft: 201 corp: 119/844b lim: 25 exec/s: 0 rss: 40Mb L: 11/17 MS: 1 CopyPart-
#11592	NEW    cov: 12 ft: 203 corp: 120/849b lim: 25 exec/s: 0 rss: 40Mb L: 5/17 MS: 5 ChangeByte-CopyPart-ShuffleBytes-EraseBytes-CopyPart-
#11664	NEW    cov: 12 ft: 205 corp: 121/859b lim: 25 exec/s: 0 rss: 40Mb L: 10/17 MS: 2 ShuffleBytes-ChangeBit-
#11720	NEW    cov: 12 ft: 207 corp: 122/870b lim: 25 exec/s: 0 rss: 40Mb L: 11/17 MS: 1 ChangeBit-
#11738	NEW    cov: 12 ft: 209 corp: 123/875b lim: 25 exec/s: 0 rss: 40Mb L: 5/17 MS: 3 EraseBytes-ChangeBinInt-CMP- DE: "\377\377"-
#11969	NEW    cov: 12 ft: 210 corp: 124/886b lim: 25 exec/s: 0 rss: 40Mb L: 11/17 MS: 1 ChangeBit-
#12182	NEW    cov: 12 ft: 212 corp: 125/895b lim: 25 exec/s: 0 rss: 40Mb L: 9/17 MS: 3 ShuffleBytes-ShuffleBytes-ChangeBit-
#12198	NEW    cov: 12 ft: 216 corp: 126/912b lim: 25 exec/s: 0 rss: 40Mb L: 17/17 MS: 1 ShuffleBytes-
#12234	NEW    cov: 12 ft: 218 corp: 127/921b lim: 25 exec/s: 0 rss: 40Mb L: 9/17 MS: 1 ChangeByte-
#12256	NEW    cov: 12 ft: 222 corp: 128/930b lim: 25 exec/s: 0 rss: 40Mb L: 9/17 MS: 2 ChangeByte-CrossOver-
#12581	NEW    cov: 12 ft: 224 corp: 129/936b lim: 25 exec/s: 0 rss: 40Mb L: 6/17 MS: 5 CrossOver-InsertByte-EraseBytes-ChangeBit-ChangeBit-
#12622	NEW    cov: 12 ft: 226 corp: 130/942b lim: 25 exec/s: 0 rss: 41Mb L: 6/17 MS: 1 EraseBytes-
#12759	NEW    cov: 12 ft: 227 corp: 131/946b lim: 25 exec/s: 0 rss: 41Mb L: 4/17 MS: 2 ChangeBinInt-ChangeBinInt-
#12826	NEW    cov: 12 ft: 229 corp: 132/951b lim: 25 exec/s: 0 rss: 41Mb L: 5/17 MS: 2 CopyPart-EraseBytes-
#12843	NEW    cov: 12 ft: 230 corp: 133/959b lim: 25 exec/s: 0 rss: 41Mb L: 8/17 MS: 2 PersAutoDict-EraseBytes- DE: "\377\377"-
#12940	NEW    cov: 12 ft: 232 corp: 134/969b lim: 25 exec/s: 0 rss: 41Mb L: 10/17 MS: 2 CopyPart-InsertRepeatedBytes-
#12948	NEW    cov: 12 ft: 234 corp: 135/974b lim: 25 exec/s: 0 rss: 41Mb L: 5/17 MS: 3 ShuffleBytes-ChangeBinInt-EraseBytes-
#13049	NEW    cov: 12 ft: 235 corp: 136/985b lim: 25 exec/s: 0 rss: 41Mb L: 11/17 MS: 1 ShuffleBytes-
#13221	REDUCE cov: 12 ft: 235 corp: 136/983b lim: 25 exec/s: 0 rss: 41Mb L: 8/17 MS: 2 CrossOver-EraseBytes-
#13293	NEW    cov: 12 ft: 236 corp: 137/990b lim: 25 exec/s: 0 rss: 41Mb L: 7/17 MS: 2 ChangeBit-ChangeBit-
#13295	NEW    cov: 12 ft: 238 corp: 138/1000b lim: 25 exec/s: 0 rss: 41Mb L: 10/17 MS: 2 ChangeBit-InsertRepeatedBytes-
#13326	NEW    cov: 12 ft: 240 corp: 139/1010b lim: 25 exec/s: 0 rss: 41Mb L: 10/17 MS: 1 PersAutoDict- DE: "\377\377"-
#13337	NEW    cov: 12 ft: 242 corp: 140/1025b lim: 25 exec/s: 0 rss: 41Mb L: 15/17 MS: 1 CrossOver-
#13368	NEW    cov: 12 ft: 243 corp: 141/1033b lim: 25 exec/s: 0 rss: 41Mb L: 8/17 MS: 1 ChangeBit-
#13524	NEW    cov: 12 ft: 245 corp: 142/1043b lim: 25 exec/s: 0 rss: 41Mb L: 10/17 MS: 1 ChangeBit-
#13609	NEW    cov: 12 ft: 247 corp: 143/1067b lim: 25 exec/s: 0 rss: 41Mb L: 24/24 MS: 5 CrossOver-CrossOver-ShuffleBytes-ShuffleBytes-InsertRepeatedBytes-
#13797	REDUCE cov: 12 ft: 247 corp: 143/1066b lim: 25 exec/s: 0 rss: 41Mb L: 8/24 MS: 3 ShuffleBytes-EraseBytes-PersAutoDict- DE: "\377\377"-
#14118	NEW    cov: 12 ft: 248 corp: 144/1074b lim: 25 exec/s: 0 rss: 41Mb L: 8/24 MS: 1 CMP- DE: "\377\377"-
#14189	NEW    cov: 12 ft: 249 corp: 145/1085b lim: 25 exec/s: 0 rss: 41Mb L: 11/24 MS: 1 ChangeBit-
#14314	REDUCE cov: 12 ft: 249 corp: 145/1084b lim: 25 exec/s: 0 rss: 41Mb L: 9/24 MS: 5 ChangeASCIIInt-PersAutoDict-InsertByte-ShuffleBytes-EraseBytes- DE: "\377\377"-
#14425	NEW    cov: 12 ft: 250 corp: 146/1095b lim: 25 exec/s: 0 rss: 41Mb L: 11/24 MS: 1 ChangeBinInt-
#14746	NEW    cov: 12 ft: 252 corp: 147/1110b lim: 25 exec/s: 0 rss: 41Mb L: 15/24 MS: 1 ChangeBit-
#14898	NEW    cov: 12 ft: 254 corp: 148/1122b lim: 25 exec/s: 0 rss: 41Mb L: 12/24 MS: 2 InsertByte-CrossOver-
#15099	NEW    cov: 12 ft: 255 corp: 149/1133b lim: 25 exec/s: 0 rss: 41Mb L: 11/24 MS: 1 ShuffleBytes-
#15124	NEW    cov: 12 ft: 257 corp: 150/1149b lim: 25 exec/s: 0 rss: 41Mb L: 16/24 MS: 5 ChangeBit-ShuffleBytes-InsertRepeatedBytes-ChangeBinInt-CMP- DE: "\377\377"-
#15330	NEW    cov: 12 ft: 258 corp: 151/1159b lim: 25 exec/s: 0 rss: 41Mb L: 10/24 MS: 1 ChangeBinInt-
#16509	NEW    cov: 12 ft: 259 corp: 152/1167b lim: 33 exec/s: 0 rss: 42Mb L: 8/24 MS: 4 ChangeByte-EraseBytes-PersAutoDict-CopyPart- DE: "\377\377"-
#16847	REDUCE cov: 12 ft: 259 corp: 152/1166b lim: 33 exec/s: 0 rss: 42Mb L: 5/24 MS: 3 CopyPart-EraseBytes-ChangeByte-
#16949	NEW    cov: 12 ft: 260 corp: 153/1177b lim: 33 exec/s: 0 rss: 42Mb L: 11/24 MS: 2 ShuffleBytes-ChangeBit-
#17256	NEW    cov: 12 ft: 262 corp: 154/1187b lim: 33 exec/s: 0 rss: 42Mb L: 10/24 MS: 2 PersAutoDict-ChangeByte- DE: "\377\377"-
#17334	NEW    cov: 12 ft: 263 corp: 155/1198b lim: 33 exec/s: 0 rss: 42Mb L: 11/24 MS: 3 ShuffleBytes-ChangeBit-CrossOver-
#18246	NEW    cov: 12 ft: 264 corp: 156/1209b lim: 38 exec/s: 0 rss: 42Mb L: 11/24 MS: 2 PersAutoDict-ChangeBinInt- DE: "\377\377"-
#18282	NEW    cov: 12 ft: 265 corp: 157/1221b lim: 38 exec/s: 0 rss: 42Mb L: 12/24 MS: 1 CrossOver-
#18453	NEW    cov: 12 ft: 266 corp: 158/1232b lim: 38 exec/s: 0 rss: 42Mb L: 11/24 MS: 1 ChangeByte-
#18615	NEW    cov: 12 ft: 267 corp: 159/1261b lim: 38 exec/s: 0 rss: 42Mb L: 29/29 MS: 2 ChangeBit-InsertRepeatedBytes-
#19316	REDUCE cov: 12 ft: 267 corp: 159/1257b lim: 43 exec/s: 0 rss: 42Mb L: 8/29 MS: 1 EraseBytes-
#19553	NEW    cov: 12 ft: 269 corp: 160/1263b lim: 43 exec/s: 0 rss: 42Mb L: 6/29 MS: 2 EraseBytes-CrossOver-
#19601	NEW    cov: 15 ft: 279 corp: 161/1267b lim: 43 exec/s: 0 rss: 42Mb L: 4/29 MS: 3 ChangeByte-ShuffleBytes-ShuffleBytes-
#19837	REDUCE cov: 15 ft: 279 corp: 161/1265b lim: 43 exec/s: 0 rss: 42Mb L: 4/29 MS: 1 EraseBytes-
#20090	REDUCE cov: 15 ft: 279 corp: 161/1264b lim: 43 exec/s: 0 rss: 42Mb L: 9/29 MS: 3 PersAutoDict-InsertByte-EraseBytes- DE: "\377\377"-
#20186	REDUCE cov: 15 ft: 279 corp: 161/1260b lim: 43 exec/s: 0 rss: 42Mb L: 25/25 MS: 1 EraseBytes-
#20326	NEW    cov: 15 ft: 282 corp: 162/1298b lim: 43 exec/s: 0 rss: 42Mb L: 38/38 MS: 5 ChangeByte-ChangeBit-CMP-CopyPart-InsertRepeatedBytes- DE: "\000\000"-
#20802	NEW    cov: 15 ft: 283 corp: 163/1309b lim: 43 exec/s: 0 rss: 43Mb L: 11/38 MS: 1 ChangeBit-
#20833	NEW    cov: 15 ft: 284 corp: 164/1320b lim: 43 exec/s: 0 rss: 43Mb L: 11/38 MS: 1 CrossOver-
#22731	NEW    cov: 15 ft: 286 corp: 165/1330b lim: 58 exec/s: 0 rss: 43Mb L: 10/38 MS: 3 CrossOver-CrossOver-InsertByte-
#22942	NEW    cov: 15 ft: 287 corp: 166/1341b lim: 58 exec/s: 0 rss: 43Mb L: 11/38 MS: 1 ChangeBit-
#23018	REDUCE cov: 15 ft: 287 corp: 166/1340b lim: 58 exec/s: 0 rss: 43Mb L: 16/38 MS: 1 EraseBytes-
#23055	NEW    cov: 15 ft: 289 corp: 167/1344b lim: 58 exec/s: 0 rss: 43Mb L: 4/38 MS: 2 ChangeBinInt-CopyPart-
#23091	NEW    cov: 15 ft: 290 corp: 168/1355b lim: 58 exec/s: 0 rss: 43Mb L: 11/38 MS: 1 ChangeBit-
#23402	REDUCE cov: 15 ft: 291 corp: 169/1380b lim: 58 exec/s: 0 rss: 43Mb L: 25/38 MS: 1 PersAutoDict- DE: "\377\377"-
#23448	NEW    cov: 15 ft: 292 corp: 170/1391b lim: 58 exec/s: 0 rss: 43Mb L: 11/38 MS: 1 ChangeBit-
#23905	REDUCE cov: 15 ft: 292 corp: 170/1389b lim: 58 exec/s: 0 rss: 43Mb L: 4/38 MS: 2 ChangeByte-EraseBytes-
#24661	REDUCE cov: 15 ft: 292 corp: 170/1388b lim: 63 exec/s: 0 rss: 43Mb L: 11/38 MS: 1 EraseBytes-
#24922	NEW    cov: 15 ft: 293 corp: 171/1399b lim: 63 exec/s: 0 rss: 43Mb L: 11/38 MS: 1 CrossOver-
#25413	NEW    cov: 15 ft: 294 corp: 172/1410b lim: 63 exec/s: 0 rss: 43Mb L: 11/38 MS: 1 ChangeBinInt-
#25819	REDUCE cov: 15 ft: 294 corp: 172/1408b lim: 63 exec/s: 0 rss: 43Mb L: 9/38 MS: 1 EraseBytes-
#25942	REDUCE cov: 15 ft: 294 corp: 172/1407b lim: 63 exec/s: 0 rss: 43Mb L: 7/38 MS: 3 PersAutoDict-ChangeBit-EraseBytes- DE: "\377\377"-
#26353	NEW    cov: 15 ft: 295 corp: 173/1411b lim: 63 exec/s: 0 rss: 43Mb L: 4/38 MS: 1 ChangeByte-
#26394	NEW    cov: 15 ft: 296 corp: 174/1422b lim: 63 exec/s: 0 rss: 44Mb L: 11/38 MS: 1 ChangeBit-
#26710	NEW    cov: 15 ft: 297 corp: 175/1442b lim: 63 exec/s: 0 rss: 44Mb L: 20/38 MS: 1 InsertRepeatedBytes-
#26786	NEW    cov: 15 ft: 298 corp: 176/1453b lim: 63 exec/s: 0 rss: 44Mb L: 11/38 MS: 1 ShuffleBytes-
#27012	NEW    cov: 15 ft: 299 corp: 177/1457b lim: 63 exec/s: 0 rss: 44Mb L: 4/38 MS: 1 ChangeBit-
#27333	NEW    cov: 15 ft: 300 corp: 178/1468b lim: 63 exec/s: 0 rss: 44Mb L: 11/38 MS: 1 ShuffleBytes-
#27879	NEW    cov: 15 ft: 301 corp: 179/1479b lim: 68 exec/s: 0 rss: 44Mb L: 11/38 MS: 1 ShuffleBytes-
#28058	REDUCE cov: 15 ft: 301 corp: 179/1477b lim: 68 exec/s: 0 rss: 44Mb L: 7/38 MS: 4 PersAutoDict-ChangeByte-EraseBytes-InsertByte- DE: "\377\377"-
#28076	REDUCE cov: 15 ft: 301 corp: 179/1476b lim: 68 exec/s: 0 rss: 44Mb L: 3/38 MS: 3 EraseBytes-PersAutoDict-ChangeByte- DE: "\377\377"-
#28347	NEW    cov: 15 ft: 302 corp: 180/1487b lim: 68 exec/s: 0 rss: 44Mb L: 11/38 MS: 1 ChangeBit-
#28513	NEW    cov: 15 ft: 303 corp: 181/1498b lim: 68 exec/s: 0 rss: 44Mb L: 11/38 MS: 1 ChangeBit-
#28585	REDUCE cov: 15 ft: 303 corp: 181/1494b lim: 68 exec/s: 0 rss: 44Mb L: 21/38 MS: 2 ShuffleBytes-EraseBytes-
#28652	NEW    cov: 15 ft: 304 corp: 182/1498b lim: 68 exec/s: 0 rss: 44Mb L: 4/38 MS: 2 ChangeBit-ChangeBit-
#29263	NEW    cov: 15 ft: 305 corp: 183/1509b lim: 74 exec/s: 0 rss: 44Mb L: 11/38 MS: 1 ChangeBit-
#29690	NEW    cov: 15 ft: 306 corp: 184/1520b lim: 74 exec/s: 0 rss: 44Mb L: 11/38 MS: 2 CopyPart-ShuffleBytes-
#30716	REDUCE cov: 15 ft: 306 corp: 184/1508b lim: 80 exec/s: 0 rss: 45Mb L: 12/38 MS: 1 EraseBytes-
#31222	NEW    cov: 15 ft: 307 corp: 185/1519b lim: 80 exec/s: 0 rss: 45Mb L: 11/38 MS: 1 ShuffleBytes-
#31348	REDUCE cov: 15 ft: 307 corp: 185/1517b lim: 80 exec/s: 0 rss: 45Mb L: 14/38 MS: 1 EraseBytes-
#31774	NEW    cov: 15 ft: 308 corp: 186/1528b lim: 80 exec/s: 0 rss: 45Mb L: 11/38 MS: 1 CopyPart-
#32060	NEW    cov: 16 ft: 311 corp: 187/1532b lim: 80 exec/s: 0 rss: 45Mb L: 4/38 MS: 1 ChangeByte-
#32084	NEW    cov: 16 ft: 312 corp: 188/1543b lim: 80 exec/s: 0 rss: 45Mb L: 11/38 MS: 4 ChangeBinInt-ChangeBit-ShuffleBytes-InsertByte-
#32735	NEW    cov: 16 ft: 313 corp: 189/1554b lim: 86 exec/s: 0 rss: 45Mb L: 11/38 MS: 1 ShuffleBytes-
#32816	NEW    cov: 16 ft: 314 corp: 190/1562b lim: 86 exec/s: 0 rss: 45Mb L: 8/38 MS: 1 ChangeByte-
#32902	NEW    cov: 16 ft: 315 corp: 191/1573b lim: 86 exec/s: 0 rss: 45Mb L: 11/38 MS: 1 ChangeBit-
#32968	NEW    cov: 16 ft: 316 corp: 192/1584b lim: 86 exec/s: 0 rss: 45Mb L: 11/38 MS: 1 ChangeBit-
#33264	NEW    cov: 16 ft: 317 corp: 193/1595b lim: 86 exec/s: 0 rss: 45Mb L: 11/38 MS: 1 ChangeBit-
#33575	NEW    cov: 16 ft: 318 corp: 194/1606b lim: 86 exec/s: 0 rss: 45Mb L: 11/38 MS: 1 ShuffleBytes-
#33612	NEW    cov: 16 ft: 319 corp: 195/1646b lim: 86 exec/s: 0 rss: 45Mb L: 40/40 MS: 2 ShuffleBytes-PersAutoDict- DE: "\000\000"-
#34419	NEW    cov: 16 ft: 320 corp: 196/1657b lim: 92 exec/s: 0 rss: 45Mb L: 11/40 MS: 2 ChangeBit-ShuffleBytes-
#34885	REDUCE cov: 16 ft: 321 corp: 197/1679b lim: 92 exec/s: 0 rss: 45Mb L: 22/40 MS: 1 InsertByte-
#35376	NEW    cov: 16 ft: 322 corp: 198/1690b lim: 92 exec/s: 0 rss: 46Mb L: 11/40 MS: 1 ChangeBit-
#35382	NEW    cov: 16 ft: 323 corp: 199/1701b lim: 92 exec/s: 0 rss: 46Mb L: 11/40 MS: 1 ShuffleBytes-
#35603	REDUCE cov: 16 ft: 323 corp: 199/1691b lim: 92 exec/s: 0 rss: 46Mb L: 30/38 MS: 1 EraseBytes-
#35609	NEW    cov: 16 ft: 324 corp: 200/1702b lim: 92 exec/s: 0 rss: 46Mb L: 11/38 MS: 1 ChangeBinInt-
#35970	NEW    cov: 18 ft: 343 corp: 201/1708b lim: 92 exec/s: 0 rss: 46Mb L: 6/38 MS: 1 CopyPart-
#35981	NEW    cov: 18 ft: 344 corp: 202/1714b lim: 92 exec/s: 0 rss: 46Mb L: 6/38 MS: 1 ChangeBit-
#36022	NEW    cov: 18 ft: 345 corp: 203/1725b lim: 92 exec/s: 0 rss: 46Mb L: 11/38 MS: 1 ChangeBit-
#36208	NEW    cov: 18 ft: 346 corp: 204/1731b lim: 92 exec/s: 0 rss: 46Mb L: 6/38 MS: 1 ChangeASCIIInt-
#36444	NEW    cov: 18 ft: 347 corp: 205/1742b lim: 92 exec/s: 0 rss: 46Mb L: 11/38 MS: 1 ShuffleBytes-
#36842	REDUCE cov: 18 ft: 347 corp: 205/1740b lim: 92 exec/s: 0 rss: 46Mb L: 36/36 MS: 3 ShuffleBytes-ChangeByte-EraseBytes-
#37339	REDUCE cov: 18 ft: 347 corp: 205/1737b lim: 92 exec/s: 0 rss: 46Mb L: 4/36 MS: 2 ChangeBit-EraseBytes-
#37425	NEW    cov: 18 ft: 348 corp: 206/1748b lim: 92 exec/s: 0 rss: 46Mb L: 11/36 MS: 1 ShuffleBytes-
#37741	NEW    cov: 18 ft: 349 corp: 207/1759b lim: 92 exec/s: 0 rss: 46Mb L: 11/36 MS: 1 CrossOver-
#37742	NEW    cov: 18 ft: 350 corp: 208/1770b lim: 92 exec/s: 0 rss: 46Mb L: 11/36 MS: 1 ShuffleBytes-
#37880	NEW    cov: 18 ft: 361 corp: 209/1783b lim: 92 exec/s: 0 rss: 46Mb L: 13/36 MS: 3 ShuffleBytes-CopyPart-CrossOver-
#41591	REDUCE cov: 18 ft: 361 corp: 209/1782b lim: 128 exec/s: 0 rss: 47Mb L: 15/36 MS: 1 EraseBytes-
==2816452== libFuzzer: run interrupted; exiting
stat::number_of_executed_units: 42007
stat::average_exec_per_sec:     608
==2816452== libFuzzer: run interrupted; exiting
stat::new_units_added:          235
stat::slowest_unit_time_sec:    0
stat::peak_rss_mb:              47
stat::number_of_executed_units: 42007
stat::average_exec_per_sec:     608
stat::new_units_added:          235
stat::slowest_unit_time_sec:    0
stat::peak_rss_mb:              47
